Archive member included to satisfy reference by file (symbol)

C:/ST/STM32CubeIDE_1.13.1/STM32CubeIDE/plugins/com.st.stm32cube.ide.mcu.externaltools.gnu-tools-for-stm32.11.3.rel1.win32_1.1.0.202305231506/tools/bin/../lib/gcc/arm-none-eabi/11.3.1/../../../../arm-none-eabi/lib/thumb/v7e-m+fp/hard\libc_nano.a(libc_a-exit.o)
                              C:/ST/STM32CubeIDE_1.13.1/STM32CubeIDE/plugins/com.st.stm32cube.ide.mcu.externaltools.gnu-tools-for-stm32.11.3.rel1.win32_1.1.0.202305231506/tools/bin/../lib/gcc/arm-none-eabi/11.3.1/../../../../arm-none-eabi/lib/thumb/v7e-m+fp/hard/crt0.o (exit)
C:/ST/STM32CubeIDE_1.13.1/STM32CubeIDE/plugins/com.st.stm32cube.ide.mcu.externaltools.gnu-tools-for-stm32.11.3.rel1.win32_1.1.0.202305231506/tools/bin/../lib/gcc/arm-none-eabi/11.3.1/../../../../arm-none-eabi/lib/thumb/v7e-m+fp/hard\libc_nano.a(libc_a-malloc.o)
                              ./Middlewares/USB_Host_Library/usbh_audio.o (malloc)
C:/ST/STM32CubeIDE_1.13.1/STM32CubeIDE/plugins/com.st.stm32cube.ide.mcu.externaltools.gnu-tools-for-stm32.11.3.rel1.win32_1.1.0.202305231506/tools/bin/../lib/gcc/arm-none-eabi/11.3.1/../../../../arm-none-eabi/lib/thumb/v7e-m+fp/hard\libc_nano.a(libc_a-mallocr.o)
                              C:/ST/STM32CubeIDE_1.13.1/STM32CubeIDE/plugins/com.st.stm32cube.ide.mcu.externaltools.gnu-tools-for-stm32.11.3.rel1.win32_1.1.0.202305231506/tools/bin/../lib/gcc/arm-none-eabi/11.3.1/../../../../arm-none-eabi/lib/thumb/v7e-m+fp/hard\libc_nano.a(libc_a-malloc.o) (_malloc_r)
C:/ST/STM32CubeIDE_1.13.1/STM32CubeIDE/plugins/com.st.stm32cube.ide.mcu.externaltools.gnu-tools-for-stm32.11.3.rel1.win32_1.1.0.202305231506/tools/bin/../lib/gcc/arm-none-eabi/11.3.1/../../../../arm-none-eabi/lib/thumb/v7e-m+fp/hard\libc_nano.a(libc_a-mlock.o)
                              C:/ST/STM32CubeIDE_1.13.1/STM32CubeIDE/plugins/com.st.stm32cube.ide.mcu.externaltools.gnu-tools-for-stm32.11.3.rel1.win32_1.1.0.202305231506/tools/bin/../lib/gcc/arm-none-eabi/11.3.1/../../../../arm-none-eabi/lib/thumb/v7e-m+fp/hard\libc_nano.a(libc_a-mallocr.o) (__malloc_lock)
C:/ST/STM32CubeIDE_1.13.1/STM32CubeIDE/plugins/com.st.stm32cube.ide.mcu.externaltools.gnu-tools-for-stm32.11.3.rel1.win32_1.1.0.202305231506/tools/bin/../lib/gcc/arm-none-eabi/11.3.1/../../../../arm-none-eabi/lib/thumb/v7e-m+fp/hard\libc_nano.a(libc_a-findfp.o)
                              C:/ST/STM32CubeIDE_1.13.1/STM32CubeIDE/plugins/com.st.stm32cube.ide.mcu.externaltools.gnu-tools-for-stm32.11.3.rel1.win32_1.1.0.202305231506/tools/bin/../lib/gcc/arm-none-eabi/11.3.1/../../../../arm-none-eabi/lib/thumb/v7e-m+fp/hard\libc_nano.a(libc_a-exit.o) (__stdio_exit_handler)
C:/ST/STM32CubeIDE_1.13.1/STM32CubeIDE/plugins/com.st.stm32cube.ide.mcu.externaltools.gnu-tools-for-stm32.11.3.rel1.win32_1.1.0.202305231506/tools/bin/../lib/gcc/arm-none-eabi/11.3.1/../../../../arm-none-eabi/lib/thumb/v7e-m+fp/hard\libc_nano.a(libc_a-fwalk.o)
                              C:/ST/STM32CubeIDE_1.13.1/STM32CubeIDE/plugins/com.st.stm32cube.ide.mcu.externaltools.gnu-tools-for-stm32.11.3.rel1.win32_1.1.0.202305231506/tools/bin/../lib/gcc/arm-none-eabi/11.3.1/../../../../arm-none-eabi/lib/thumb/v7e-m+fp/hard\libc_nano.a(libc_a-findfp.o) (_fwalk_sglue)
C:/ST/STM32CubeIDE_1.13.1/STM32CubeIDE/plugins/com.st.stm32cube.ide.mcu.externaltools.gnu-tools-for-stm32.11.3.rel1.win32_1.1.0.202305231506/tools/bin/../lib/gcc/arm-none-eabi/11.3.1/../../../../arm-none-eabi/lib/thumb/v7e-m+fp/hard\libc_nano.a(libc_a-stdio.o)
                              C:/ST/STM32CubeIDE_1.13.1/STM32CubeIDE/plugins/com.st.stm32cube.ide.mcu.externaltools.gnu-tools-for-stm32.11.3.rel1.win32_1.1.0.202305231506/tools/bin/../lib/gcc/arm-none-eabi/11.3.1/../../../../arm-none-eabi/lib/thumb/v7e-m+fp/hard\libc_nano.a(libc_a-findfp.o) (__sread)
C:/ST/STM32CubeIDE_1.13.1/STM32CubeIDE/plugins/com.st.stm32cube.ide.mcu.externaltools.gnu-tools-for-stm32.11.3.rel1.win32_1.1.0.202305231506/tools/bin/../lib/gcc/arm-none-eabi/11.3.1/../../../../arm-none-eabi/lib/thumb/v7e-m+fp/hard\libc_nano.a(libc_a-memset.o)
                              C:/ST/STM32CubeIDE_1.13.1/STM32CubeIDE/plugins/com.st.stm32cube.ide.mcu.externaltools.gnu-tools-for-stm32.11.3.rel1.win32_1.1.0.202305231506/tools/bin/../lib/gcc/arm-none-eabi/11.3.1/../../../../arm-none-eabi/lib/thumb/v7e-m+fp/hard/crt0.o (memset)
C:/ST/STM32CubeIDE_1.13.1/STM32CubeIDE/plugins/com.st.stm32cube.ide.mcu.externaltools.gnu-tools-for-stm32.11.3.rel1.win32_1.1.0.202305231506/tools/bin/../lib/gcc/arm-none-eabi/11.3.1/../../../../arm-none-eabi/lib/thumb/v7e-m+fp/hard\libc_nano.a(libc_a-closer.o)
                              C:/ST/STM32CubeIDE_1.13.1/STM32CubeIDE/plugins/com.st.stm32cube.ide.mcu.externaltools.gnu-tools-for-stm32.11.3.rel1.win32_1.1.0.202305231506/tools/bin/../lib/gcc/arm-none-eabi/11.3.1/../../../../arm-none-eabi/lib/thumb/v7e-m+fp/hard\libc_nano.a(libc_a-stdio.o) (_close_r)
[...]
Memory Configuration

Name             Origin             Length             Attributes
RAM              0x0000000020000000 0x0000000000050000 xrw
RAM2             0x0000000010000000 0x0000000000010000 xrw
FLASH            0x0000000008000000 0x0000000000100000 xr
*default*        0x0000000000000000 0xffffffffffffffff

Linker script and memory map

LOAD C:/ST/STM32CubeIDE_1.13.1/STM32CubeIDE/plugins/com.st.stm32cube.ide.mcu.externaltools.gnu-tools-for-stm32.11.3.rel1.win32_1.1.0.202305231506/tools/bin/../lib/gcc/arm-none-eabi/11.3.1/thumb/v7e-m+fp/hard/crti.o
LOAD C:/ST/STM32CubeIDE_1.13.1/STM32CubeIDE/plugins/com.st.stm32cube.ide.mcu.externaltools.gnu-tools-for-stm32.11.3.rel1.win32_1.1.0.202305231506/tools/bin/../lib/gcc/arm-none-eabi/11.3.1/thumb/v7e-m+fp/hard/crtbegin.o
LOAD C:/ST/STM32CubeIDE_1.13.1/STM32CubeIDE/plugins/com.st.stm32cube.ide.mcu.externaltools.gnu-tools-for-stm32.11.3.rel1.win32_1.1.0.202305231506/tools/bin/../lib/gcc/arm-none-eabi/11.3.1/../../../../arm-none-eabi/lib/thumb/v7e-m+fp/hard/crt0.o
LOAD ./Core/Src/main.o
LOAD ./Core/Src/stm32l4xx_hal_msp.o
LOAD ./Core/Src/stm32l4xx_it.o
LOAD ./Core/Src/syscalls.o
LOAD ./Core/Src/sysmem.o
LOAD ./Core/Src/system_stm32l4xx.o
LOAD ./Core/Startup/startup_stm32l496zgtxp.o
LOAD ./Drivers/STM32L4xx_HAL_Driver/stm32l4xx_hal.o
LOAD ./Drivers/STM32L4xx_HAL_Driver/stm32l4xx_hal_cortex.o
LOAD ./Drivers/STM32L4xx_HAL_Driver/stm32l4xx_hal_dma.o
LOAD ./Drivers/STM32L4xx_HAL_Driver/stm32l4xx_hal_dma_ex.o
LOAD ./Drivers/STM32L4xx_HAL_Driver/stm32l4xx_hal_exti.o
LOAD ./Drivers/STM32L4xx_HAL_Driver/stm32l4xx_hal_flash.o
LOAD ./Drivers/STM32L4xx_HAL_Driver/stm32l4xx_hal_flash_ex.o
LOAD ./Drivers/STM32L4xx_HAL_Driver/stm32l4xx_hal_flash_ramfunc.o
LOAD ./Drivers/STM32L4xx_HAL_Driver/stm32l4xx_hal_gpio.o
LOAD ./Drivers/STM32L4xx_HAL_Driver/stm32l4xx_hal_hcd.o
LOAD ./Drivers/STM32L4xx_HAL_Driver/stm32l4xx_hal_pwr.o
LOAD ./Drivers/STM32L4xx_HAL_Driver/stm32l4xx_hal_pwr_ex.o
LOAD ./Drivers/STM32L4xx_HAL_Driver/stm32l4xx_hal_rcc.o
LOAD ./Drivers/STM32L4xx_HAL_Driver/stm32l4xx_hal_rcc_ex.o
LOAD ./Drivers/STM32L4xx_HAL_Driver/stm32l4xx_hal_spi.o
LOAD ./Drivers/STM32L4xx_HAL_Driver/stm32l4xx_hal_spi_ex.o
LOAD ./Drivers/STM32L4xx_HAL_Driver/stm32l4xx_hal_tim.o
LOAD ./Drivers/STM32L4xx_HAL_Driver/stm32l4xx_hal_tim_ex.o
LOAD ./Drivers/STM32L4xx_HAL_Driver/stm32l4xx_hal_uart.o
LOAD ./Drivers/STM32L4xx_HAL_Driver/stm32l4xx_hal_uart_ex.o
LOAD ./Drivers/STM32L4xx_HAL_Driver/stm32l4xx_ll_usb.o
LOAD ./Middlewares/USB_Host_Library/usbh_audio.o
LOAD ./Middlewares/USB_Host_Library/usbh_core.o
LOAD ./Middlewares/USB_Host_Library/usbh_ctlreq.o
LOAD ./Middlewares/USB_Host_Library/usbh_ioreq.o
LOAD ./Middlewares/USB_Host_Library/usbh_pipes.o
LOAD ./USB_HOST/App/usb_host.o
LOAD ./USB_HOST/Target/usbh_conf.o
LOAD ./USB_HOST/Target/usbh_platform.o
START GROUP
LOAD C:/ST/STM32CubeIDE_1.13.1/STM32CubeIDE/plugins/com.st.stm32cube.ide.mcu.externaltools.gnu-tools-for-stm32.11.3.rel1.win32_1.1.0.202305231506/tools/bin/../lib/gcc/arm-none-eabi/11.3.1/../../../../arm-none-eabi/lib/thumb/v7e-m+fp/hard\libc_nano.a
LOAD C:/ST/STM32CubeIDE_1.13.1/STM32CubeIDE/plugins/com.st.stm32cube.ide.mcu.externaltools.gnu-tools-for-stm32.11.3.rel1.win32_1.1.0.202305231506/tools/bin/../lib/gcc/arm-none-eabi/11.3.1/../../../../arm-none-eabi/lib/thumb/v7e-m+fp/hard\libm.a
END GROUP
START GROUP
LOAD C:/ST/STM32CubeIDE_1.13.1/STM32CubeIDE/plugins/com.st.stm32cube.ide.mcu.externaltools.gnu-tools-for-stm32.11.3.rel1.win32_1.1.0.202305231506/tools/bin/../lib/gcc/arm-none-eabi/11.3.1/thumb/v7e-m+fp/hard\libgcc.a
LOAD C:/ST/STM32CubeIDE_1.13.1/STM32CubeIDE/plugins/com.st.stm32cube.ide.mcu.externaltools.gnu-tools-for-stm32.11.3.rel1.win32_1.1.0.202305231506/tools/bin/../lib/gcc/arm-none-eabi/11.3.1/../../../../arm-none-eabi/lib/thumb/v7e-m+fp/hard\libc_nano.a
END GROUP
START GROUP
LOAD C:/ST/STM32CubeIDE_1.13.1/STM32CubeIDE/plugins/com.st.stm32cube.ide.mcu.externaltools.gnu-tools-for-stm32.11.3.rel1.win32_1.1.0.202305231506/tools/bin/../lib/gcc/arm-none-eabi/11.3.1/thumb/v7e-m+fp/hard\libgcc.a
LOAD C:/ST/STM32CubeIDE_1.13.1/STM32CubeIDE/plugins/com.st.stm32cube.ide.mcu.externaltools.gnu-tools-for-stm32.11.3.rel1.win32_1.1.0.202305231506/tools/bin/../lib/gcc/arm-none-eabi/11.3.1/../../../../arm-none-eabi/lib/thumb/v7e-m+fp/hard\libc_nano.a
LOAD C:/ST/STM32CubeIDE_1.13.1/STM32CubeIDE/plugins/com.st.stm32cube.ide.mcu.externaltools.gnu-tools-for-stm32.11.3.rel1.win32_1.1.0.202305231506/tools/bin/../lib/gcc/arm-none-eabi/11.3.1/../../../../arm-none-eabi/lib/thumb/v7e-m+fp/hard\libnosys.a
END GROUP
START GROUP
LOAD C:/ST/STM32CubeIDE_1.13.1/STM32CubeIDE/plugins/com.st.stm32cube.ide.mcu.externaltools.gnu-tools-for-stm32.11.3.rel1.win32_1.1.0.202305231506/tools/bin/../lib/gcc/arm-none-eabi/11.3.1/thumb/v7e-m+fp/hard\libgcc.a
LOAD C:/ST/STM32CubeIDE_1.13.1/STM32CubeIDE/plugins/com.st.stm32cube.ide.mcu.externaltools.gnu-tools-for-stm32.11.3.rel1.win32_1.1.0.202305231506/tools/bin/../lib/gcc/arm-none-eabi/11.3.1/../../../../arm-none-eabi/lib/thumb/v7e-m+fp/hard\libc_nano.a
LOAD C:/ST/STM32CubeIDE_1.13.1/STM32CubeIDE/plugins/com.st.stm32cube.ide.mcu.externaltools.gnu-tools-for-stm32.11.3.rel1.win32_1.1.0.202305231506/tools/bin/../lib/gcc/arm-none-eabi/11.3.1/../../../../arm-none-eabi/lib/thumb/v7e-m+fp/hard\libnosys.a
END GROUP
LOAD C:/ST/STM32CubeIDE_1.13.1/STM32CubeIDE/plugins/com.st.stm32cube.ide.mcu.externaltools.gnu-tools-for-stm32.11.3.rel1.win32_1.1.0.202305231506/tools/bin/../lib/gcc/arm-none-eabi/11.3.1/thumb/v7e-m+fp/hard/crtend.o
LOAD C:/ST/STM32CubeIDE_1.13.1/STM32CubeIDE/plugins/com.st.stm32cube.ide.mcu.externaltools.gnu-tools-for-stm32.11.3.rel1.win32_1.1.0.202305231506/tools/bin/../lib/gcc/arm-none-eabi/11.3.1/thumb/v7e-m+fp/hard/crtn.o
                0x0000000020050000                _estack = (ORIGIN (RAM) + LENGTH (RAM))
                0x0000000000000200                _Min_Heap_Size = 0x200
                0x0000000000000400                _Min_Stack_Size = 0x400

.isr_vector     0x0000000008000000      0x1ac
                0x0000000008000000                . = ALIGN (0x4)
 *(.isr_vector)
 .isr_vector    0x0000000008000000      0x1ac ./Core/Startup/startup_stm32l496zgtxp.o
                0x0000000008000000                g_pfnVectors
                0x00000000080001ac                . = ALIGN (0x4)

.text           0x00000000080001ac     0xa2bc
                0x00000000080001ac                . = ALIGN (0x4)
 *(.text)
 .text          0x00000000080001ac       0x40 C:/ST/STM32CubeIDE_1.13.1/STM32CubeIDE/plugins/com.st.stm32cube.ide.mcu.externaltools.gnu-tools-for-stm32.11.3.rel1.win32_1.1.0.202305231506/tools/bin/../lib/gcc/arm-none-eabi/11.3.1/thumb/v7e-m+fp/hard/crtbegin.o
 .text          0x00000000080001ec       0x30 C:/ST/STM32CubeIDE_1.13.1/STM32CubeIDE/plugins/com.st.stm32cube.ide.mcu.externaltools.gnu-tools-for-stm32.11.3.rel1.win32_1.1.0.202305231506/tools/bin/../lib/gcc/arm-none-eabi/11.3.1/thumb/v7e-m+fp/hard\libgcc.a(_aeabi_uldivmod.o)
                0x00000000080001ec                __aeabi_uldivmod
 .text          0x000000000800021c      0x2c8 C:/ST/STM32CubeIDE_1.13.1/STM32CubeIDE/plugins/com.st.stm32cube.ide.mcu.externaltools.gnu-tools-for-stm32.11.3.rel1.win32_1.1.0.202305231506/tools/bin/../lib/gcc/arm-none-eabi/11.3.1/thumb/v7e-m+fp/hard\libgcc.a(_udivmoddi4.o)
                0x000000000800021c                __udivmoddi4
 .text          0x00000000080004e4        0x4 C:/ST/STM32CubeIDE_1.13.1/STM32CubeIDE/plugins/com.st.stm32cube.ide.mcu.externaltools.gnu-tools-for-stm32.11.3.rel1.win32_1.1.0.202305231506/tools/bin/../lib/gcc/arm-none-eabi/11.3.1/thumb/v7e-m+fp/hard\libgcc.a(_dvmd_tls.o)
                0x00000000080004e4                __aeabi_idiv0
                0x00000000080004e4                __aeabi_ldiv0
 *(.text*)
 .text.main     0x00000000080004e8       0x50 ./Core/Src/main.o
                0x00000000080004e8                main
 .text.SystemClock_Config
                0x0000000008000538       0xc8 ./Core/Src/main.o
                0x0000000008000538                SystemClock_Config
 .text.MX_LPUART1_UART_Init
                0x0000000008000600       0x5c ./Core/Src/main.o
 .text.MX_USART1_UART_Init
                0x000000000800065c       0x60 ./Core/Src/main.o
 .text.MX_SPI1_Init
                0x00000000080006bc       0x7c ./Core/Src/main.o
 .text.MX_TIM17_Init
                0x0000000008000738       0x4c ./Core/Src/main.o
 .text.MX_GPIO_Init
                0x0000000008000784      0x144 ./Core/Src/main.o
 .text.Error_Handler
                0x00000000080008c8        0xa ./Core/Src/main.o
                0x00000000080008c8                Error_Handler
 *fill*         0x00000000080008d2        0x2 
 .text.HAL_MspInit
                0x00000000080008d4       0x48 ./Core/Src/stm32l4xx_hal_msp.o
                0x00000000080008d4                HAL_MspInit
 .text.HAL_UART_MspInit
                0x000000000800091c      0x14c ./Core/Src/stm32l4xx_hal_msp.o
                0x000000000800091c                HAL_UART_MspInit
 .text.HAL_SPI_MspInit
                0x0000000008000a68       0x94 ./Core/Src/stm32l4xx_hal_msp.o
                0x0000000008000a68                HAL_SPI_MspInit
 .text.HAL_TIM_Base_MspInit
                0x0000000008000afc       0x40 ./Core/Src/stm32l4xx_hal_msp.o
                0x0000000008000afc                HAL_TIM_Base_MspInit
 .text.NMI_Handler
                0x0000000008000b3c        0x6 ./Core/Src/stm32l4xx_it.o
                0x0000000008000b3c                NMI_Handler
 .text.HardFault_Handler
                0x0000000008000b42        0x6 ./Core/Src/stm32l4xx_it.o
                0x0000000008000b42                HardFault_Handler
 .text.MemManage_Handler
                0x0000000008000b48        0x6 ./Core/Src/stm32l4xx_it.o
                0x0000000008000b48                MemManage_Handler
 .text.BusFault_Handler
                0x0000000008000b4e        0x6 ./Core/Src/stm32l4xx_it.o
                0x0000000008000b4e                BusFault_Handler
 .text.UsageFault_Handler
                0x0000000008000b54        0x6 ./Core/Src/stm32l4xx_it.o
                0x0000000008000b54                UsageFault_Handler
 .text.SVC_Handler
                0x0000000008000b5a        0xe ./Core/Src/stm32l4xx_it.o
                0x0000000008000b5a                SVC_Handler
 .text.DebugMon_Handler
                0x0000000008000b68        0xe ./Core/Src/stm32l4xx_it.o
                0x0000000008000b68                DebugMon_Handler
 .text.PendSV_Handler
                0x0000000008000b76        0xe ./Core/Src/stm32l4xx_it.o
                0x0000000008000b76                PendSV_Handler
 .text.SysTick_Handler
                0x0000000008000b84        0xc ./Core/Src/stm32l4xx_it.o
                0x0000000008000b84                SysTick_Handler
 .text.SPI1_IRQHandler
                0x0000000008000b90       0x14 ./Core/Src/stm32l4xx_it.o
                0x0000000008000b90                SPI1_IRQHandler
 .text.EXTI15_10_IRQHandler
                0x0000000008000ba4       0x20 ./Core/Src/stm32l4xx_it.o
                0x0000000008000ba4                EXTI15_10_IRQHandler
 .text.OTG_FS_IRQHandler
                0x0000000008000bc4       0x14 ./Core/Src/stm32l4xx_it.o
                0x0000000008000bc4                OTG_FS_IRQHandler
 .text._sbrk    0x0000000008000bd8       0x6c ./Core/Src/sysmem.o
                0x0000000008000bd8                _sbrk
 .text.SystemInit
                0x0000000008000c44       0x24 ./Core/Src/system_stm32l4xx.o
                0x0000000008000c44                SystemInit
 .text.Reset_Handler
                0x0000000008000c68       0x50 ./Core/Startup/startup_stm32l496zgtxp.o
                0x0000000008000c68                Reset_Handler
 .text.Default_Handler
                0x0000000008000cb8        0x2 ./Core/Startup/startup_stm32l496zgtxp.o
                0x0000000008000cb8                RTC_Alarm_IRQHandler
                0x0000000008000cb8                EXTI2_IRQHandler
                0x0000000008000cb8                TIM8_TRG_COM_IRQHandler
                0x0000000008000cb8                TIM8_CC_IRQHandler
                0x0000000008000cb8                TIM1_CC_IRQHandler
                0x0000000008000cb8                TSC_IRQHandler
                0x0000000008000cb8                TAMP_STAMP_IRQHandler
                0x0000000008000cb8                CAN2_RX1_IRQHandler
                0x0000000008000cb8                EXTI3_IRQHandler
                0x0000000008000cb8                LPTIM2_IRQHandler
                0x0000000008000cb8                DFSDM1_FLT1_IRQHandler
                0x0000000008000cb8                I2C3_ER_IRQHandler
                0x0000000008000cb8                DFSDM1_FLT2_IRQHandler
                0x0000000008000cb8                EXTI0_IRQHandler
                0x0000000008000cb8                I2C2_EV_IRQHandler
                0x0000000008000cb8                CAN1_RX0_IRQHandler
                0x0000000008000cb8                FPU_IRQHandler
                0x0000000008000cb8                TIM1_UP_TIM16_IRQHandler
                0x0000000008000cb8                CAN2_SCE_IRQHandler
                0x0000000008000cb8                ADC1_2_IRQHandler
                0x0000000008000cb8                TIM6_DAC_IRQHandler
                0x0000000008000cb8                DCMI_IRQHandler
                0x0000000008000cb8                CAN2_RX0_IRQHandler
                0x0000000008000cb8                TIM8_UP_IRQHandler
                0x0000000008000cb8                DMA2_Channel2_IRQHandler
                0x0000000008000cb8                DMA1_Channel4_IRQHandler
                0x0000000008000cb8                SAI2_IRQHandler
                0x0000000008000cb8                DFSDM1_FLT3_IRQHandler
                0x0000000008000cb8                USART3_IRQHandler
                0x0000000008000cb8                DMA1_Channel7_IRQHandler
                0x0000000008000cb8                CAN1_RX1_IRQHandler
                0x0000000008000cb8                LCD_IRQHandler
                0x0000000008000cb8                UART5_IRQHandler
                0x0000000008000cb8                ADC3_IRQHandler
                0x0000000008000cb8                TIM4_IRQHandler
                0x0000000008000cb8                DMA2_Channel1_IRQHandler
                0x0000000008000cb8                QUADSPI_IRQHandler
                0x0000000008000cb8                I2C1_EV_IRQHandler
                0x0000000008000cb8                DMA1_Channel6_IRQHandler
                0x0000000008000cb8                UART4_IRQHandler
                0x0000000008000cb8                DMA2_Channel4_IRQHandler
                0x0000000008000cb8                TIM3_IRQHandler
                0x0000000008000cb8                RCC_IRQHandler
                0x0000000008000cb8                DMA1_Channel1_IRQHandler
                0x0000000008000cb8                Default_Handler
                0x0000000008000cb8                DMA2_Channel7_IRQHandler
                0x0000000008000cb8                TIM7_IRQHandler
                0x0000000008000cb8                SDMMC1_IRQHandler
                0x0000000008000cb8                CAN2_TX_IRQHandler
                0x0000000008000cb8                TIM5_IRQHandler
                0x0000000008000cb8                I2C3_EV_IRQHandler
                0x0000000008000cb8                EXTI9_5_IRQHandler
                0x0000000008000cb8                RTC_WKUP_IRQHandler
                0x0000000008000cb8                PVD_PVM_IRQHandler
                0x0000000008000cb8                SPI2_IRQHandler
                0x0000000008000cb8                CAN1_TX_IRQHandler
                0x0000000008000cb8                DMA2_Channel5_IRQHandler
                0x0000000008000cb8                CRS_IRQHandler
                0x0000000008000cb8                DMA1_Channel5_IRQHandler
                0x0000000008000cb8                EXTI4_IRQHandler
                0x0000000008000cb8                RNG_IRQHandler
                0x0000000008000cb8                TIM1_TRG_COM_TIM17_IRQHandler
                0x0000000008000cb8                DMA1_Channel3_IRQHandler
                0x0000000008000cb8                COMP_IRQHandler
                0x0000000008000cb8                WWDG_IRQHandler
                0x0000000008000cb8                I2C4_EV_IRQHandler
                0x0000000008000cb8                LPUART1_IRQHandler
                0x0000000008000cb8                DMA2_Channel6_IRQHandler
                0x0000000008000cb8                TIM2_IRQHandler
                0x0000000008000cb8                EXTI1_IRQHandler
                0x0000000008000cb8                USART2_IRQHandler
                0x0000000008000cb8                DFSDM1_FLT0_IRQHandler
                0x0000000008000cb8                I2C2_ER_IRQHandler
                0x0000000008000cb8                DMA1_Channel2_IRQHandler
                0x0000000008000cb8                TIM8_BRK_IRQHandler
                0x0000000008000cb8                CAN1_SCE_IRQHandler
                0x0000000008000cb8                FLASH_IRQHandler
                0x0000000008000cb8                USART1_IRQHandler
                0x0000000008000cb8                SPI3_IRQHandler
                0x0000000008000cb8                I2C1_ER_IRQHandler
                0x0000000008000cb8                FMC_IRQHandler
                0x0000000008000cb8                SWPMI1_IRQHandler
                0x0000000008000cb8                LPTIM1_IRQHandler
                0x0000000008000cb8                I2C4_ER_IRQHandler
                0x0000000008000cb8                SAI1_IRQHandler
                0x0000000008000cb8                DMA2_Channel3_IRQHandler
                0x0000000008000cb8                TIM1_BRK_TIM15_IRQHandler
 .text.HAL_Init
                0x0000000008000cba       0x30 ./Drivers/STM32L4xx_HAL_Driver/stm32l4xx_hal.o
                0x0000000008000cba                HAL_Init
 *fill*         0x0000000008000cea        0x2 
 .text.HAL_InitTick
                0x0000000008000cec       0x78 ./Drivers/STM32L4xx_HAL_Driver/stm32l4xx_hal.o
                0x0000000008000cec                HAL_InitTick
 .text.HAL_IncTick
                0x0000000008000d64       0x28 ./Drivers/STM32L4xx_HAL_Driver/stm32l4xx_hal.o
                0x0000000008000d64                HAL_IncTick
 .text.HAL_GetTick
                0x0000000008000d8c       0x18 ./Drivers/STM32L4xx_HAL_Driver/stm32l4xx_hal.o
                0x0000000008000d8c                HAL_GetTick
 .text.HAL_Delay
                0x0000000008000da4       0x48 ./Drivers/STM32L4xx_HAL_Driver/stm32l4xx_hal.o
                0x0000000008000da4                HAL_Delay
 .text.__NVIC_SetPriorityGrouping
                0x0000000008000dec       0x48 ./Drivers/STM32L4xx_HAL_Driver/stm32l4xx_hal_cortex.o
 .text.__NVIC_GetPriorityGrouping
                0x0000000008000e34       0x1c ./Drivers/STM32L4xx_HAL_Driver/stm32l4xx_hal_cortex.o
 .text.__NVIC_EnableIRQ
                0x0000000008000e50       0x3c ./Drivers/STM32L4xx_HAL_Driver/stm32l4xx_hal_cortex.o
 .text.__NVIC_SetPriority
                0x0000000008000e8c       0x54 ./Drivers/STM32L4xx_HAL_Driver/stm32l4xx_hal_cortex.o
 .text.NVIC_EncodePriority
                0x0000000008000ee0       0x66 ./Drivers/STM32L4xx_HAL_Driver/stm32l4xx_hal_cortex.o
 *fill*         0x0000000008000f46        0x2 
 .text.SysTick_Config
                0x0000000008000f48       0x44 ./Drivers/STM32L4xx_HAL_Driver/stm32l4xx_hal_cortex.o
 .text.HAL_NVIC_SetPriorityGrouping
                0x0000000008000f8c       0x16 ./Drivers/STM32L4xx_HAL_Driver/stm32l4xx_hal_cortex.o
                0x0000000008000f8c                HAL_NVIC_SetPriorityGrouping
 .text.HAL_NVIC_SetPriority
                0x0000000008000fa2       0x38 ./Drivers/STM32L4xx_HAL_Driver/stm32l4xx_hal_cortex.o
                0x0000000008000fa2                HAL_NVIC_SetPriority
 .text.HAL_NVIC_EnableIRQ
                0x0000000008000fda       0x1c ./Drivers/STM32L4xx_HAL_Driver/stm32l4xx_hal_cortex.o
                0x0000000008000fda                HAL_NVIC_EnableIRQ
 .text.HAL_SYSTICK_Config
                0x0000000008000ff6       0x18 ./Drivers/STM32L4xx_HAL_Driver/stm32l4xx_hal_cortex.o
                0x0000000008000ff6                HAL_SYSTICK_Config
 .text.HAL_DMA_Abort_IT
                0x000000000800100e       0x82 ./Drivers/STM32L4xx_HAL_Driver/stm32l4xx_hal_dma.o
                0x000000000800100e                HAL_DMA_Abort_IT
 .text.HAL_GPIO_Init
                0x0000000008001090      0x324 ./Drivers/STM32L4xx_HAL_Driver/stm32l4xx_hal_gpio.o
                0x0000000008001090                HAL_GPIO_Init
 .text.HAL_GPIO_WritePin
                0x00000000080013b4       0x30 ./Drivers/STM32L4xx_HAL_Driver/stm32l4xx_hal_gpio.o
                0x00000000080013b4                HAL_GPIO_WritePin
 .text.HAL_GPIO_TogglePin
                0x00000000080013e4       0x34 ./Drivers/STM32L4xx_HAL_Driver/stm32l4xx_hal_gpio.o
                0x00000000080013e4                HAL_GPIO_TogglePin
 .text.HAL_GPIO_EXTI_IRQHandler
                0x0000000008001418       0x30 ./Drivers/STM32L4xx_HAL_Driver/stm32l4xx_hal_gpio.o
                0x0000000008001418                HAL_GPIO_EXTI_IRQHandler
 .text.HAL_GPIO_EXTI_Callback
                0x0000000008001448       0x16 ./Drivers/STM32L4xx_HAL_Driver/stm32l4xx_hal_gpio.o
                0x0000000008001448                HAL_GPIO_EXTI_Callback
 .text.HAL_HCD_Init
                0x000000000800145e       0xc4 ./Drivers/STM32L4xx_HAL_Driver/stm32l4xx_hal_hcd.o
                0x000000000800145e                HAL_HCD_Init
 .text.HAL_HCD_HC_Init
                0x0000000008001522      0x144 ./Drivers/STM32L4xx_HAL_Driver/stm32l4xx_hal_hcd.o
                0x0000000008001522                HAL_HCD_HC_Init
 .text.HAL_HCD_HC_Halt
                0x0000000008001666       0x46 ./Drivers/STM32L4xx_HAL_Driver/stm32l4xx_hal_hcd.o
                0x0000000008001666                HAL_HCD_HC_Halt
 .text.HAL_HCD_HC_SubmitRequest
                0x00000000080016ac      0x2dc ./Drivers/STM32L4xx_HAL_Driver/stm32l4xx_hal_hcd.o
                0x00000000080016ac                HAL_HCD_HC_SubmitRequest
 .text.HAL_HCD_IRQHandler
                0x0000000008001988      0x21e ./Drivers/STM32L4xx_HAL_Driver/stm32l4xx_hal_hcd.o
                0x0000000008001988                HAL_HCD_IRQHandler
 .text.HAL_HCD_Start
                0x0000000008001ba6       0x46 ./Drivers/STM32L4xx_HAL_Driver/stm32l4xx_hal_hcd.o
                0x0000000008001ba6                HAL_HCD_Start
 .text.HAL_HCD_Stop
                0x0000000008001bec       0x3a ./Drivers/STM32L4xx_HAL_Driver/stm32l4xx_hal_hcd.o
                0x0000000008001bec                HAL_HCD_Stop
 .text.HAL_HCD_ResetPort
                0x0000000008001c26       0x1c ./Drivers/STM32L4xx_HAL_Driver/stm32l4xx_hal_hcd.o
                0x0000000008001c26                HAL_HCD_ResetPort
 .text.HAL_HCD_HC_GetURBState
                0x0000000008001c42       0x2a ./Drivers/STM32L4xx_HAL_Driver/stm32l4xx_hal_hcd.o
                0x0000000008001c42                HAL_HCD_HC_GetURBState
 .text.HAL_HCD_GetCurrentFrame
                0x0000000008001c6c       0x1c ./Drivers/STM32L4xx_HAL_Driver/stm32l4xx_hal_hcd.o
                0x0000000008001c6c                HAL_HCD_GetCurrentFrame
 .text.HAL_HCD_GetCurrentSpeed
                0x0000000008001c88       0x1c ./Drivers/STM32L4xx_HAL_Driver/stm32l4xx_hal_hcd.o
                0x0000000008001c88                HAL_HCD_GetCurrentSpeed
 .text.HAL_HCD_HC_ClearHubInfo
                0x0000000008001ca4       0x42 ./Drivers/STM32L4xx_HAL_Driver/stm32l4xx_hal_hcd.o
                0x0000000008001ca4                HAL_HCD_HC_ClearHubInfo
 .text.HCD_HC_IN_IRQHandler
                0x0000000008001ce6      0x876 ./Drivers/STM32L4xx_HAL_Driver/stm32l4xx_hal_hcd.o
 .text.HCD_HC_OUT_IRQHandler
                0x000000000800255c      0x5ac ./Drivers/STM32L4xx_HAL_Driver/stm32l4xx_hal_hcd.o
 .text.HCD_RXQLVL_IRQHandler
                0x0000000008002b08      0x1be ./Drivers/STM32L4xx_HAL_Driver/stm32l4xx_hal_hcd.o
 .text.HCD_Port_IRQHandler
                0x0000000008002cc6       0xe6 ./Drivers/STM32L4xx_HAL_Driver/stm32l4xx_hal_hcd.o
 .text.HAL_PWR_EnableBkUpAccess
                0x0000000008002dac       0x20 ./Drivers/STM32L4xx_HAL_Driver/stm32l4xx_hal_pwr.o
                0x0000000008002dac                HAL_PWR_EnableBkUpAccess
 .text.HAL_PWREx_GetVoltageRange
                0x0000000008002dcc       0x1c ./Drivers/STM32L4xx_HAL_Driver/stm32l4xx_hal_pwr_ex.o
                0x0000000008002dcc                HAL_PWREx_GetVoltageRange
 .text.HAL_PWREx_ControlVoltageScaling
                0x0000000008002de8       0xac ./Drivers/STM32L4xx_HAL_Driver/stm32l4xx_hal_pwr_ex.o
                0x0000000008002de8                HAL_PWREx_ControlVoltageScaling
 .text.HAL_PWREx_EnableVddUSB
                0x0000000008002e94       0x20 ./Drivers/STM32L4xx_HAL_Driver/stm32l4xx_hal_pwr_ex.o
                0x0000000008002e94                HAL_PWREx_EnableVddUSB
 .text.HAL_PWREx_EnableVddIO2
                0x0000000008002eb4       0x20 ./Drivers/STM32L4xx_HAL_Driver/stm32l4xx_hal_pwr_ex.o
                0x0000000008002eb4                HAL_PWREx_EnableVddIO2
 .text.HAL_RCC_OscConfig
                0x0000000008002ed4      0x834 ./Drivers/STM32L4xx_HAL_Driver/stm32l4xx_hal_rcc.o
                0x0000000008002ed4                HAL_RCC_OscConfig
 .text.HAL_RCC_ClockConfig
                0x0000000008003708      0x200 ./Drivers/STM32L4xx_HAL_Driver/stm32l4xx_hal_rcc.o
                0x0000000008003708                HAL_RCC_ClockConfig
 .text.HAL_RCC_GetSysClockFreq
                0x0000000008003908      0x118 ./Drivers/STM32L4xx_HAL_Driver/stm32l4xx_hal_rcc.o
                0x0000000008003908                HAL_RCC_GetSysClockFreq
 .text.HAL_RCC_GetHCLKFreq
                0x0000000008003a20       0x18 ./Drivers/STM32L4xx_HAL_Driver/stm32l4xx_hal_rcc.o
                0x0000000008003a20                HAL_RCC_GetHCLKFreq
 .text.HAL_RCC_GetPCLK1Freq
                0x0000000008003a38       0x2c ./Drivers/STM32L4xx_HAL_Driver/stm32l4xx_hal_rcc.o
                0x0000000008003a38                HAL_RCC_GetPCLK1Freq
 .text.HAL_RCC_GetPCLK2Freq
                0x0000000008003a64       0x2c ./Drivers/STM32L4xx_HAL_Driver/stm32l4xx_hal_rcc.o
                0x0000000008003a64                HAL_RCC_GetPCLK2Freq
 .text.RCC_SetFlashLatencyFromMSIRange
                0x0000000008003a90       0xc0 ./Drivers/STM32L4xx_HAL_Driver/stm32l4xx_hal_rcc.o
 .text.HAL_RCCEx_PeriphCLKConfig
                0x0000000008003b50      0x5f8 ./Drivers/STM32L4xx_HAL_Driver/stm32l4xx_hal_rcc_ex.o
                0x0000000008003b50                HAL_RCCEx_PeriphCLKConfig
 .text.HAL_RCCEx_EnableMSIPLLMode
                0x0000000008004148       0x20 ./Drivers/STM32L4xx_HAL_Driver/stm32l4xx_hal_rcc_ex.o
                0x0000000008004148                HAL_RCCEx_EnableMSIPLLMode
 .text.RCCEx_PLLSAI1_Config
                0x0000000008004168      0x1e4 ./Drivers/STM32L4xx_HAL_Driver/stm32l4xx_hal_rcc_ex.o
 .text.RCCEx_PLLSAI2_Config
                0x000000000800434c      0x1b8 ./Drivers/STM32L4xx_HAL_Driver/stm32l4xx_hal_rcc_ex.o
 .text.HAL_SPI_Init
                0x0000000008004504      0x146 ./Drivers/STM32L4xx_HAL_Driver/stm32l4xx_hal_spi.o
                0x0000000008004504                HAL_SPI_Init
 *fill*         0x000000000800464a        0x2 
 .text.HAL_SPI_IRQHandler
                0x000000000800464c      0x1e8 ./Drivers/STM32L4xx_HAL_Driver/stm32l4xx_hal_spi.o
                0x000000000800464c                HAL_SPI_IRQHandler
 .text.HAL_SPI_ErrorCallback
                0x0000000008004834       0x14 ./Drivers/STM32L4xx_HAL_Driver/stm32l4xx_hal_spi.o
                0x0000000008004834                HAL_SPI_ErrorCallback
 .text.SPI_DMAAbortOnError
                0x0000000008004848       0x2a ./Drivers/STM32L4xx_HAL_Driver/stm32l4xx_hal_spi.o
 .text.HAL_TIM_Base_Init
                0x0000000008004872       0xae ./Drivers/STM32L4xx_HAL_Driver/stm32l4xx_hal_tim.o
                0x0000000008004872                HAL_TIM_Base_Init
 .text.TIM_Base_SetConfig
                0x0000000008004920      0x134 ./Drivers/STM32L4xx_HAL_Driver/stm32l4xx_hal_tim.o
                0x0000000008004920                TIM_Base_SetConfig
 .text.HAL_UART_Init
                0x0000000008004a54       0x9c ./Drivers/STM32L4xx_HAL_Driver/stm32l4xx_hal_uart.o
                0x0000000008004a54                HAL_UART_Init
 .text.HAL_HalfDuplex_Init
                0x0000000008004af0       0xac ./Drivers/STM32L4xx_HAL_Driver/stm32l4xx_hal_uart.o
                0x0000000008004af0                HAL_HalfDuplex_Init
 .text.UART_SetConfig
                0x0000000008004b9c      0x570 ./Drivers/STM32L4xx_HAL_Driver/stm32l4xx_hal_uart.o
                0x0000000008004b9c                UART_SetConfig
 .text.UART_AdvFeatureConfig
                0x000000000800510c      0x144 ./Drivers/STM32L4xx_HAL_Driver/stm32l4xx_hal_uart.o
                0x000000000800510c                UART_AdvFeatureConfig
 .text.UART_CheckIdleState
                0x0000000008005250      0x150 ./Drivers/STM32L4xx_HAL_Driver/stm32l4xx_hal_uart.o
                0x0000000008005250                UART_CheckIdleState
 .text.UART_WaitOnFlagUntilTimeout
                0x00000000080053a0       0xce ./Drivers/STM32L4xx_HAL_Driver/stm32l4xx_hal_uart.o
                0x00000000080053a0                UART_WaitOnFlagUntilTimeout
 .text.UART_EndRxTransfer
                0x000000000800546e       0xc8 ./Drivers/STM32L4xx_HAL_Driver/stm32l4xx_hal_uart.o
 .text.USB_CoreInit
                0x0000000008005536       0x58 ./Drivers/STM32L4xx_HAL_Driver/stm32l4xx_ll_usb.o
                0x0000000008005536                USB_CoreInit
 .text.USB_EnableGlobalInt
                0x000000000800558e       0x22 ./Drivers/STM32L4xx_HAL_Driver/stm32l4xx_ll_usb.o
                0x000000000800558e                USB_EnableGlobalInt
 .text.USB_DisableGlobalInt
                0x00000000080055b0       0x22 ./Drivers/STM32L4xx_HAL_Driver/stm32l4xx_ll_usb.o
                0x00000000080055b0                USB_DisableGlobalInt
 .text.USB_SetCurrentMode
                0x00000000080055d2       0x98 ./Drivers/STM32L4xx_HAL_Driver/stm32l4xx_ll_usb.o
                0x00000000080055d2                USB_SetCurrentMode
 *fill*         0x000000000800566a        0x2 
 .text.USB_FlushTxFifo
                0x000000000800566c       0x68 ./Drivers/STM32L4xx_HAL_Driver/stm32l4xx_ll_usb.o
                0x000000000800566c                USB_FlushTxFifo
 .text.USB_FlushRxFifo
                0x00000000080056d4       0x60 ./Drivers/STM32L4xx_HAL_Driver/stm32l4xx_ll_usb.o
                0x00000000080056d4                USB_FlushRxFifo
 .text.USB_WritePacket
                0x0000000008005734       0x74 ./Drivers/STM32L4xx_HAL_Driver/stm32l4xx_ll_usb.o
                0x0000000008005734                USB_WritePacket
 .text.USB_ReadPacket
                0x00000000080057a8       0xb0 ./Drivers/STM32L4xx_HAL_Driver/stm32l4xx_ll_usb.o
                0x00000000080057a8                USB_ReadPacket
 .text.USB_ReadInterrupts
                0x0000000008005858       0x26 ./Drivers/STM32L4xx_HAL_Driver/stm32l4xx_ll_usb.o
                0x0000000008005858                USB_ReadInterrupts
 .text.USB_ReadChInterrupts
                0x000000000800587e       0x42 ./Drivers/STM32L4xx_HAL_Driver/stm32l4xx_ll_usb.o
                0x000000000800587e                USB_ReadChInterrupts
 .text.USB_GetMode
                0x00000000080058c0       0x1c ./Drivers/STM32L4xx_HAL_Driver/stm32l4xx_ll_usb.o
                0x00000000080058c0                USB_GetMode
 .text.USB_CoreReset
                0x00000000080058dc       0x68 ./Drivers/STM32L4xx_HAL_Driver/stm32l4xx_ll_usb.o
 .text.USB_HostInit
                0x0000000008005944      0x104 ./Drivers/STM32L4xx_HAL_Driver/stm32l4xx_ll_usb.o
                0x0000000008005944                USB_HostInit
 .text.USB_InitFSLSPClkSel
                0x0000000008005a48       0x7a ./Drivers/STM32L4xx_HAL_Driver/stm32l4xx_ll_usb.o
                0x0000000008005a48                USB_InitFSLSPClkSel
 .text.USB_ResetPort
                0x0000000008005ac2       0x54 ./Drivers/STM32L4xx_HAL_Driver/stm32l4xx_ll_usb.o
                0x0000000008005ac2                USB_ResetPort
 .text.USB_DriveVbus
                0x0000000008005b16       0x72 ./Drivers/STM32L4xx_HAL_Driver/stm32l4xx_ll_usb.o
                0x0000000008005b16                USB_DriveVbus
 .text.USB_GetHostSpeed
                0x0000000008005b88       0x2e ./Drivers/STM32L4xx_HAL_Driver/stm32l4xx_ll_usb.o
                0x0000000008005b88                USB_GetHostSpeed
 .text.USB_GetCurrentFrame
                0x0000000008005bb6       0x22 ./Drivers/STM32L4xx_HAL_Driver/stm32l4xx_ll_usb.o
                0x0000000008005bb6                USB_GetCurrentFrame
 .text.USB_HC_Init
                0x0000000008005bd8      0x218 ./Drivers/STM32L4xx_HAL_Driver/stm32l4xx_ll_usb.o
                0x0000000008005bd8                USB_HC_Init
 .text.USB_HC_StartXfer
                0x0000000008005df0      0x1f0 ./Drivers/STM32L4xx_HAL_Driver/stm32l4xx_ll_usb.o
                0x0000000008005df0                USB_HC_StartXfer
 .text.USB_HC_ReadInterrupt
                0x0000000008005fe0       0x22 ./Drivers/STM32L4xx_HAL_Driver/stm32l4xx_ll_usb.o
                0x0000000008005fe0                USB_HC_ReadInterrupt
 .text.USB_HC_Halt
                0x0000000008006002      0x240 ./Drivers/STM32L4xx_HAL_Driver/stm32l4xx_ll_usb.o
                0x0000000008006002                USB_HC_Halt
 .text.USB_StopHost
                0x0000000008006242      0x124 ./Drivers/STM32L4xx_HAL_Driver/stm32l4xx_ll_usb.o
                0x0000000008006242                USB_StopHost
 .text.USBH_AUDIO_InterfaceInit
                0x0000000008006366      0x37e ./Middlewares/USB_Host_Library/usbh_audio.o
 .text.USBH_AUDIO_InterfaceDeInit
                0x00000000080066e4       0xca ./Middlewares/USB_Host_Library/usbh_audio.o
 *fill*         0x00000000080067ae        0x2 
 .text.USBH_AUDIO_ClassRequest
                0x00000000080067b0      0x1c4 ./Middlewares/USB_Host_Library/usbh_audio.o
 .text.USBH_AUDIO_CSRequest
                0x0000000008006974      0x1a0 ./Middlewares/USB_Host_Library/usbh_audio.o
 .text.USBH_AUDIO_HandleCSRequest
                0x0000000008006b14       0x7c ./Middlewares/USB_Host_Library/usbh_audio.o
 .text.USBH_AUDIO_Process
                0x0000000008006b90       0x40 ./Middlewares/USB_Host_Library/usbh_audio.o
 .text.USBH_AUDIO_SOFProcess
                0x0000000008006bd0       0x16 ./Middlewares/USB_Host_Library/usbh_audio.o
 .text.USBH_AUDIO_FindAudioStreamingIN
                0x0000000008006be6      0x17e ./Middlewares/USB_Host_Library/usbh_audio.o
 .text.USBH_AUDIO_FindAudioStreamingOUT
                0x0000000008006d64      0x17e ./Middlewares/USB_Host_Library/usbh_audio.o
 .text.USBH_AUDIO_FindHIDControl
                0x0000000008006ee2      0x104 ./Middlewares/USB_Host_Library/usbh_audio.o
 .text.USBH_AUDIO_ParseCSDescriptors
                0x0000000008006fe6       0xdc ./Middlewares/USB_Host_Library/usbh_audio.o
 *fill*         0x00000000080070c2        0x2 
 .text.ParseCSDescriptors
                0x00000000080070c4      0x134 ./Middlewares/USB_Host_Library/usbh_audio.o
 .text.USBH_AUDIO_FindLinkedUnit
                0x00000000080071f8      0x16e ./Middlewares/USB_Host_Library/usbh_audio.o
 *fill*         0x0000000008007366        0x2 
 .text.USBH_AUDIO_BuildMicrophonePath
                0x0000000008007368      0x110 ./Middlewares/USB_Host_Library/usbh_audio.o
 .text.USBH_AUDIO_BuildHeadphonePath
                0x0000000008007478      0x188 ./Middlewares/USB_Host_Library/usbh_audio.o
 .text.USBH_AC_SetCur
                0x0000000008007600       0xf4 ./Middlewares/USB_Host_Library/usbh_audio.o
 .text.USBH_AC_GetCur
                0x00000000080076f4      0x12e ./Middlewares/USB_Host_Library/usbh_audio.o
 .text.USBH_AC_GetMax
                0x0000000008007822      0x12e ./Middlewares/USB_Host_Library/usbh_audio.o
 .text.USBH_AC_GetRes
                0x0000000008007950      0x12e ./Middlewares/USB_Host_Library/usbh_audio.o
 .text.USBH_AC_GetMin
                0x0000000008007a7e      0x12e ./Middlewares/USB_Host_Library/usbh_audio.o
 .text.USBH_AUDIO_SetEndpointControls
                0x0000000008007bac       0x50 ./Middlewares/USB_Host_Library/usbh_audio.o
 .text.USBH_AUDIO_InputStream
                0x0000000008007bfc       0x1a ./Middlewares/USB_Host_Library/usbh_audio.o
 *fill*         0x0000000008007c16        0x2 
 .text.USBH_AUDIO_Control
                0x0000000008007c18      0x168 ./Middlewares/USB_Host_Library/usbh_audio.o
 .text.USBH_AUDIO_OutputStream
                0x0000000008007d80       0xf0 ./Middlewares/USB_Host_Library/usbh_audio.o
 .text.USBH_AUDIO_Transmit
                0x0000000008007e70      0x168 ./Middlewares/USB_Host_Library/usbh_audio.o
 .text.USBH_AUDIO_SetControlAttribute
                0x0000000008007fd8       0xf8 ./Middlewares/USB_Host_Library/usbh_audio.o
 .text.AUDIO_SetVolume
                0x00000000080080d0       0x52 ./Middlewares/USB_Host_Library/usbh_audio.o
 .text.USBH_AUDIO_FrequencySet
                0x0000000008008122       0x14 ./Middlewares/USB_Host_Library/usbh_audio.o
                0x0000000008008122                USBH_AUDIO_FrequencySet
 .text.USBH_AUDIO_BufferEmptyCallback
                0x0000000008008136       0x14 ./Middlewares/USB_Host_Library/usbh_audio.o
                0x0000000008008136                USBH_AUDIO_BufferEmptyCallback
 .text.USBH_Init
                0x000000000800814a       0x74 ./Middlewares/USB_Host_Library/usbh_core.o
                0x000000000800814a                USBH_Init
 .text.DeInitStateMachine
                0x00000000080081be       0xea ./Middlewares/USB_Host_Library/usbh_core.o
 .text.USBH_RegisterClass
                0x00000000080082a8       0x56 ./Middlewares/USB_Host_Library/usbh_core.o
                0x00000000080082a8                USBH_RegisterClass
 .text.USBH_FindInterface
                0x00000000080082fe       0x8c ./Middlewares/USB_Host_Library/usbh_core.o
                0x00000000080082fe                USBH_FindInterface
 .text.USBH_FindInterfaceIndex
                0x000000000800838a       0x66 ./Middlewares/USB_Host_Library/usbh_core.o
                0x000000000800838a                USBH_FindInterfaceIndex
 .text.USBH_Start
                0x00000000080083f0       0x20 ./Middlewares/USB_Host_Library/usbh_core.o
                0x00000000080083f0                USBH_Start
 .text.USBH_Process
                0x0000000008008410      0x3dc ./Middlewares/USB_Host_Library/usbh_core.o
                0x0000000008008410                USBH_Process
 .text.USBH_HandleEnum
                0x00000000080087ec      0x3c8 ./Middlewares/USB_Host_Library/usbh_core.o
 .text.USBH_LL_SetTimer
                0x0000000008008bb4       0x1e ./Middlewares/USB_Host_Library/usbh_core.o
                0x0000000008008bb4                USBH_LL_SetTimer
 .text.USBH_LL_IncTimer
                0x0000000008008bd2       0x24 ./Middlewares/USB_Host_Library/usbh_core.o
                0x0000000008008bd2                USBH_LL_IncTimer
 .text.USBH_HandleSof
                0x0000000008008bf6       0x30 ./Middlewares/USB_Host_Library/usbh_core.o
 .text.USBH_LL_PortEnabled
                0x0000000008008c26       0x1c ./Middlewares/USB_Host_Library/usbh_core.o
                0x0000000008008c26                USBH_LL_PortEnabled
 .text.USBH_LL_PortDisabled
                0x0000000008008c42       0x1c ./Middlewares/USB_Host_Library/usbh_core.o
                0x0000000008008c42                USBH_LL_PortDisabled
 .text.USBH_LL_Connect
                0x0000000008008c5e       0x2e ./Middlewares/USB_Host_Library/usbh_core.o
                0x0000000008008c5e                USBH_LL_Connect
 .text.USBH_LL_Disconnect
                0x0000000008008c8c       0x48 ./Middlewares/USB_Host_Library/usbh_core.o
                0x0000000008008c8c                USBH_LL_Disconnect
 .text.USBH_Get_DevDesc
                0x0000000008008cd4       0x58 ./Middlewares/USB_Host_Library/usbh_ctlreq.o
                0x0000000008008cd4                USBH_Get_DevDesc
 .text.USBH_Get_CfgDesc
                0x0000000008008d2c       0x54 ./Middlewares/USB_Host_Library/usbh_ctlreq.o
                0x0000000008008d2c                USBH_Get_CfgDesc
 .text.USBH_Get_StringDesc
                0x0000000008008d80       0x68 ./Middlewares/USB_Host_Library/usbh_ctlreq.o
                0x0000000008008d80                USBH_Get_StringDesc
 .text.USBH_GetDescriptor
                0x0000000008008de8       0x6a ./Middlewares/USB_Host_Library/usbh_ctlreq.o
                0x0000000008008de8                USBH_GetDescriptor
 .text.USBH_SetAddress
                0x0000000008008e52       0x48 ./Middlewares/USB_Host_Library/usbh_ctlreq.o
                0x0000000008008e52                USBH_SetAddress
 .text.USBH_SetCfg
                0x0000000008008e9a       0x46 ./Middlewares/USB_Host_Library/usbh_ctlreq.o
                0x0000000008008e9a                USBH_SetCfg
 .text.USBH_SetInterface
                0x0000000008008ee0       0x4e ./Middlewares/USB_Host_Library/usbh_ctlreq.o
                0x0000000008008ee0                USBH_SetInterface
 .text.USBH_SetFeature
                0x0000000008008f2e       0x48 ./Middlewares/USB_Host_Library/usbh_ctlreq.o
                0x0000000008008f2e                USBH_SetFeature
 *fill*         0x0000000008008f76        0x2 
 .text.USBH_ParseDevDesc
                0x0000000008008f78      0x168 ./Middlewares/USB_Host_Library/usbh_ctlreq.o
 .text.USBH_ParseCfgDesc
                0x00000000080090e0      0x1f2 ./Middlewares/USB_Host_Library/usbh_ctlreq.o
 .text.USBH_ParseInterfaceDesc
                0x00000000080092d2       0x68 ./Middlewares/USB_Host_Library/usbh_ctlreq.o
 .text.USBH_ParseEPDesc
                0x000000000800933a      0x1d2 ./Middlewares/USB_Host_Library/usbh_ctlreq.o
 .text.USBH_ParseStringDesc
                0x000000000800950c       0x66 ./Middlewares/USB_Host_Library/usbh_ctlreq.o
 .text.USBH_GetNextDesc
                0x0000000008009572       0x36 ./Middlewares/USB_Host_Library/usbh_ctlreq.o
                0x0000000008009572                USBH_GetNextDesc
 .text.USBH_CtlReq
                0x00000000080095a8       0x7a ./Middlewares/USB_Host_Library/usbh_ctlreq.o
                0x00000000080095a8                USBH_CtlReq
 *fill*         0x0000000008009622        0x2 
 .text.USBH_HandleControl
                0x0000000008009624      0x2e8 ./Middlewares/USB_Host_Library/usbh_ctlreq.o
 .text.USBH_CtlSendSetup
                0x000000000800990c       0x34 ./Middlewares/USB_Host_Library/usbh_ioreq.o
                0x000000000800990c                USBH_CtlSendSetup
 .text.USBH_CtlSendData
                0x0000000008009940       0x4a ./Middlewares/USB_Host_Library/usbh_ioreq.o
                0x0000000008009940                USBH_CtlSendData
 .text.USBH_CtlReceiveData
                0x000000000800998a       0x3c ./Middlewares/USB_Host_Library/usbh_ioreq.o
                0x000000000800998a                USBH_CtlReceiveData
 .text.USBH_InterruptReceiveData
                0x00000000080099c6       0x3e ./Middlewares/USB_Host_Library/usbh_ioreq.o
                0x00000000080099c6                USBH_InterruptReceiveData
 .text.USBH_IsocSendData
                0x0000000008009a04       0x36 ./Middlewares/USB_Host_Library/usbh_ioreq.o
                0x0000000008009a04                USBH_IsocSendData
 .text.USBH_OpenPipe
                0x0000000008009a3a       0x3e ./Middlewares/USB_Host_Library/usbh_pipes.o
                0x0000000008009a3a                USBH_OpenPipe
 .text.USBH_ClosePipe
                0x0000000008009a78       0x20 ./Middlewares/USB_Host_Library/usbh_pipes.o
                0x0000000008009a78                USBH_ClosePipe
 .text.USBH_AllocPipe
                0x0000000008009a98       0x44 ./Middlewares/USB_Host_Library/usbh_pipes.o
                0x0000000008009a98                USBH_AllocPipe
 .text.USBH_FreePipe
                0x0000000008009adc       0x40 ./Middlewares/USB_Host_Library/usbh_pipes.o
                0x0000000008009adc                USBH_FreePipe
 .text.USBH_GetFreePipe
                0x0000000008009b1c       0x4a ./Middlewares/USB_Host_Library/usbh_pipes.o
 *fill*         0x0000000008009b66        0x2 
 .text.MX_USB_HOST_Init
                0x0000000008009b68       0x4c ./USB_HOST/App/usb_host.o
                0x0000000008009b68                MX_USB_HOST_Init
 .text.MX_USB_HOST_Process
                0x0000000008009bb4       0x14 ./USB_HOST/App/usb_host.o
                0x0000000008009bb4                MX_USB_HOST_Process
 .text.USBH_UserProcess
                0x0000000008009bc8       0x5c ./USB_HOST/App/usb_host.o
 .text.HAL_HCD_MspInit
                0x0000000008009c24      0x124 ./USB_HOST/Target/usbh_conf.o
                0x0000000008009c24                HAL_HCD_MspInit
 .text.HAL_HCD_SOF_Callback
                0x0000000008009d48       0x1c ./USB_HOST/Target/usbh_conf.o
                0x0000000008009d48                HAL_HCD_SOF_Callback
 .text.HAL_HCD_Connect_Callback
                0x0000000008009d64       0x1c ./USB_HOST/Target/usbh_conf.o
                0x0000000008009d64                HAL_HCD_Connect_Callback
 .text.HAL_HCD_Disconnect_Callback
                0x0000000008009d80       0x1c ./USB_HOST/Target/usbh_conf.o
                0x0000000008009d80                HAL_HCD_Disconnect_Callback
 .text.HAL_HCD_HC_NotifyURBChange_Callback
                0x0000000008009d9c       0x1c ./USB_HOST/Target/usbh_conf.o
                0x0000000008009d9c                HAL_HCD_HC_NotifyURBChange_Callback
 .text.HAL_HCD_PortEnabled_Callback
                0x0000000008009db8       0x1c ./USB_HOST/Target/usbh_conf.o
                0x0000000008009db8                HAL_HCD_PortEnabled_Callback
 .text.HAL_HCD_PortDisabled_Callback
                0x0000000008009dd4       0x1c ./USB_HOST/Target/usbh_conf.o
                0x0000000008009dd4                HAL_HCD_PortDisabled_Callback
 .text.USBH_LL_Init
                0x0000000008009df0       0x78 ./USB_HOST/Target/usbh_conf.o
                0x0000000008009df0                USBH_LL_Init
 .text.USBH_LL_Start
                0x0000000008009e68       0x36 ./USB_HOST/Target/usbh_conf.o
                0x0000000008009e68                USBH_LL_Start
 .text.USBH_LL_Stop
                0x0000000008009e9e       0x36 ./USB_HOST/Target/usbh_conf.o
                0x0000000008009e9e                USBH_LL_Stop
 .text.USBH_LL_GetSpeed
                0x0000000008009ed4       0x4e ./USB_HOST/Target/usbh_conf.o
                0x0000000008009ed4                USBH_LL_GetSpeed
 .text.USBH_LL_ResetPort
                0x0000000008009f22       0x36 ./USB_HOST/Target/usbh_conf.o
                0x0000000008009f22                USBH_LL_ResetPort
 .text.USBH_LL_OpenPipe
                0x0000000008009f58       0x5e ./USB_HOST/Target/usbh_conf.o
                0x0000000008009f58                USBH_LL_OpenPipe
 .text.USBH_LL_ClosePipe
                0x0000000008009fb6       0x3e ./USB_HOST/Target/usbh_conf.o
                0x0000000008009fb6                USBH_LL_ClosePipe
 .text.USBH_LL_SubmitURB
                0x0000000008009ff4       0x62 ./USB_HOST/Target/usbh_conf.o
                0x0000000008009ff4                USBH_LL_SubmitURB
 .text.USBH_LL_GetURBState
                0x000000000800a056       0x26 ./USB_HOST/Target/usbh_conf.o
                0x000000000800a056                USBH_LL_GetURBState
 .text.USBH_LL_DriverVBUS
                0x000000000800a07c       0x2e ./USB_HOST/Target/usbh_conf.o
                0x000000000800a07c                USBH_LL_DriverVBUS
 .text.USBH_LL_SetToggle
                0x000000000800a0aa       0x66 ./USB_HOST/Target/usbh_conf.o
                0x000000000800a0aa                USBH_LL_SetToggle
 .text.USBH_Delay
                0x000000000800a110       0x16 ./USB_HOST/Target/usbh_conf.o
                0x000000000800a110                USBH_Delay
 *fill*         0x000000000800a126        0x2 
 .text.USBH_Get_USB_Status
                0x000000000800a128       0x58 ./USB_HOST/Target/usbh_conf.o
                0x000000000800a128                USBH_Get_USB_Status
 .text.MX_DriverVbusFS
                0x000000000800a180       0x38 ./USB_HOST/Target/usbh_platform.o
                0x000000000800a180                MX_DriverVbusFS
 .text.malloc   0x000000000800a1b8       0x10 C:/ST/STM32CubeIDE_1.13.1/STM32CubeIDE/plugins/com.st.stm32cube.ide.mcu.externaltools.gnu-tools-for-stm32.11.3.rel1.win32_1.1.0.202305231506/tools/bin/../lib/gcc/arm-none-eabi/11.3.1/../../../../arm-none-eabi/lib/thumb/v7e-m+fp/hard\libc_nano.a(libc_a-malloc.o)
                0x000000000800a1b8                malloc
 .text.free     0x000000000800a1c8       0x10 C:/ST/STM32CubeIDE_1.13.1/STM32CubeIDE/plugins/com.st.stm32cube.ide.mcu.externaltools.gnu-tools-for-stm32.11.3.rel1.win32_1.1.0.202305231506/tools/bin/../lib/gcc/arm-none-eabi/11.3.1/../../../../arm-none-eabi/lib/thumb/v7e-m+fp/hard\libc_nano.a(libc_a-malloc.o)
                0x000000000800a1c8                free
 .text.sbrk_aligned
                0x000000000800a1d8       0x40 C:/ST/STM32CubeIDE_1.13.1/STM32CubeIDE/plugins/com.st.stm32cube.ide.mcu.externaltools.gnu-tools-for-stm32.11.3.rel1.win32_1.1.0.202305231506/tools/bin/../lib/gcc/arm-none-eabi/11.3.1/../../../../arm-none-eabi/lib/thumb/v7e-m+fp/hard\libc_nano.a(libc_a-mallocr.o)
 .text._malloc_r
                0x000000000800a218      0x100 C:/ST/STM32CubeIDE_1.13.1/STM32CubeIDE/plugins/com.st.stm32cube.ide.mcu.externaltools.gnu-tools-for-stm32.11.3.rel1.win32_1.1.0.202305231506/tools/bin/../lib/gcc/arm-none-eabi/11.3.1/../../../../arm-none-eabi/lib/thumb/v7e-m+fp/hard\libc_nano.a(libc_a-mallocr.o)
                0x000000000800a218                _malloc_r
 .text.__malloc_lock
                0x000000000800a318        0xc C:/ST/STM32CubeIDE_1.13.1/STM32CubeIDE/plugins/com.st.stm32cube.ide.mcu.externaltools.gnu-tools-for-stm32.11.3.rel1.win32_1.1.0.202305231506/tools/bin/../lib/gcc/arm-none-eabi/11.3.1/../../../../arm-none-eabi/lib/thumb/v7e-m+fp/hard\libc_nano.a(libc_a-mlock.o)
                0x000000000800a318                __malloc_lock
 .text.__malloc_unlock
                0x000000000800a324        0xc C:/ST/STM32CubeIDE_1.13.1/STM32CubeIDE/plugins/com.st.stm32cube.ide.mcu.externaltools.gnu-tools-for-stm32.11.3.rel1.win32_1.1.0.202305231506/tools/bin/../lib/gcc/arm-none-eabi/11.3.1/../../../../arm-none-eabi/lib/thumb/v7e-m+fp/hard\libc_nano.a(libc_a-mlock.o)
                0x000000000800a324                __malloc_unlock
 .text.memset   0x000000000800a330       0x10 C:/ST/STM32CubeIDE_1.13.1/STM32CubeIDE/plugins/com.st.stm32cube.ide.mcu.externaltools.gnu-tools-for-stm32.11.3.rel1.win32_1.1.0.202305231506/tools/bin/../lib/gcc/arm-none-eabi/11.3.1/../../../../arm-none-eabi/lib/thumb/v7e-m+fp/hard\libc_nano.a(libc_a-memset.o)
                0x000000000800a330                memset
 .text._sbrk_r  0x000000000800a340       0x20 C:/ST/STM32CubeIDE_1.13.1/STM32CubeIDE/plugins/com.st.stm32cube.ide.mcu.externaltools.gnu-tools-for-stm32.11.3.rel1.win32_1.1.0.202305231506/tools/bin/../lib/gcc/arm-none-eabi/11.3.1/../../../../arm-none-eabi/lib/thumb/v7e-m+fp/hard\libc_nano.a(libc_a-sbrkr.o)
                0x000000000800a340                _sbrk_r
 .text.__errno  0x000000000800a360        0xc C:/ST/STM32CubeIDE_1.13.1/STM32CubeIDE/plugins/com.st.stm32cube.ide.mcu.externaltools.gnu-tools-for-stm32.11.3.rel1.win32_1.1.0.202305231506/tools/bin/../lib/gcc/arm-none-eabi/11.3.1/../../../../arm-none-eabi/lib/thumb/v7e-m+fp/hard\libc_nano.a(libc_a-errno.o)
                0x000000000800a360                __errno
 .text.__libc_init_array
                0x000000000800a36c       0x48 C:/ST/STM32CubeIDE_1.13.1/STM32CubeIDE/plugins/com.st.stm32cube.ide.mcu.externaltools.gnu-tools-for-stm32.11.3.rel1.win32_1.1.0.202305231506/tools/bin/../lib/gcc/arm-none-eabi/11.3.1/../../../../arm-none-eabi/lib/thumb/v7e-m+fp/hard\libc_nano.a(libc_a-init.o)
                0x000000000800a36c                __libc_init_array
 .text.__retarget_lock_acquire_recursive
                0x000000000800a3b4        0x2 C:/ST/STM32CubeIDE_1.13.1/STM32CubeIDE/plugins/com.st.stm32cube.ide.mcu.externaltools.gnu-tools-for-stm32.11.3.rel1.win32_1.1.0.202305231506/tools/bin/../lib/gcc/arm-none-eabi/11.3.1/../../../../arm-none-eabi/lib/thumb/v7e-m+fp/hard\libc_nano.a(libc_a-lock.o)
                0x000000000800a3b4                __retarget_lock_acquire_recursive
 .text.__retarget_lock_release_recursive
                0x000000000800a3b6        0x2 C:/ST/STM32CubeIDE_1.13.1/STM32CubeIDE/plugins/com.st.stm32cube.ide.mcu.externaltools.gnu-tools-for-stm32.11.3.rel1.win32_1.1.0.202305231506/tools/bin/../lib/gcc/arm-none-eabi/11.3.1/../../../../arm-none-eabi/lib/thumb/v7e-m+fp/hard\libc_nano.a(libc_a-lock.o)
                0x000000000800a3b6                __retarget_lock_release_recursive
 .text._free_r  0x000000000800a3b8       0x98 C:/ST/STM32CubeIDE_1.13.1/STM32CubeIDE/plugins/com.st.stm32cube.ide.mcu.externaltools.gnu-tools-for-stm32.11.3.rel1.win32_1.1.0.202305231506/tools/bin/../lib/gcc/arm-none-eabi/11.3.1/../../../../arm-none-eabi/lib/thumb/v7e-m+fp/hard\libc_nano.a(libc_a-freer.o)
                0x000000000800a3b8                _free_r
 *(.glue_7)
 .glue_7        0x000000000800a450        0x0 linker stubs
 *(.glue_7t)
 .glue_7t       0x000000000800a450        0x0 linker stubs
 *(.eh_frame)
 .eh_frame      0x000000000800a450        0x0 C:/ST/STM32CubeIDE_1.13.1/STM32CubeIDE/plugins/com.st.stm32cube.ide.mcu.externaltools.gnu-tools-for-stm32.11.3.rel1.win32_1.1.0.202305231506/tools/bin/../lib/gcc/arm-none-eabi/11.3.1/thumb/v7e-m+fp/hard/crtbegin.o
 *(.init)
 .init          0x000000000800a450        0x4 C:/ST/STM32CubeIDE_1.13.1/STM32CubeIDE/plugins/com.st.stm32cube.ide.mcu.externaltools.gnu-tools-for-stm32.11.3.rel1.win32_1.1.0.202305231506/tools/bin/../lib/gcc/arm-none-eabi/11.3.1/thumb/v7e-m+fp/hard/crti.o
                0x000000000800a450                _init
 .init          0x000000000800a454        0x8 C:/ST/STM32CubeIDE_1.13.1/STM32CubeIDE/plugins/com.st.stm32cube.ide.mcu.externaltools.gnu-tools-for-stm32.11.3.rel1.win32_1.1.0.202305231506/tools/bin/../lib/gcc/arm-none-eabi/11.3.1/thumb/v7e-m+fp/hard/crtn.o
 *(.fini)
 .fini          0x000000000800a45c        0x4 C:/ST/STM32CubeIDE_1.13.1/STM32CubeIDE/plugins/com.st.stm32cube.ide.mcu.externaltools.gnu-tools-for-stm32.11.3.rel1.win32_1.1.0.202305231506/tools/bin/../lib/gcc/arm-none-eabi/11.3.1/thumb/v7e-m+fp/hard/crti.o
                0x000000000800a45c                _fini
 .fini          0x000000000800a460        0x8 C:/ST/STM32CubeIDE_1.13.1/STM32CubeIDE/plugins/com.st.stm32cube.ide.mcu.externaltools.gnu-tools-for-stm32.11.3.rel1.win32_1.1.0.202305231506/tools/bin/../lib/gcc/arm-none-eabi/11.3.1/thumb/v7e-m+fp/hard/crtn.o
                0x000000000800a468                . = ALIGN (0x4)
                0x000000000800a468                _etext = .

.vfp11_veneer   0x000000000800a468        0x0
 .vfp11_veneer  0x000000000800a468        0x0 linker stubs

.v4_bx          0x000000000800a468        0x0
 .v4_bx         0x000000000800a468        0x0 linker stubs

.iplt           0x000000000800a468        0x0
 .iplt          0x000000000800a468        0x0 C:/ST/STM32CubeIDE_1.13.1/STM32CubeIDE/plugins/com.st.stm32cube.ide.mcu.externaltools.gnu-tools-for-stm32.11.3.rel1.win32_1.1.0.202305231506/tools/bin/../lib/gcc/arm-none-eabi/11.3.1/thumb/v7e-m+fp/hard/crtbegin.o

.rodata         0x000000000800a468       0x50
                0x000000000800a468                . = ALIGN (0x4)
 *(.rodata)
 .rodata        0x000000000800a468        0x6 ./Middlewares/USB_Host_Library/usbh_audio.o
 *(.rodata*)
 *fill*         0x000000000800a46e        0x2 
 .rodata.AHBPrescTable
                0x000000000800a470       0x10 ./Core/Src/system_stm32l4xx.o
                0x000000000800a470                AHBPrescTable
 .rodata.APBPrescTable
                0x000000000800a480        0x8 ./Core/Src/system_stm32l4xx.o
                0x000000000800a480                APBPrescTable
 .rodata.MSIRangeTable
                0x000000000800a488       0x30 ./Core/Src/system_stm32l4xx.o
                0x000000000800a488                MSIRangeTable
                0x000000000800a4b8                . = ALIGN (0x4)

.ARM.extab      0x000000000800a4b8        0x0
                0x000000000800a4b8                . = ALIGN (0x4)
 *(.ARM.extab* .gnu.linkonce.armextab.*)
                0x000000000800a4b8                . = ALIGN (0x4)

.ARM            0x000000000800a4b8        0x8
                0x000000000800a4b8                . = ALIGN (0x4)
                0x000000000800a4b8                __exidx_start = .
 *(.ARM.exidx*)
 .ARM.exidx     0x000000000800a4b8        0x8 C:/ST/STM32CubeIDE_1.13.1/STM32CubeIDE/plugins/com.st.stm32cube.ide.mcu.externaltools.gnu-tools-for-stm32.11.3.rel1.win32_1.1.0.202305231506/tools/bin/../lib/gcc/arm-none-eabi/11.3.1/thumb/v7e-m+fp/hard\libgcc.a(_udivmoddi4.o)
                0x000000000800a4c0                __exidx_end = .
                0x000000000800a4c0                . = ALIGN (0x4)

.rel.dyn        0x000000000800a4c0        0x0
 .rel.iplt      0x000000000800a4c0        0x0 C:/ST/STM32CubeIDE_1.13.1/STM32CubeIDE/plugins/com.st.stm32cube.ide.mcu.externaltools.gnu-tools-for-stm32.11.3.rel1.win32_1.1.0.202305231506/tools/bin/../lib/gcc/arm-none-eabi/11.3.1/thumb/v7e-m+fp/hard/crtbegin.o

.preinit_array  0x000000000800a4c0        0x0
                0x000000000800a4c0                . = ALIGN (0x4)
                0x000000000800a4c0                PROVIDE (__preinit_array_start = .)
 *(.preinit_array*)
                0x000000000800a4c0                PROVIDE (__preinit_array_end = .)
                0x000000000800a4c0                . = ALIGN (0x4)

.init_array     0x000000000800a4c0        0x4
                0x000000000800a4c0                . = ALIGN (0x4)
                0x000000000800a4c0                PROVIDE (__init_array_start = .)
 *(SORT_BY_NAME(.init_array.*))
 *(.init_array*)
 .init_array    0x000000000800a4c0        0x4 C:/ST/STM32CubeIDE_1.13.1/STM32CubeIDE/plugins/com.st.stm32cube.ide.mcu.externaltools.gnu-tools-for-stm32.11.3.rel1.win32_1.1.0.202305231506/tools/bin/../lib/gcc/arm-none-eabi/11.3.1/thumb/v7e-m+fp/hard/crtbegin.o
                0x000000000800a4c4                PROVIDE (__init_array_end = .)
                0x000000000800a4c4                . = ALIGN (0x4)

.fini_array     0x000000000800a4c4        0x4
                0x000000000800a4c4                . = ALIGN (0x4)
                [!provide]                        PROVIDE (__fini_array_start = .)
 *(SORT_BY_NAME(.fini_array.*))
 *(.fini_array*)
 .fini_array    0x000000000800a4c4        0x4 C:/ST/STM32CubeIDE_1.13.1/STM32CubeIDE/plugins/com.st.stm32cube.ide.mcu.externaltools.gnu-tools-for-stm32.11.3.rel1.win32_1.1.0.202305231506/tools/bin/../lib/gcc/arm-none-eabi/11.3.1/thumb/v7e-m+fp/hard/crtbegin.o
                [!provide]                        PROVIDE (__fini_array_end = .)
                0x000000000800a4c8                . = ALIGN (0x4)
                0x000000000800a4c8                _sidata = LOADADDR (.data)

.data           0x0000000020000000       0x7c load address 0x000000000800a4c8
                0x0000000020000000                . = ALIGN (0x4)
                0x0000000020000000                _sdata = .
 *(.data)
 *(.data*)
 .data.SystemCoreClock
                0x0000000020000000        0x4 ./Core/Src/system_stm32l4xx.o
                0x0000000020000000                SystemCoreClock
 .data.uwTickPrio
                0x0000000020000004        0x4 ./Drivers/STM32L4xx_HAL_Driver/stm32l4xx_hal.o
                0x0000000020000004                uwTickPrio
 .data.uwTickFreq
                0x0000000020000008        0x1 ./Drivers/STM32L4xx_HAL_Driver/stm32l4xx_hal.o
                0x0000000020000008                uwTickFreq
 *fill*         0x0000000020000009        0x3 
 .data.AUDIO_Class
                0x000000002000000c       0x20 ./Middlewares/USB_Host_Library/usbh_audio.o
                0x000000002000000c                AUDIO_Class
 .data._impure_data
                0x000000002000002c       0x4c C:/ST/STM32CubeIDE_1.13.1/STM32CubeIDE/plugins/com.st.stm32cube.ide.mcu.externaltools.gnu-tools-for-stm32.11.3.rel1.win32_1.1.0.202305231506/tools/bin/../lib/gcc/arm-none-eabi/11.3.1/../../../../arm-none-eabi/lib/thumb/v7e-m+fp/hard\libc_nano.a(libc_a-impure.o)
                0x000000002000002c                _impure_data
 .data._impure_ptr
                0x0000000020000078        0x4 C:/ST/STM32CubeIDE_1.13.1/STM32CubeIDE/plugins/com.st.stm32cube.ide.mcu.externaltools.gnu-tools-for-stm32.11.3.rel1.win32_1.1.0.202305231506/tools/bin/../lib/gcc/arm-none-eabi/11.3.1/../../../../arm-none-eabi/lib/thumb/v7e-m+fp/hard\libc_nano.a(libc_a-impure.o)
                0x0000000020000078                _impure_ptr
 *(.RamFunc)
 *(.RamFunc*)
                0x000000002000007c                . = ALIGN (0x4)
                0x000000002000007c                _edata = .

.igot.plt       0x000000002000007c        0x0 load address 0x000000000800a544
 .igot.plt      0x000000002000007c        0x0 C:/ST/STM32CubeIDE_1.13.1/STM32CubeIDE/plugins/com.st.stm32cube.ide.mcu.externaltools.gnu-tools-for-stm32.11.3.rel1.win32_1.1.0.202305231506/tools/bin/../lib/gcc/arm-none-eabi/11.3.1/thumb/v7e-m+fp/hard/crtbegin.o
                0x000000002000007c                . = ALIGN (0x4)

.bss            0x000000002000007c      0xb1c load address 0x000000000800a544
                0x000000002000007c                _sbss = .
                0x000000002000007c                __bss_start__ = _sbss
 *(.bss)
 .bss           0x000000002000007c       0x1c C:/ST/STM32CubeIDE_1.13.1/STM32CubeIDE/plugins/com.st.stm32cube.ide.mcu.externaltools.gnu-tools-for-stm32.11.3.rel1.win32_1.1.0.202305231506/tools/bin/../lib/gcc/arm-none-eabi/11.3.1/thumb/v7e-m+fp/hard/crtbegin.o
 *(.bss*)
 .bss.hlpuart1  0x0000000020000098       0x88 ./Core/Src/main.o
                0x0000000020000098                hlpuart1
 .bss.huart1    0x0000000020000120       0x88 ./Core/Src/main.o
                0x0000000020000120                huart1
 .bss.hspi1     0x00000000200001a8       0x64 ./Core/Src/main.o
                0x00000000200001a8                hspi1
 .bss.htim17    0x000000002000020c       0x4c ./Core/Src/main.o
                0x000000002000020c                htim17
 .bss.__sbrk_heap_end
                0x0000000020000258        0x4 ./Core/Src/sysmem.o
 .bss.uwTick    0x000000002000025c        0x4 ./Drivers/STM32L4xx_HAL_Driver/stm32l4xx_hal.o
                0x000000002000025c                uwTick
 .bss.hUsbHostFS
                0x0000000020000260      0x4a8 ./USB_HOST/App/usb_host.o
                0x0000000020000260                hUsbHostFS
 .bss.Appli_state
                0x0000000020000708        0x1 ./USB_HOST/App/usb_host.o
                0x0000000020000708                Appli_state
 *fill*         0x0000000020000709        0x3 
 .bss.hhcd_USB_OTG_FS
                0x000000002000070c      0x344 ./USB_HOST/Target/usbh_conf.o
                0x000000002000070c                hhcd_USB_OTG_FS
 .bss.__malloc_free_list
                0x0000000020000a50        0x4 C:/ST/STM32CubeIDE_1.13.1/STM32CubeIDE/plugins/com.st.stm32cube.ide.mcu.externaltools.gnu-tools-for-stm32.11.3.rel1.win32_1.1.0.202305231506/tools/bin/../lib/gcc/arm-none-eabi/11.3.1/../../../../arm-none-eabi/lib/thumb/v7e-m+fp/hard\libc_nano.a(libc_a-mallocr.o)
                0x0000000020000a50                __malloc_free_list
 .bss.__malloc_sbrk_start
                0x0000000020000a54        0x4 C:/ST/STM32CubeIDE_1.13.1/STM32CubeIDE/plugins/com.st.stm32cube.ide.mcu.externaltools.gnu-tools-for-stm32.11.3.rel1.win32_1.1.0.202305231506/tools/bin/../lib/gcc/arm-none-eabi/11.3.1/../../../../arm-none-eabi/lib/thumb/v7e-m+fp/hard\libc_nano.a(libc_a-mallocr.o)
                0x0000000020000a54                __malloc_sbrk_start
 .bss.__sf      0x0000000020000a58      0x138 C:/ST/STM32CubeIDE_1.13.1/STM32CubeIDE/plugins/com.st.stm32cube.ide.mcu.externaltools.gnu-tools-for-stm32.11.3.rel1.win32_1.1.0.202305231506/tools/bin/../lib/gcc/arm-none-eabi/11.3.1/../../../../arm-none-eabi/lib/thumb/v7e-m+fp/hard\libc_nano.a(libc_a-findfp.o)
                0x0000000020000a58                __sf
 .bss.errno     0x0000000020000b90        0x4 C:/ST/STM32CubeIDE_1.13.1/STM32CubeIDE/plugins/com.st.stm32cube.ide.mcu.externaltools.gnu-tools-for-stm32.11.3.rel1.win32_1.1.0.202305231506/tools/bin/../lib/gcc/arm-none-eabi/11.3.1/../../../../arm-none-eabi/lib/thumb/v7e-m+fp/hard\libc_nano.a(libc_a-reent.o)
                0x0000000020000b90                errno
 .bss.__lock___malloc_recursive_mutex
                0x0000000020000b94        0x1 C:/ST/STM32CubeIDE_1.13.1/STM32CubeIDE/plugins/com.st.stm32cube.ide.mcu.externaltools.gnu-tools-for-stm32.11.3.rel1.win32_1.1.0.202305231506/tools/bin/../lib/gcc/arm-none-eabi/11.3.1/../../../../arm-none-eabi/lib/thumb/v7e-m+fp/hard\libc_nano.a(libc_a-lock.o)
                0x0000000020000b94                __lock___malloc_recursive_mutex
 *(COMMON)
                0x0000000020000b98                . = ALIGN (0x4)
 *fill*         0x0000000020000b95        0x3 
                0x0000000020000b98                _ebss = .
                0x0000000020000b98                __bss_end__ = _ebss

._user_heap_stack
                0x0000000020000b98      0x600 load address 0x000000000800a544
                0x0000000020000b98                . = ALIGN (0x8)
                [!provide]                        PROVIDE (end = .)
                0x0000000020000b98                PROVIDE (_end = .)
                0x0000000020000d98                . = (. + _Min_Heap_Size)
 *fill*         0x0000000020000b98      0x200 
                0x0000000020001198                . = (. + _Min_Stack_Size)
 *fill*         0x0000000020000d98      0x400 
                0x0000000020001198                . = ALIGN (0x8)

/DISCARD/
 libc.a(*)
 libm.a(*)
 libgcc.a(*)

.ARM.attributes
                0x0000000000000000       0x30
 *(.ARM.attributes)
 .ARM.attributes
                0x0000000000000000       0x1e C:/ST/STM32CubeIDE_1.13.1/STM32CubeIDE/plugins/com.st.stm32cube.ide.mcu.externaltools.gnu-tools-for-stm32.11.3.rel1.win32_1.1.0.202305231506/tools/bin/../lib/gcc/arm-none-eabi/11.3.1/thumb/v7e-m+fp/hard/crti.o
 .ARM.attributes
                0x000000000000001e       0x34 C:/ST/STM32CubeIDE_1.13.1/STM32CubeIDE/plugins/com.st.stm32cube.ide.mcu.externaltools.gnu-tools-for-stm32.11.3.rel1.win32_1.1.0.202305231506/tools/bin/../lib/gcc/arm-none-eabi/11.3.1/thumb/v7e-m+fp/hard/crtbegin.o
 .ARM.attributes
                0x0000000000000052       0x34 ./Core/Src/main.o
 .ARM.attributes
                0x0000000000000086       0x34 ./Core/Src/stm32l4xx_hal_msp.o
 .ARM.attributes
                0x00000000000000ba       0x34 ./Core/Src/stm32l4xx_it.o
 .ARM.attributes
                0x00000000000000ee       0x34 ./Core/Src/sysmem.o
 .ARM.attributes
                0x0000000000000122       0x34 ./Core/Src/system_stm32l4xx.o
 .ARM.attributes
                0x0000000000000156       0x21 ./Core/Startup/startup_stm32l496zgtxp.o
 .ARM.attributes
                0x0000000000000177       0x34 ./Drivers/STM32L4xx_HAL_Driver/stm32l4xx_hal.o
 .ARM.attributes
                0x00000000000001ab       0x34 ./Drivers/STM32L4xx_HAL_Driver/stm32l4xx_hal_cortex.o
 .ARM.attributes
                0x00000000000001df       0x34 ./Drivers/STM32L4xx_HAL_Driver/stm32l4xx_hal_dma.o
 .ARM.attributes
                0x0000000000000213       0x34 ./Drivers/STM32L4xx_HAL_Driver/stm32l4xx_hal_gpio.o
 .ARM.attributes
                0x0000000000000247       0x34 ./Drivers/STM32L4xx_HAL_Driver/stm32l4xx_hal_hcd.o
 .ARM.attributes
                0x000000000000027b       0x34 ./Drivers/STM32L4xx_HAL_Driver/stm32l4xx_hal_pwr.o
 .ARM.attributes
                0x00000000000002af       0x34 ./Drivers/STM32L4xx_HAL_Driver/stm32l4xx_hal_pwr_ex.o
 .ARM.attributes
                0x00000000000002e3       0x34 ./Drivers/STM32L4xx_HAL_Driver/stm32l4xx_hal_rcc.o
 .ARM.attributes
                0x0000000000000317       0x34 ./Drivers/STM32L4xx_HAL_Driver/stm32l4xx_hal_rcc_ex.o
 .ARM.attributes
                0x000000000000034b       0x34 ./Drivers/STM32L4xx_HAL_Driver/stm32l4xx_hal_spi.o
 .ARM.attributes
                0x000000000000037f       0x34 ./Drivers/STM32L4xx_HAL_Driver/stm32l4xx_hal_tim.o
 .ARM.attributes
                0x00000000000003b3       0x34 ./Drivers/STM32L4xx_HAL_Driver/stm32l4xx_hal_uart.o
 .ARM.attributes
                0x00000000000003e7       0x34 ./Drivers/STM32L4xx_HAL_Driver/stm32l4xx_ll_usb.o
 .ARM.attributes
                0x000000000000041b       0x34 ./Middlewares/USB_Host_Library/usbh_audio.o
 .ARM.attributes
                0x000000000000044f       0x34 ./Middlewares/USB_Host_Library/usbh_core.o
 .ARM.attributes
                0x0000000000000483       0x34 ./Middlewares/USB_Host_Library/usbh_ctlreq.o
 .ARM.attributes
                0x00000000000004b7       0x34 ./Middlewares/USB_Host_Library/usbh_ioreq.o
 .ARM.attributes
                0x00000000000004eb       0x34 ./Middlewares/USB_Host_Library/usbh_pipes.o
 .ARM.attributes
                0x000000000000051f       0x34 ./USB_HOST/App/usb_host.o
 .ARM.attributes
                0x0000000000000553       0x34 ./USB_HOST/Target/usbh_conf.o
 .ARM.attributes
                0x0000000000000587       0x34 ./USB_HOST/Target/usbh_platform.o
 .ARM.attributes
                0x00000000000005bb       0x34 C:/ST/STM32CubeIDE_1.13.1/STM32CubeIDE/plugins/com.st.stm32cube.ide.mcu.externaltools.gnu-tools-for-stm32.11.3.rel1.win32_1.1.0.202305231506/tools/bin/../lib/gcc/arm-none-eabi/11.3.1/../../../../arm-none-eabi/lib/thumb/v7e-m+fp/hard\libc_nano.a(libc_a-malloc.o)
 .ARM.attributes
                0x00000000000005ef       0x34 C:/ST/STM32CubeIDE_1.13.1/STM32CubeIDE/plugins/com.st.stm32cube.ide.mcu.externaltools.gnu-tools-for-stm32.11.3.rel1.win32_1.1.0.202305231506/tools/bin/../lib/gcc/arm-none-eabi/11.3.1/../../../../arm-none-eabi/lib/thumb/v7e-m+fp/hard\libc_nano.a(libc_a-mallocr.o)
 .ARM.attributes
                0x0000000000000623       0x34 C:/ST/STM32CubeIDE_1.13.1/STM32CubeIDE/plugins/com.st.stm32cube.ide.mcu.externaltools.gnu-tools-for-stm32.11.3.rel1.win32_1.1.0.202305231506/tools/bin/../lib/gcc/arm-none-eabi/11.3.1/../../../../arm-none-eabi/lib/thumb/v7e-m+fp/hard\libc_nano.a(libc_a-mlock.o)
 .ARM.attributes
                0x0000000000000657       0x34 C:/ST/STM32CubeIDE_1.13.1/STM32CubeIDE/plugins/com.st.stm32cube.ide.mcu.externaltools.gnu-tools-for-stm32.11.3.rel1.win32_1.1.0.202305231506/tools/bin/../lib/gcc/arm-none-eabi/11.3.1/../../../../arm-none-eabi/lib/thumb/v7e-m+fp/hard\libc_nano.a(libc_a-findfp.o)
 .ARM.attributes
                0x000000000000068b       0x34 C:/ST/STM32CubeIDE_1.13.1/STM32CubeIDE/plugins/com.st.stm32cube.ide.mcu.externaltools.gnu-tools-for-stm32.11.3.rel1.win32_1.1.0.202305231506/tools/bin/../lib/gcc/arm-none-eabi/11.3.1/../../../../arm-none-eabi/lib/thumb/v7e-m+fp/hard\libc_nano.a(libc_a-memset.o)
 .ARM.attributes
                0x00000000000006bf       0x34 C:/ST/STM32CubeIDE_1.13.1/STM32CubeIDE/plugins/com.st.stm32cube.ide.mcu.externaltools.gnu-tools-for-stm32.11.3.rel1.win32_1.1.0.202305231506/tools/bin/../lib/gcc/arm-none-eabi/11.3.1/../../../../arm-none-eabi/lib/thumb/v7e-m+fp/hard\libc_nano.a(libc_a-reent.o)
 .ARM.attributes
                0x00000000000006f3       0x34 C:/ST/STM32CubeIDE_1.13.1/STM32CubeIDE/plugins/com.st.stm32cube.ide.mcu.externaltools.gnu-tools-for-stm32.11.3.rel1.win32_1.1.0.202305231506/tools/bin/../lib/gcc/arm-none-eabi/11.3.1/../../../../arm-none-eabi/lib/thumb/v7e-m+fp/hard\libc_nano.a(libc_a-impure.o)
 .ARM.attributes
                0x0000000000000727       0x34 C:/ST/STM32CubeIDE_1.13.1/STM32CubeIDE/plugins/com.st.stm32cube.ide.mcu.externaltools.gnu-tools-for-stm32.11.3.rel1.win32_1.1.0.202305231506/tools/bin/../lib/gcc/arm-none-eabi/11.3.1/../../../../arm-none-eabi/lib/thumb/v7e-m+fp/hard\libc_nano.a(libc_a-sbrkr.o)
 .ARM.attributes
                0x000000000000075b       0x34 C:/ST/STM32CubeIDE_1.13.1/STM32CubeIDE/plugins/com.st.stm32cube.ide.mcu.externaltools.gnu-tools-for-stm32.11.3.rel1.win32_1.1.0.202305231506/tools/bin/../lib/gcc/arm-none-eabi/11.3.1/../../../../arm-none-eabi/lib/thumb/v7e-m+fp/hard\libc_nano.a(libc_a-errno.o)
 .ARM.attributes
                0x000000000000078f       0x34 C:/ST/STM32CubeIDE_1.13.1/STM32CubeIDE/plugins/com.st.stm32cube.ide.mcu.externaltools.gnu-tools-for-stm32.11.3.rel1.win32_1.1.0.202305231506/tools/bin/../lib/gcc/arm-none-eabi/11.3.1/../../../../arm-none-eabi/lib/thumb/v7e-m+fp/hard\libc_nano.a(libc_a-init.o)
 .ARM.attributes
                0x00000000000007c3       0x34 C:/ST/STM32CubeIDE_1.13.1/STM32CubeIDE/plugins/com.st.stm32cube.ide.mcu.externaltools.gnu-tools-for-stm32.11.3.rel1.win32_1.1.0.202305231506/tools/bin/../lib/gcc/arm-none-eabi/11.3.1/../../../../arm-none-eabi/lib/thumb/v7e-m+fp/hard\libc_nano.a(libc_a-lock.o)
 .ARM.attributes
                0x00000000000007f7       0x34 C:/ST/STM32CubeIDE_1.13.1/STM32CubeIDE/plugins/com.st.stm32cube.ide.mcu.externaltools.gnu-tools-for-stm32.11.3.rel1.win32_1.1.0.202305231506/tools/bin/../lib/gcc/arm-none-eabi/11.3.1/../../../../arm-none-eabi/lib/thumb/v7e-m+fp/hard\libc_nano.a(libc_a-freer.o)
 .ARM.attributes
                0x000000000000082b       0x1e C:/ST/STM32CubeIDE_1.13.1/STM32CubeIDE/plugins/com.st.stm32cube.ide.mcu.externaltools.gnu-tools-for-stm32.11.3.rel1.win32_1.1.0.202305231506/tools/bin/../lib/gcc/arm-none-eabi/11.3.1/thumb/v7e-m+fp/hard\libgcc.a(_aeabi_uldivmod.o)
 .ARM.attributes
                0x0000000000000849       0x34 C:/ST/STM32CubeIDE_1.13.1/STM32CubeIDE/plugins/com.st.stm32cube.ide.mcu.externaltools.gnu-tools-for-stm32.11.3.rel1.win32_1.1.0.202305231506/tools/bin/../lib/gcc/arm-none-eabi/11.3.1/thumb/v7e-m+fp/hard\libgcc.a(_udivmoddi4.o)
 .ARM.attributes
                0x000000000000087d       0x1e C:/ST/STM32CubeIDE_1.13.1/STM32CubeIDE/plugins/com.st.stm32cube.ide.mcu.externaltools.gnu-tools-for-stm32.11.3.rel1.win32_1.1.0.202305231506/tools/bin/../lib/gcc/arm-none-eabi/11.3.1/thumb/v7e-m+fp/hard\libgcc.a(_dvmd_tls.o)
 .ARM.attributes
                0x000000000000089b       0x1e C:/ST/STM32CubeIDE_1.13.1/STM32CubeIDE/plugins/com.st.stm32cube.ide.mcu.externaltools.gnu-tools-for-stm32.11.3.rel1.win32_1.1.0.202305231506/tools/bin/../lib/gcc/arm-none-eabi/11.3.1/thumb/v7e-m+fp/hard/crtn.o
OUTPUT(IntanAmp.elf elf32-littlearm)
LOAD linker stubs
LOAD C:/ST/STM32CubeIDE_1.13.1/STM32CubeIDE/plugins/com.st.stm32cube.ide.mcu.externaltools.gnu-tools-for-stm32.11.3.rel1.win32_1.1.0.202305231506/tools/bin/../lib/gcc/arm-none-eabi/11.3.1/../../../../arm-none-eabi/lib/thumb/v7e-m+fp/hard\libc.a
LOAD C:/ST/STM32CubeIDE_1.13.1/STM32CubeIDE/plugins/com.st.stm32cube.ide.mcu.externaltools.gnu-tools-for-stm32.11.3.rel1.win32_1.1.0.202305231506/tools/bin/../lib/gcc/arm-none-eabi/11.3.1/../../../../arm-none-eabi/lib/thumb/v7e-m+fp/hard\libm.a
LOAD C:/ST/STM32CubeIDE_1.13.1/STM32CubeIDE/plugins/com.st.stm32cube.ide.mcu.externaltools.gnu-tools-for-stm32.11.3.rel1.win32_1.1.0.202305231506/tools/bin/../lib/gcc/arm-none-eabi/11.3.1/thumb/v7e-m+fp/hard\libgcc.a

.comment        0x0000000000000000       0x43
 .comment       0x0000000000000000       0x43 C:/ST/STM32CubeIDE_1.13.1/STM32CubeIDE/plugins/com.st.stm32cube.ide.mcu.externaltools.gnu-tools-for-stm32.11.3.rel1.win32_1.1.0.202305231506/tools/bin/../lib/gcc/arm-none-eabi/11.3.1/thumb/v7e-m+fp/hard/crtbegin.o
                                         0x44 (size before relaxing)
 .comment       0x0000000000000043       0x44 ./Core/Src/main.o
 .comment       0x0000000000000043       0x44 ./Core/Src/stm32l4xx_hal_msp.o
 .comment       0x0000000000000043       0x44 ./Core/Src/stm32l4xx_it.o
 .comment       0x0000000000000043       0x44 ./Core/Src/sysmem.o
 .comment       0x0000000000000043       0x44 ./Core/Src/system_stm32l4xx.o
 .comment       0x0000000000000043       0x44 ./Drivers/STM32L4xx_HAL_Driver/stm32l4xx_hal.o
 .comment       0x0000000000000043       0x44 ./Drivers/STM32L4xx_HAL_Driver/stm32l4xx_hal_cortex.o
 .comment       0x0000000000000043       0x44 ./Drivers/STM32L4xx_HAL_Driver/stm32l4xx_hal_dma.o
 .comment       0x0000000000000043       0x44 ./Drivers/STM32L4xx_HAL_Driver/stm32l4xx_hal_gpio.o
 .comment       0x0000000000000043       0x44 ./Drivers/STM32L4xx_HAL_Driver/stm32l4xx_hal_hcd.o
 .comment       0x0000000000000043       0x44 ./Drivers/STM32L4xx_HAL_Driver/stm32l4xx_hal_pwr.o
 .comment       0x0000000000000043       0x44 ./Drivers/STM32L4xx_HAL_Driver/stm32l4xx_hal_pwr_ex.o
 .comment       0x0000000000000043       0x44 ./Drivers/STM32L4xx_HAL_Driver/stm32l4xx_hal_rcc.o
 .comment       0x0000000000000043       0x44 ./Drivers/STM32L4xx_HAL_Driver/stm32l4xx_hal_rcc_ex.o
 .comment       0x0000000000000043       0x44 ./Drivers/STM32L4xx_HAL_Driver/stm32l4xx_hal_spi.o
 .comment       0x0000000000000043       0x44 ./Drivers/STM32L4xx_HAL_Driver/stm32l4xx_hal_tim.o
 .comment       0x0000000000000043       0x44 ./Drivers/STM32L4xx_HAL_Driver/stm32l4xx_hal_uart.o
 .comment       0x0000000000000043       0x44 ./Drivers/STM32L4xx_HAL_Driver/stm32l4xx_ll_usb.o
 .comment       0x0000000000000043       0x44 ./Middlewares/USB_Host_Library/usbh_audio.o
 .comment       0x0000000000000043       0x44 ./Middlewares/USB_Host_Library/usbh_core.o
 .comment       0x0000000000000043       0x44 ./Middlewares/USB_Host_Library/usbh_ctlreq.o
 .comment       0x0000000000000043       0x44 ./Middlewares/USB_Host_Library/usbh_ioreq.o
 .comment       0x0000000000000043       0x44 ./Middlewares/USB_Host_Library/usbh_pipes.o
 .comment       0x0000000000000043       0x44 ./USB_HOST/App/usb_host.o
 .comment       0x0000000000000043       0x44 ./USB_HOST/Target/usbh_conf.o
 .comment       0x0000000000000043       0x44 ./USB_HOST/Target/usbh_platform.o

.debug_info     0x0000000000000000    0x1c9d5
 .debug_info    0x0000000000000000     0x1762 ./Core/Src/main.o
 .debug_info    0x0000000000001762     0x172b ./Core/Src/stm32l4xx_hal_msp.o
 .debug_info    0x0000000000002e8d      0xc6a ./Core/Src/stm32l4xx_it.o
 .debug_info    0x0000000000003af7      0x168 ./Core/Src/sysmem.o
 .debug_info    0x0000000000003c5f      0x5cd ./Core/Src/system_stm32l4xx.o
 .debug_info    0x000000000000422c       0x23 ./Core/Startup/startup_stm32l496zgtxp.o
 .debug_info    0x000000000000424f      0xb4b ./Drivers/STM32L4xx_HAL_Driver/stm32l4xx_hal.o
 .debug_info    0x0000000000004d9a      0xd82 ./Drivers/STM32L4xx_HAL_Driver/stm32l4xx_hal_cortex.o
 .debug_info    0x0000000000005b1c      0x6f4 ./Drivers/STM32L4xx_HAL_Driver/stm32l4xx_hal_dma.o
 .debug_info    0x0000000000006210      0x76f ./Drivers/STM32L4xx_HAL_Driver/stm32l4xx_hal_gpio.o
 .debug_info    0x000000000000697f     0x1122 ./Drivers/STM32L4xx_HAL_Driver/stm32l4xx_hal_hcd.o
 .debug_info    0x0000000000007aa1      0x956 ./Drivers/STM32L4xx_HAL_Driver/stm32l4xx_hal_pwr.o
 .debug_info    0x00000000000083f7      0x996 ./Drivers/STM32L4xx_HAL_Driver/stm32l4xx_hal_pwr_ex.o
 .debug_info    0x0000000000008d8d      0xc3b ./Drivers/STM32L4xx_HAL_Driver/stm32l4xx_hal_rcc.o
 .debug_info    0x00000000000099c8     0x10c1 ./Drivers/STM32L4xx_HAL_Driver/stm32l4xx_hal_rcc_ex.o
 .debug_info    0x000000000000aa89     0x161a ./Drivers/STM32L4xx_HAL_Driver/stm32l4xx_hal_spi.o
 .debug_info    0x000000000000c0a3     0x2a9a ./Drivers/STM32L4xx_HAL_Driver/stm32l4xx_hal_tim.o
 .debug_info    0x000000000000eb3d     0x3b85 ./Drivers/STM32L4xx_HAL_Driver/stm32l4xx_hal_uart.o
 .debug_info    0x00000000000126c2     0x1971 ./Drivers/STM32L4xx_HAL_Driver/stm32l4xx_ll_usb.o
 .debug_info    0x0000000000014033     0x26fa ./Middlewares/USB_Host_Library/usbh_audio.o
 .debug_info    0x000000000001672d      0xfb1 ./Middlewares/USB_Host_Library/usbh_core.o
 .debug_info    0x00000000000176de      0xfa5 ./Middlewares/USB_Host_Library/usbh_ctlreq.o
 .debug_info    0x0000000000018683      0xc2a ./Middlewares/USB_Host_Library/usbh_ioreq.o
 .debug_info    0x00000000000192ad      0xa8d ./Middlewares/USB_Host_Library/usbh_pipes.o
 .debug_info    0x0000000000019d3a      0xa0f ./USB_HOST/App/usb_host.o
 .debug_info    0x000000000001a749     0x20a7 ./USB_HOST/Target/usbh_conf.o
 .debug_info    0x000000000001c7f0      0x1e5 ./USB_HOST/Target/usbh_platform.o

.debug_abbrev   0x0000000000000000     0x3db2
 .debug_abbrev  0x0000000000000000      0x2de ./Core/Src/main.o
 .debug_abbrev  0x00000000000002de      0x242 ./Core/Src/stm32l4xx_hal_msp.o
 .debug_abbrev  0x0000000000000520      0x1d5 ./Core/Src/stm32l4xx_it.o
 .debug_abbrev  0x00000000000006f5       0xbc ./Core/Src/sysmem.o
 .debug_abbrev  0x00000000000007b1      0x11a ./Core/Src/system_stm32l4xx.o
 .debug_abbrev  0x00000000000008cb       0x12 ./Core/Startup/startup_stm32l496zgtxp.o
 .debug_abbrev  0x00000000000008dd      0x242 ./Drivers/STM32L4xx_HAL_Driver/stm32l4xx_hal.o
 .debug_abbrev  0x0000000000000b1f      0x327 ./Drivers/STM32L4xx_HAL_Driver/stm32l4xx_hal_cortex.o
 .debug_abbrev  0x0000000000000e46      0x1e4 ./Drivers/STM32L4xx_HAL_Driver/stm32l4xx_hal_dma.o
 .debug_abbrev  0x000000000000102a      0x1cb ./Drivers/STM32L4xx_HAL_Driver/stm32l4xx_hal_gpio.o
 .debug_abbrev  0x00000000000011f5      0x298 ./Drivers/STM32L4xx_HAL_Driver/stm32l4xx_hal_hcd.o
 .debug_abbrev  0x000000000000148d      0x1d4 ./Drivers/STM32L4xx_HAL_Driver/stm32l4xx_hal_pwr.o
 .debug_abbrev  0x0000000000001661      0x1f9 ./Drivers/STM32L4xx_HAL_Driver/stm32l4xx_hal_pwr_ex.o
 .debug_abbrev  0x000000000000185a      0x2cb ./Drivers/STM32L4xx_HAL_Driver/stm32l4xx_hal_rcc.o
 .debug_abbrev  0x0000000000001b25      0x2a3 ./Drivers/STM32L4xx_HAL_Driver/stm32l4xx_hal_rcc_ex.o
 .debug_abbrev  0x0000000000001dc8      0x26a ./Drivers/STM32L4xx_HAL_Driver/stm32l4xx_hal_spi.o
 .debug_abbrev  0x0000000000002032      0x278 ./Drivers/STM32L4xx_HAL_Driver/stm32l4xx_hal_tim.o
 .debug_abbrev  0x00000000000022aa      0x2d0 ./Drivers/STM32L4xx_HAL_Driver/stm32l4xx_hal_uart.o
 .debug_abbrev  0x000000000000257a      0x2b3 ./Drivers/STM32L4xx_HAL_Driver/stm32l4xx_ll_usb.o
 .debug_abbrev  0x000000000000282d      0x336 ./Middlewares/USB_Host_Library/usbh_audio.o
 .debug_abbrev  0x0000000000002b63      0x32c ./Middlewares/USB_Host_Library/usbh_core.o
 .debug_abbrev  0x0000000000002e8f      0x301 ./Middlewares/USB_Host_Library/usbh_ctlreq.o
 .debug_abbrev  0x0000000000003190      0x247 ./Middlewares/USB_Host_Library/usbh_ioreq.o
 .debug_abbrev  0x00000000000033d7      0x283 ./Middlewares/USB_Host_Library/usbh_pipes.o
 .debug_abbrev  0x000000000000365a      0x270 ./USB_HOST/App/usb_host.o
 .debug_abbrev  0x00000000000038ca      0x3d4 ./USB_HOST/Target/usbh_conf.o
 .debug_abbrev  0x0000000000003c9e      0x114 ./USB_HOST/Target/usbh_platform.o

.debug_aranges  0x0000000000000000     0x1728
 .debug_aranges
                0x0000000000000000       0x68 ./Core/Src/main.o
 .debug_aranges
                0x0000000000000068       0x50 ./Core/Src/stm32l4xx_hal_msp.o
 .debug_aranges
                0x00000000000000b8       0x78 ./Core/Src/stm32l4xx_it.o
 .debug_aranges
                0x0000000000000130       0x20 ./Core/Src/sysmem.o
 .debug_aranges
                0x0000000000000150       0x28 ./Core/Src/system_stm32l4xx.o
 .debug_aranges
                0x0000000000000178       0x28 ./Core/Startup/startup_stm32l496zgtxp.o
 .debug_aranges
                0x00000000000001a0      0x130 ./Drivers/STM32L4xx_HAL_Driver/stm32l4xx_hal.o
 .debug_aranges
                0x00000000000002d0      0x118 ./Drivers/STM32L4xx_HAL_Driver/stm32l4xx_hal_cortex.o
 .debug_aranges
                0x00000000000003e8       0x80 ./Drivers/STM32L4xx_HAL_Driver/stm32l4xx_hal_dma.o
 .debug_aranges
                0x0000000000000468       0x58 ./Drivers/STM32L4xx_HAL_Driver/stm32l4xx_hal_gpio.o
 .debug_aranges
                0x00000000000004c0      0x100 ./Drivers/STM32L4xx_HAL_Driver/stm32l4xx_hal_hcd.o
 .debug_aranges
                0x00000000000005c0       0x98 ./Drivers/STM32L4xx_HAL_Driver/stm32l4xx_hal_pwr.o
 .debug_aranges
                0x0000000000000658      0x150 ./Drivers/STM32L4xx_HAL_Driver/stm32l4xx_hal_pwr_ex.o
 .debug_aranges
                0x00000000000007a8       0x90 ./Drivers/STM32L4xx_HAL_Driver/stm32l4xx_hal_rcc.o
 .debug_aranges
                0x0000000000000838      0x108 ./Drivers/STM32L4xx_HAL_Driver/stm32l4xx_hal_rcc_ex.o
 .debug_aranges
                0x0000000000000940      0x1d8 ./Drivers/STM32L4xx_HAL_Driver/stm32l4xx_hal_spi.o
 .debug_aranges
                0x0000000000000b18      0x3e0 ./Drivers/STM32L4xx_HAL_Driver/stm32l4xx_hal_tim.o
 .debug_aranges
                0x0000000000000ef8      0x228 ./Drivers/STM32L4xx_HAL_Driver/stm32l4xx_hal_uart.o
 .debug_aranges
                0x0000000000001120      0x1a0 ./Drivers/STM32L4xx_HAL_Driver/stm32l4xx_ll_usb.o
 .debug_aranges
                0x00000000000012c0      0x140 ./Middlewares/USB_Host_Library/usbh_audio.o
 .debug_aranges
                0x0000000000001400       0xc0 ./Middlewares/USB_Host_Library/usbh_core.o
 .debug_aranges
                0x00000000000014c0       0xa0 ./Middlewares/USB_Host_Library/usbh_ctlreq.o
 .debug_aranges
                0x0000000000001560       0x60 ./Middlewares/USB_Host_Library/usbh_ioreq.o
 .debug_aranges
                0x00000000000015c0       0x40 ./Middlewares/USB_Host_Library/usbh_pipes.o
 .debug_aranges
                0x0000000000001600       0x30 ./USB_HOST/App/usb_host.o
 .debug_aranges
                0x0000000000001630       0xd8 ./USB_HOST/Target/usbh_conf.o
 .debug_aranges
                0x0000000000001708       0x20 ./USB_HOST/Target/usbh_platform.o

.debug_rnglists
                0x0000000000000000     0x11de
 .debug_rnglists
                0x0000000000000000       0x4b ./Core/Src/main.o
 .debug_rnglists
                0x000000000000004b       0x39 ./Core/Src/stm32l4xx_hal_msp.o
 .debug_rnglists
                0x0000000000000084       0x55 ./Core/Src/stm32l4xx_it.o
 .debug_rnglists
                0x00000000000000d9       0x13 ./Core/Src/sysmem.o
 .debug_rnglists
                0x00000000000000ec       0x1a ./Core/Src/system_stm32l4xx.o
 .debug_rnglists
                0x0000000000000106       0x19 ./Core/Startup/startup_stm32l496zgtxp.o
 .debug_rnglists
                0x000000000000011f       0xdf ./Drivers/STM32L4xx_HAL_Driver/stm32l4xx_hal.o
 .debug_rnglists
                0x00000000000001fe       0xce ./Drivers/STM32L4xx_HAL_Driver/stm32l4xx_hal_cortex.o
 .debug_rnglists
                0x00000000000002cc       0x64 ./Drivers/STM32L4xx_HAL_Driver/stm32l4xx_hal_dma.o
 .debug_rnglists
                0x0000000000000330       0x3f ./Drivers/STM32L4xx_HAL_Driver/stm32l4xx_hal_gpio.o
 .debug_rnglists
                0x000000000000036f       0xc3 ./Drivers/STM32L4xx_HAL_Driver/stm32l4xx_hal_hcd.o
 .debug_rnglists
                0x0000000000000432       0x6e ./Drivers/STM32L4xx_HAL_Driver/stm32l4xx_hal_pwr.o
 .debug_rnglists
                0x00000000000004a0       0xfd ./Drivers/STM32L4xx_HAL_Driver/stm32l4xx_hal_pwr_ex.o
 .debug_rnglists
                0x000000000000059d       0x6d ./Drivers/STM32L4xx_HAL_Driver/stm32l4xx_hal_rcc.o
 .debug_rnglists
                0x000000000000060a       0xce ./Drivers/STM32L4xx_HAL_Driver/stm32l4xx_hal_rcc_ex.o
 .debug_rnglists
                0x00000000000006d8      0x178 ./Drivers/STM32L4xx_HAL_Driver/stm32l4xx_hal_spi.o
 .debug_rnglists
                0x0000000000000850      0x328 ./Drivers/STM32L4xx_HAL_Driver/stm32l4xx_hal_tim.o
 .debug_rnglists
                0x0000000000000b78      0x1db ./Drivers/STM32L4xx_HAL_Driver/stm32l4xx_hal_uart.o
 .debug_rnglists
                0x0000000000000d53      0x146 ./Drivers/STM32L4xx_HAL_Driver/stm32l4xx_ll_usb.o
 .debug_rnglists
                0x0000000000000e99      0x101 ./Middlewares/USB_Host_Library/usbh_audio.o
 .debug_rnglists
                0x0000000000000f9a       0x8f ./Middlewares/USB_Host_Library/usbh_core.o
 .debug_rnglists
                0x0000000000001029       0x77 ./Middlewares/USB_Host_Library/usbh_ctlreq.o
 .debug_rnglists
                0x00000000000010a0       0x43 ./Middlewares/USB_Host_Library/usbh_ioreq.o
 .debug_rnglists
                0x00000000000010e3       0x2b ./Middlewares/USB_Host_Library/usbh_pipes.o
 .debug_rnglists
                0x000000000000110e       0x1f ./USB_HOST/App/usb_host.o
 .debug_rnglists
                0x000000000000112d       0x9e ./USB_HOST/Target/usbh_conf.o
 .debug_rnglists
                0x00000000000011cb       0x13 ./USB_HOST/Target/usbh_platform.o

.debug_macro    0x0000000000000000    0x2bd89
 .debug_macro   0x0000000000000000      0x207 ./Core/Src/main.o
 .debug_macro   0x0000000000000207      0xaa8 ./Core/Src/main.o
 .debug_macro   0x0000000000000caf      0x1b3 ./Core/Src/main.o
 .debug_macro   0x0000000000000e62       0x2e ./Core/Src/main.o
 .debug_macro   0x0000000000000e90       0x28 ./Core/Src/main.o
 .debug_macro   0x0000000000000eb8       0x22 ./Core/Src/main.o
 .debug_macro   0x0000000000000eda       0x8e ./Core/Src/main.o
 .debug_macro   0x0000000000000f68       0x51 ./Core/Src/main.o
 .debug_macro   0x0000000000000fb9      0x103 ./Core/Src/main.o
 .debug_macro   0x00000000000010bc       0x6a ./Core/Src/main.o
 .debug_macro   0x0000000000001126      0x1df ./Core/Src/main.o
 .debug_macro   0x0000000000001305       0x1c ./Core/Src/main.o
 .debug_macro   0x0000000000001321       0x22 ./Core/Src/main.o
 .debug_macro   0x0000000000001343       0xfb ./Core/Src/main.o
 .debug_macro   0x000000000000143e     0x1011 ./Core/Src/main.o
 .debug_macro   0x000000000000244f      0x11f ./Core/Src/main.o
 .debug_macro   0x000000000000256e    0x1c1e2 ./Core/Src/main.o
 .debug_macro   0x000000000001e750       0x6d ./Core/Src/main.o
 .debug_macro   0x000000000001e7bd     0x38e6 ./Core/Src/main.o
 .debug_macro   0x00000000000220a3      0x174 ./Core/Src/main.o
 .debug_macro   0x0000000000022217       0x5c ./Core/Src/main.o
 .debug_macro   0x0000000000022273     0x187d ./Core/Src/main.o
 .debug_macro   0x0000000000023af0      0x773 ./Core/Src/main.o
 .debug_macro   0x0000000000024263      0x1b9 ./Core/Src/main.o
 .debug_macro   0x000000000002441c      0x202 ./Core/Src/main.o
 .debug_macro   0x000000000002461e      0x26b ./Core/Src/main.o
 .debug_macro   0x0000000000024889      0x23d ./Core/Src/main.o
 .debug_macro   0x0000000000024ac6      0x241 ./Core/Src/main.o
 .debug_macro   0x0000000000024d07      0x3ad ./Core/Src/main.o
 .debug_macro   0x00000000000250b4       0xe4 ./Core/Src/main.o
 .debug_macro   0x0000000000025198      0x209 ./Core/Src/main.o
 .debug_macro   0x00000000000253a1       0x7d ./Core/Src/main.o
 .debug_macro   0x000000000002541e      0x122 ./Core/Src/main.o
 .debug_macro   0x0000000000025540      0x3ef ./Core/Src/main.o
 .debug_macro   0x000000000002592f      0x2fe ./Core/Src/main.o
 .debug_macro   0x0000000000025c2d      0xa98 ./Core/Src/main.o
 .debug_macro   0x00000000000266c5      0x1fb ./Core/Src/main.o
 .debug_macro   0x00000000000268c0      0x5cf ./Core/Src/main.o
 .debug_macro   0x0000000000026e8f       0x44 ./Core/Src/main.o
 .debug_macro   0x0000000000026ed3      0x433 ./Core/Src/main.o
 .debug_macro   0x0000000000027306       0xfa ./Core/Src/main.o
 .debug_macro   0x0000000000027400      0x1fd ./Core/Src/stm32l4xx_hal_msp.o
 .debug_macro   0x00000000000275fd      0x207 ./Core/Src/stm32l4xx_it.o
 .debug_macro   0x0000000000027804       0xff ./Core/Src/sysmem.o
 .debug_macro   0x0000000000027903      0x23c ./Core/Src/sysmem.o
 .debug_macro   0x0000000000027b3f      0x1ee ./Core/Src/system_stm32l4xx.o
 .debug_macro   0x0000000000027d2d      0x23c ./Drivers/STM32L4xx_HAL_Driver/stm32l4xx_hal.o
 .debug_macro   0x0000000000027f69      0x1ee ./Drivers/STM32L4xx_HAL_Driver/stm32l4xx_hal_cortex.o
 .debug_macro   0x0000000000028157      0x1ee ./Drivers/STM32L4xx_HAL_Driver/stm32l4xx_hal_dma.o
 .debug_macro   0x0000000000028345      0x1f5 ./Drivers/STM32L4xx_HAL_Driver/stm32l4xx_hal_gpio.o
 .debug_macro   0x000000000002853a      0x1ee ./Drivers/STM32L4xx_HAL_Driver/stm32l4xx_hal_hcd.o
 .debug_macro   0x0000000000028728      0x206 ./Drivers/STM32L4xx_HAL_Driver/stm32l4xx_hal_pwr.o
 .debug_macro   0x000000000002892e      0x218 ./Drivers/STM32L4xx_HAL_Driver/stm32l4xx_hal_pwr_ex.o
 .debug_macro   0x0000000000028b46      0x230 ./Drivers/STM32L4xx_HAL_Driver/stm32l4xx_hal_rcc.o
 .debug_macro   0x0000000000028d76      0x224 ./Drivers/STM32L4xx_HAL_Driver/stm32l4xx_hal_rcc_ex.o
 .debug_macro   0x0000000000028f9a      0x1f6 ./Drivers/STM32L4xx_HAL_Driver/stm32l4xx_hal_spi.o
 .debug_macro   0x0000000000029190      0x1ef ./Drivers/STM32L4xx_HAL_Driver/stm32l4xx_hal_tim.o
 .debug_macro   0x000000000002937f      0x219 ./Drivers/STM32L4xx_HAL_Driver/stm32l4xx_hal_uart.o
 .debug_macro   0x0000000000029598      0x1ee ./Drivers/STM32L4xx_HAL_Driver/stm32l4xx_ll_usb.o