Archive member included to satisfy reference by file (symbol)

C:/ST/STM32CubeIDE_1.13.1/STM32CubeIDE/plugins/com.st.stm32cube.ide.mcu.externaltools.gnu-tools-for-stm32.11.3.rel1.win32_1.1.0.202305231506/tools/bin/../lib/gcc/arm-none-eabi/11.3.1/../../../../arm-none-eabi/lib/thumb/v7e-m+fp/hard\libc_nano.a(libc_a-exit.o)
                              C:/ST/STM32CubeIDE_1.13.1/STM32CubeIDE/plugins/com.st.stm32cube.ide.mcu.externaltools.gnu-tools-for-stm32.11.3.rel1.win32_1.1.0.202305231506/tools/bin/../lib/gcc/arm-none-eabi/11.3.1/../../../../arm-none-eabi/lib/thumb/v7e-m+fp/hard/crt0.o (exit)
C:/ST/STM32CubeIDE_1.13.1/STM32CubeIDE/plugins/com.st.stm32cube.ide.mcu.externaltools.gnu-tools-for-stm32.11.3.rel1.win32_1.1.0.202305231506/tools/bin/../lib/gcc/arm-none-eabi/11.3.1/../../../../arm-none-eabi/lib/thumb/v7e-m+fp/hard\libc_nano.a(libc_a-malloc.o)
                              ./Middlewares/USB_Host_Library/usbh_audio.o (malloc)
C:/ST/STM32CubeIDE_1.13.1/STM32CubeIDE/plugins/com.st.stm32cube.ide.mcu.externaltools.gnu-tools-for-stm32.11.3.rel1.win32_1.1.0.202305231506/tools/bin/../lib/gcc/arm-none-eabi/11.3.1/../../../../arm-none-eabi/lib/thumb/v7e-m+fp/hard\libc_nano.a(libc_a-mallocr.o)
                              C:/ST/STM32CubeIDE_1.13.1/STM32CubeIDE/plugins/com.st.stm32cube.ide.mcu.externaltools.gnu-tools-for-stm32.11.3.rel1.win32_1.1.0.202305231506/tools/bin/../lib/gcc/arm-none-eabi/11.3.1/../../../../arm-none-eabi/lib/thumb/v7e-m+fp/hard\libc_nano.a(libc_a-malloc.o) (_malloc_r)
C:/ST/STM32CubeIDE_1.13.1/STM32CubeIDE/plugins/com.st.stm32cube.ide.mcu.externaltools.gnu-tools-for-stm32.11.3.rel1.win32_1.1.0.202305231506/tools/bin/../lib/gcc/arm-none-eabi/11.3.1/../../../../arm-none-eabi/lib/thumb/v7e-m+fp/hard\libc_nano.a(libc_a-mlock.o)
                              C:/ST/STM32CubeIDE_1.13.1/STM32CubeIDE/plugins/com.st.stm32cube.ide.mcu.externaltools.gnu-tools-for-stm32.11.3.rel1.win32_1.1.0.202305231506/tools/bin/../lib/gcc/arm-none-eabi/11.3.1/../../../../arm-none-eabi/lib/thumb/v7e-m+fp/hard\libc_nano.a(libc_a-mallocr.o) (__malloc_lock)
C:/ST/STM32CubeIDE_1.13.1/STM32CubeIDE/plugins/com.st.stm32cube.ide.mcu.externaltools.gnu-tools-for-stm32.11.3.rel1.win32_1.1.0.202305231506/tools/bin/../lib/gcc/arm-none-eabi/11.3.1/../../../../arm-none-eabi/lib/thumb/v7e-m+fp/hard\libc_nano.a(libc_a-findfp.o)
                              C:/ST/STM32CubeIDE_1.13.1/STM32CubeIDE/plugins/com.st.stm32cube.ide.mcu.externaltools.gnu-tools-for-stm32.11.3.rel1.win32_1.1.0.202305231506/tools/bin/../lib/gcc/arm-none-eabi/11.3.1/../../../../arm-none-eabi/lib/thumb/v7e-m+fp/hard\libc_nano.a(libc_a-exit.o) (__stdio_exit_handler)
C:/ST/STM32CubeIDE_1.13.1/STM32CubeIDE/plugins/com.st.stm32cube.ide.mcu.externaltools.gnu-tools-for-stm32.11.3.rel1.win32_1.1.0.202305231506/tools/bin/../lib/gcc/arm-none-eabi/11.3.1/../../../../arm-none-eabi/lib/thumb/v7e-m+fp/hard\libc_nano.a(libc_a-fwalk.o)
                              C:/ST/STM32CubeIDE_1.13.1/STM32CubeIDE/plugins/com.st.stm32cube.ide.mcu.externaltools.gnu-tools-for-stm32.11.3.rel1.win32_1.1.0.202305231506/tools/bin/../lib/gcc/arm-none-eabi/11.3.1/../../../../arm-none-eabi/lib/thumb/v7e-m+fp/hard\libc_nano.a(libc_a-findfp.o) (_fwalk_sglue)
C:/ST/STM32CubeIDE_1.13.1/STM32CubeIDE/plugins/com.st.stm32cube.ide.mcu.externaltools.gnu-tools-for-stm32.11.3.rel1.win32_1.1.0.202305231506/tools/bin/../lib/gcc/arm-none-eabi/11.3.1/../../../../arm-none-eabi/lib/thumb/v7e-m+fp/hard\libc_nano.a(libc_a-stdio.o)
                              C:/ST/STM32CubeIDE_1.13.1/STM32CubeIDE/plugins/com.st.stm32cube.ide.mcu.externaltools.gnu-tools-for-stm32.11.3.rel1.win32_1.1.0.202305231506/tools/bin/../lib/gcc/arm-none-eabi/11.3.1/../../../../arm-none-eabi/lib/thumb/v7e-m+fp/hard\libc_nano.a(libc_a-findfp.o) (__sread)
C:/ST/STM32CubeIDE_1.13.1/STM32CubeIDE/plugins/com.st.stm32cube.ide.mcu.externaltools.gnu-tools-for-stm32.11.3.rel1.win32_1.1.0.202305231506/tools/bin/../lib/gcc/arm-none-eabi/11.3.1/../../../../arm-none-eabi/lib/thumb/v7e-m+fp/hard\libc_nano.a(libc_a-memset.o)
                              C:/ST/STM32CubeIDE_1.13.1/STM32CubeIDE/plugins/com.st.stm32cube.ide.mcu.externaltools.gnu-tools-for-stm32.11.3.rel1.win32_1.1.0.202305231506/tools/bin/../lib/gcc/arm-none-eabi/11.3.1/../../../../arm-none-eabi/lib/thumb/v7e-m+fp/hard/crt0.o (memset)
C:/ST/STM32CubeIDE_1.13.1/STM32CubeIDE/plugins/com.st.stm32cube.ide.mcu.externaltools.gnu-tools-for-stm32.11.3.rel1.win32_1.1.0.202305231506/tools/bin/../lib/gcc/arm-none-eabi/11.3.1/../../../../arm-none-eabi/lib/thumb/v7e-m+fp/hard\libc_nano.a(libc_a-closer.o)
                              C:/ST/STM32CubeIDE_1.13.1/STM32CubeIDE/plugins/com.st.stm32cube.ide.mcu.externaltools.gnu-tools-for-stm32.11.3.rel1.win32_1.1.0.202305231506/tools/bin/../lib/gcc/arm-none-eabi/11.3.1/../../../../arm-none-eabi/lib/thumb/v7e-m+fp/hard\libc_nano.a(libc_a-stdio.o) (_close_r)
[...]
Memory Configuration

Name             Origin             Length             Attributes
RAM              0x0000000020000000 0x0000000000050000 xrw
RAM2             0x0000000010000000 0x0000000000010000 xrw
FLASH            0x0000000008000000 0x0000000000100000 xr
*default*        0x0000000000000000 0xffffffffffffffff

Linker script and memory map

LOAD C:/ST/STM32CubeIDE_1.13.1/STM32CubeIDE/plugins/com.st.stm32cube.ide.mcu.externaltools.gnu-tools-for-stm32.11.3.rel1.win32_1.1.0.202305231506/tools/bin/../lib/gcc/arm-none-eabi/11.3.1/thumb/v7e-m+fp/hard/crti.o
LOAD C:/ST/STM32CubeIDE_1.13.1/STM32CubeIDE/plugins/com.st.stm32cube.ide.mcu.externaltools.gnu-tools-for-stm32.11.3.rel1.win32_1.1.0.202305231506/tools/bin/../lib/gcc/arm-none-eabi/11.3.1/thumb/v7e-m+fp/hard/crtbegin.o
LOAD C:/ST/STM32CubeIDE_1.13.1/STM32CubeIDE/plugins/com.st.stm32cube.ide.mcu.externaltools.gnu-tools-for-stm32.11.3.rel1.win32_1.1.0.202305231506/tools/bin/../lib/gcc/arm-none-eabi/11.3.1/../../../../arm-none-eabi/lib/thumb/v7e-m+fp/hard/crt0.o
LOAD ./Core/Src/main.o
LOAD ./Core/Src/stm32l4xx_hal_msp.o
LOAD ./Core/Src/stm32l4xx_it.o
LOAD ./Core/Src/syscalls.o
LOAD ./Core/Src/sysmem.o
LOAD ./Core/Src/system_stm32l4xx.o
LOAD ./Core/Startup/startup_stm32l496zgtxp.o
LOAD ./Drivers/STM32L4xx_HAL_Driver/stm32l4xx_hal.o
LOAD ./Drivers/STM32L4xx_HAL_Driver/stm32l4xx_hal_cortex.o
LOAD ./Drivers/STM32L4xx_HAL_Driver/stm32l4xx_hal_dma.o
LOAD ./Drivers/STM32L4xx_HAL_Driver/stm32l4xx_hal_dma_ex.o
LOAD ./Drivers/STM32L4xx_HAL_Driver/stm32l4xx_hal_exti.o
LOAD ./Drivers/STM32L4xx_HAL_Driver/stm32l4xx_hal_flash.o
LOAD ./Drivers/STM32L4xx_HAL_Driver/stm32l4xx_hal_flash_ex.o
LOAD ./Drivers/STM32L4xx_HAL_Driver/stm32l4xx_hal_flash_ramfunc.o
LOAD ./Drivers/STM32L4xx_HAL_Driver/stm32l4xx_hal_gpio.o
LOAD ./Drivers/STM32L4xx_HAL_Driver/stm32l4xx_hal_hcd.o
LOAD ./Drivers/STM32L4xx_HAL_Driver/stm32l4xx_hal_pwr.o
LOAD ./Drivers/STM32L4xx_HAL_Driver/stm32l4xx_hal_pwr_ex.o
LOAD ./Drivers/STM32L4xx_HAL_Driver/stm32l4xx_hal_rcc.o
LOAD ./Drivers/STM32L4xx_HAL_Driver/stm32l4xx_hal_rcc_ex.o
LOAD ./Drivers/STM32L4xx_HAL_Driver/stm32l4xx_hal_spi.o
LOAD ./Drivers/STM32L4xx_HAL_Driver/stm32l4xx_hal_spi_ex.o
LOAD ./Drivers/STM32L4xx_HAL_Driver/stm32l4xx_hal_tim.o
LOAD ./Drivers/STM32L4xx_HAL_Driver/stm32l4xx_hal_tim_ex.o
LOAD ./Drivers/STM32L4xx_HAL_Driver/stm32l4xx_hal_uart.o
LOAD ./Drivers/STM32L4xx_HAL_Driver/stm32l4xx_hal_uart_ex.o
LOAD ./Drivers/STM32L4xx_HAL_Driver/stm32l4xx_ll_usb.o
LOAD ./Middlewares/USB_Host_Library/usbh_audio.o
LOAD ./Middlewares/USB_Host_Library/usbh_core.o
LOAD ./Middlewares/USB_Host_Library/usbh_ctlreq.o
LOAD ./Middlewares/USB_Host_Library/usbh_ioreq.o
LOAD ./Middlewares/USB_Host_Library/usbh_pipes.o
LOAD ./USB_HOST/App/usb_host.o
LOAD ./USB_HOST/Target/usbh_conf.o
LOAD ./USB_HOST/Target/usbh_platform.o
START GROUP
LOAD C:/ST/STM32CubeIDE_1.13.1/STM32CubeIDE/plugins/com.st.stm32cube.ide.mcu.externaltools.gnu-tools-for-stm32.11.3.rel1.win32_1.1.0.202305231506/tools/bin/../lib/gcc/arm-none-eabi/11.3.1/../../../../arm-none-eabi/lib/thumb/v7e-m+fp/hard\libc_nano.a
LOAD C:/ST/STM32CubeIDE_1.13.1/STM32CubeIDE/plugins/com.st.stm32cube.ide.mcu.externaltools.gnu-tools-for-stm32.11.3.rel1.win32_1.1.0.202305231506/tools/bin/../lib/gcc/arm-none-eabi/11.3.1/../../../../arm-none-eabi/lib/thumb/v7e-m+fp/hard\libm.a
END GROUP
START GROUP
LOAD C:/ST/STM32CubeIDE_1.13.1/STM32CubeIDE/plugins/com.st.stm32cube.ide.mcu.externaltools.gnu-tools-for-stm32.11.3.rel1.win32_1.1.0.202305231506/tools/bin/../lib/gcc/arm-none-eabi/11.3.1/thumb/v7e-m+fp/hard\libgcc.a
LOAD C:/ST/STM32CubeIDE_1.13.1/STM32CubeIDE/plugins/com.st.stm32cube.ide.mcu.externaltools.gnu-tools-for-stm32.11.3.rel1.win32_1.1.0.202305231506/tools/bin/../lib/gcc/arm-none-eabi/11.3.1/../../../../arm-none-eabi/lib/thumb/v7e-m+fp/hard\libc_nano.a
END GROUP
START GROUP
LOAD C:/ST/STM32CubeIDE_1.13.1/STM32CubeIDE/plugins/com.st.stm32cube.ide.mcu.externaltools.gnu-tools-for-stm32.11.3.rel1.win32_1.1.0.202305231506/tools/bin/../lib/gcc/arm-none-eabi/11.3.1/thumb/v7e-m+fp/hard\libgcc.a
LOAD C:/ST/STM32CubeIDE_1.13.1/STM32CubeIDE/plugins/com.st.stm32cube.ide.mcu.externaltools.gnu-tools-for-stm32.11.3.rel1.win32_1.1.0.202305231506/tools/bin/../lib/gcc/arm-none-eabi/11.3.1/../../../../arm-none-eabi/lib/thumb/v7e-m+fp/hard\libc_nano.a
LOAD C:/ST/STM32CubeIDE_1.13.1/STM32CubeIDE/plugins/com.st.stm32cube.ide.mcu.externaltools.gnu-tools-for-stm32.11.3.rel1.win32_1.1.0.202305231506/tools/bin/../lib/gcc/arm-none-eabi/11.3.1/../../../../arm-none-eabi/lib/thumb/v7e-m+fp/hard\libnosys.a
END GROUP
START GROUP
LOAD C:/ST/STM32CubeIDE_1.13.1/STM32CubeIDE/plugins/com.st.stm32cube.ide.mcu.externaltools.gnu-tools-for-stm32.11.3.rel1.win32_1.1.0.202305231506/tools/bin/../lib/gcc/arm-none-eabi/11.3.1/thumb/v7e-m+fp/hard\libgcc.a
LOAD C:/ST/STM32CubeIDE_1.13.1/STM32CubeIDE/plugins/com.st.stm32cube.ide.mcu.externaltools.gnu-tools-for-stm32.11.3.rel1.win32_1.1.0.202305231506/tools/bin/../lib/gcc/arm-none-eabi/11.3.1/../../../../arm-none-eabi/lib/thumb/v7e-m+fp/hard\libc_nano.a
LOAD C:/ST/STM32CubeIDE_1.13.1/STM32CubeIDE/plugins/com.st.stm32cube.ide.mcu.externaltools.gnu-tools-for-stm32.11.3.rel1.win32_1.1.0.202305231506/tools/bin/../lib/gcc/arm-none-eabi/11.3.1/../../../../arm-none-eabi/lib/thumb/v7e-m+fp/hard\libnosys.a
END GROUP
LOAD C:/ST/STM32CubeIDE_1.13.1/STM32CubeIDE/plugins/com.st.stm32cube.ide.mcu.externaltools.gnu-tools-for-stm32.11.3.rel1.win32_1.1.0.202305231506/tools/bin/../lib/gcc/arm-none-eabi/11.3.1/thumb/v7e-m+fp/hard/crtend.o
LOAD C:/ST/STM32CubeIDE_1.13.1/STM32CubeIDE/plugins/com.st.stm32cube.ide.mcu.externaltools.gnu-tools-for-stm32.11.3.rel1.win32_1.1.0.202305231506/tools/bin/../lib/gcc/arm-none-eabi/11.3.1/thumb/v7e-m+fp/hard/crtn.o
                0x0000000020050000                _estack = (ORIGIN (RAM) + LENGTH (RAM))
                0x0000000000000200                _Min_Heap_Size = 0x200
                0x0000000000000400                _Min_Stack_Size = 0x400

.isr_vector     0x0000000008000000      0x1ac
                0x0000000008000000                . = ALIGN (0x4)
 *(.isr_vector)
 .isr_vector    0x0000000008000000      0x1ac ./Core/Startup/startup_stm32l496zgtxp.o
                0x0000000008000000                g_pfnVectors
                0x00000000080001ac                . = ALIGN (0x4)

.text           0x00000000080001ac     0x9fa4
                0x00000000080001ac                . = ALIGN (0x4)
 *(.text)
 .text          0x00000000080001ac       0x40 C:/ST/STM32CubeIDE_1.13.1/STM32CubeIDE/plugins/com.st.stm32cube.ide.mcu.externaltools.gnu-tools-for-stm32.11.3.rel1.win32_1.1.0.202305231506/tools/bin/../lib/gcc/arm-none-eabi/11.3.1/thumb/v7e-m+fp/hard/crtbegin.o
 .text          0x00000000080001ec       0x30 C:/ST/STM32CubeIDE_1.13.1/STM32CubeIDE/plugins/com.st.stm32cube.ide.mcu.externaltools.gnu-tools-for-stm32.11.3.rel1.win32_1.1.0.202305231506/tools/bin/../lib/gcc/arm-none-eabi/11.3.1/thumb/v7e-m+fp/hard\libgcc.a(_aeabi_uldivmod.o)
                0x00000000080001ec                __aeabi_uldivmod
 .text          0x000000000800021c      0x2c8 C:/ST/STM32CubeIDE_1.13.1/STM32CubeIDE/plugins/com.st.stm32cube.ide.mcu.externaltools.gnu-tools-for-stm32.11.3.rel1.win32_1.1.0.202305231506/tools/bin/../lib/gcc/arm-none-eabi/11.3.1/thumb/v7e-m+fp/hard\libgcc.a(_udivmoddi4.o)
                0x000000000800021c                __udivmoddi4
 .text          0x00000000080004e4        0x4 C:/ST/STM32CubeIDE_1.13.1/STM32CubeIDE/plugins/com.st.stm32cube.ide.mcu.externaltools.gnu-tools-for-stm32.11.3.rel1.win32_1.1.0.202305231506/tools/bin/../lib/gcc/arm-none-eabi/11.3.1/thumb/v7e-m+fp/hard\libgcc.a(_dvmd_tls.o)
                0x00000000080004e4                __aeabi_idiv0
                0x00000000080004e4                __aeabi_ldiv0
 *(.text*)
 .text.main     0x00000000080004e8       0x4c ./Core/Src/main.o
                0x00000000080004e8                main
 .text.SystemClock_Config
                0x0000000008000534       0xc8 ./Core/Src/main.o
                0x0000000008000534                SystemClock_Config
 .text.MX_LPUART1_UART_Init
                0x00000000080005fc       0x5c ./Core/Src/main.o
 .text.MX_USART1_UART_Init
                0x0000000008000658       0x60 ./Core/Src/main.o
 .text.MX_SPI1_Init
                0x00000000080006b8       0x7c ./Core/Src/main.o
 .text.MX_GPIO_Init
                0x0000000008000734      0x134 ./Core/Src/main.o
 .text.Error_Handler
                0x0000000008000868        0xa ./Core/Src/main.o
                0x0000000008000868                Error_Handler
 *fill*         0x0000000008000872        0x2 
 .text.HAL_MspInit
                0x0000000008000874       0x48 ./Core/Src/stm32l4xx_hal_msp.o
                0x0000000008000874                HAL_MspInit
 .text.HAL_UART_MspInit
                0x00000000080008bc      0x14c ./Core/Src/stm32l4xx_hal_msp.o
                0x00000000080008bc                HAL_UART_MspInit
 .text.HAL_SPI_MspInit
                0x0000000008000a08       0x94 ./Core/Src/stm32l4xx_hal_msp.o
                0x0000000008000a08                HAL_SPI_MspInit
 .text.NMI_Handler
                0x0000000008000a9c        0x6 ./Core/Src/stm32l4xx_it.o
                0x0000000008000a9c                NMI_Handler
 .text.HardFault_Handler
                0x0000000008000aa2        0x6 ./Core/Src/stm32l4xx_it.o
                0x0000000008000aa2                HardFault_Handler
 .text.MemManage_Handler
                0x0000000008000aa8        0x6 ./Core/Src/stm32l4xx_it.o
                0x0000000008000aa8                MemManage_Handler
 .text.BusFault_Handler
                0x0000000008000aae        0x6 ./Core/Src/stm32l4xx_it.o
                0x0000000008000aae                BusFault_Handler
 .text.UsageFault_Handler
                0x0000000008000ab4        0x6 ./Core/Src/stm32l4xx_it.o
                0x0000000008000ab4                UsageFault_Handler
 .text.SVC_Handler
                0x0000000008000aba        0xe ./Core/Src/stm32l4xx_it.o
                0x0000000008000aba                SVC_Handler
 .text.DebugMon_Handler
                0x0000000008000ac8        0xe ./Core/Src/stm32l4xx_it.o
                0x0000000008000ac8                DebugMon_Handler
 .text.PendSV_Handler
                0x0000000008000ad6        0xe ./Core/Src/stm32l4xx_it.o
                0x0000000008000ad6                PendSV_Handler
 .text.SysTick_Handler
                0x0000000008000ae4        0xc ./Core/Src/stm32l4xx_it.o
                0x0000000008000ae4                SysTick_Handler
 .text.SPI1_IRQHandler
                0x0000000008000af0       0x14 ./Core/Src/stm32l4xx_it.o
                0x0000000008000af0                SPI1_IRQHandler
 .text.OTG_FS_IRQHandler
                0x0000000008000b04       0x14 ./Core/Src/stm32l4xx_it.o
                0x0000000008000b04                OTG_FS_IRQHandler
 .text._sbrk    0x0000000008000b18       0x6c ./Core/Src/sysmem.o
                0x0000000008000b18                _sbrk
 .text.SystemInit
                0x0000000008000b84       0x24 ./Core/Src/system_stm32l4xx.o
                0x0000000008000b84                SystemInit
 .text.Reset_Handler
                0x0000000008000ba8       0x50 ./Core/Startup/startup_stm32l496zgtxp.o
                0x0000000008000ba8                Reset_Handler
 .text.Default_Handler
                0x0000000008000bf8        0x2 ./Core/Startup/startup_stm32l496zgtxp.o
                0x0000000008000bf8                RTC_Alarm_IRQHandler
                0x0000000008000bf8                EXTI2_IRQHandler
                0x0000000008000bf8                TIM8_TRG_COM_IRQHandler
                0x0000000008000bf8                TIM8_CC_IRQHandler
                0x0000000008000bf8                TIM1_CC_IRQHandler
                0x0000000008000bf8                TSC_IRQHandler
                0x0000000008000bf8                TAMP_STAMP_IRQHandler
                0x0000000008000bf8                CAN2_RX1_IRQHandler
                0x0000000008000bf8                EXTI3_IRQHandler
                0x0000000008000bf8                LPTIM2_IRQHandler
                0x0000000008000bf8                DFSDM1_FLT1_IRQHandler
                0x0000000008000bf8                I2C3_ER_IRQHandler
                0x0000000008000bf8                DFSDM1_FLT2_IRQHandler
                0x0000000008000bf8                EXTI0_IRQHandler
                0x0000000008000bf8                I2C2_EV_IRQHandler
                0x0000000008000bf8                CAN1_RX0_IRQHandler
                0x0000000008000bf8                FPU_IRQHandler
                0x0000000008000bf8                TIM1_UP_TIM16_IRQHandler
                0x0000000008000bf8                CAN2_SCE_IRQHandler
                0x0000000008000bf8                ADC1_2_IRQHandler
                0x0000000008000bf8                TIM6_DAC_IRQHandler
                0x0000000008000bf8                DCMI_IRQHandler
                0x0000000008000bf8                CAN2_RX0_IRQHandler
                0x0000000008000bf8                TIM8_UP_IRQHandler
                0x0000000008000bf8                DMA2_Channel2_IRQHandler
                0x0000000008000bf8                DMA1_Channel4_IRQHandler
                0x0000000008000bf8                SAI2_IRQHandler
                0x0000000008000bf8                DFSDM1_FLT3_IRQHandler
                0x0000000008000bf8                USART3_IRQHandler
                0x0000000008000bf8                DMA1_Channel7_IRQHandler
                0x0000000008000bf8                CAN1_RX1_IRQHandler
                0x0000000008000bf8                LCD_IRQHandler
                0x0000000008000bf8                UART5_IRQHandler
                0x0000000008000bf8                ADC3_IRQHandler
                0x0000000008000bf8                TIM4_IRQHandler
                0x0000000008000bf8                DMA2_Channel1_IRQHandler
                0x0000000008000bf8                QUADSPI_IRQHandler
                0x0000000008000bf8                I2C1_EV_IRQHandler
                0x0000000008000bf8                DMA1_Channel6_IRQHandler
                0x0000000008000bf8                UART4_IRQHandler
                0x0000000008000bf8                DMA2_Channel4_IRQHandler
                0x0000000008000bf8                TIM3_IRQHandler
                0x0000000008000bf8                RCC_IRQHandler
                0x0000000008000bf8                DMA1_Channel1_IRQHandler
                0x0000000008000bf8                Default_Handler
                0x0000000008000bf8                DMA2_Channel7_IRQHandler
                0x0000000008000bf8                EXTI15_10_IRQHandler
                0x0000000008000bf8                TIM7_IRQHandler
                0x0000000008000bf8                SDMMC1_IRQHandler
                0x0000000008000bf8                CAN2_TX_IRQHandler
                0x0000000008000bf8                TIM5_IRQHandler
                0x0000000008000bf8                I2C3_EV_IRQHandler
                0x0000000008000bf8                EXTI9_5_IRQHandler
                0x0000000008000bf8                RTC_WKUP_IRQHandler
                0x0000000008000bf8                PVD_PVM_IRQHandler
                0x0000000008000bf8                SPI2_IRQHandler
                0x0000000008000bf8                CAN1_TX_IRQHandler
                0x0000000008000bf8                DMA2_Channel5_IRQHandler
                0x0000000008000bf8                CRS_IRQHandler
                0x0000000008000bf8                DMA1_Channel5_IRQHandler
                0x0000000008000bf8                EXTI4_IRQHandler
                0x0000000008000bf8                RNG_IRQHandler
                0x0000000008000bf8                TIM1_TRG_COM_TIM17_IRQHandler
                0x0000000008000bf8                DMA1_Channel3_IRQHandler
                0x0000000008000bf8                COMP_IRQHandler
                0x0000000008000bf8                WWDG_IRQHandler
                0x0000000008000bf8                I2C4_EV_IRQHandler
                0x0000000008000bf8                LPUART1_IRQHandler
                0x0000000008000bf8                DMA2_Channel6_IRQHandler
                0x0000000008000bf8                TIM2_IRQHandler
                0x0000000008000bf8                EXTI1_IRQHandler
                0x0000000008000bf8                USART2_IRQHandler
                0x0000000008000bf8                DFSDM1_FLT0_IRQHandler
                0x0000000008000bf8                I2C2_ER_IRQHandler
                0x0000000008000bf8                DMA1_Channel2_IRQHandler
                0x0000000008000bf8                TIM8_BRK_IRQHandler
                0x0000000008000bf8                CAN1_SCE_IRQHandler
                0x0000000008000bf8                FLASH_IRQHandler
                0x0000000008000bf8                USART1_IRQHandler
                0x0000000008000bf8                SPI3_IRQHandler
                0x0000000008000bf8                I2C1_ER_IRQHandler
                0x0000000008000bf8                FMC_IRQHandler
                0x0000000008000bf8                SWPMI1_IRQHandler
                0x0000000008000bf8                LPTIM1_IRQHandler
                0x0000000008000bf8                I2C4_ER_IRQHandler
                0x0000000008000bf8                SAI1_IRQHandler
                0x0000000008000bf8                DMA2_Channel3_IRQHandler
                0x0000000008000bf8                TIM1_BRK_TIM15_IRQHandler
 .text.HAL_Init
                0x0000000008000bfa       0x30 ./Drivers/STM32L4xx_HAL_Driver/stm32l4xx_hal.o
                0x0000000008000bfa                HAL_Init
 *fill*         0x0000000008000c2a        0x2 
 .text.HAL_InitTick
                0x0000000008000c2c       0x78 ./Drivers/STM32L4xx_HAL_Driver/stm32l4xx_hal.o
                0x0000000008000c2c                HAL_InitTick
 .text.HAL_IncTick
                0x0000000008000ca4       0x28 ./Drivers/STM32L4xx_HAL_Driver/stm32l4xx_hal.o
                0x0000000008000ca4                HAL_IncTick
 .text.HAL_GetTick
                0x0000000008000ccc       0x18 ./Drivers/STM32L4xx_HAL_Driver/stm32l4xx_hal.o
                0x0000000008000ccc                HAL_GetTick
 .text.HAL_Delay
                0x0000000008000ce4       0x48 ./Drivers/STM32L4xx_HAL_Driver/stm32l4xx_hal.o
                0x0000000008000ce4                HAL_Delay
 .text.__NVIC_SetPriorityGrouping
                0x0000000008000d2c       0x48 ./Drivers/STM32L4xx_HAL_Driver/stm32l4xx_hal_cortex.o
 .text.__NVIC_GetPriorityGrouping
                0x0000000008000d74       0x1c ./Drivers/STM32L4xx_HAL_Driver/stm32l4xx_hal_cortex.o
 .text.__NVIC_EnableIRQ
                0x0000000008000d90       0x3c ./Drivers/STM32L4xx_HAL_Driver/stm32l4xx_hal_cortex.o
 .text.__NVIC_SetPriority
                0x0000000008000dcc       0x54 ./Drivers/STM32L4xx_HAL_Driver/stm32l4xx_hal_cortex.o
 .text.NVIC_EncodePriority
                0x0000000008000e20       0x66 ./Drivers/STM32L4xx_HAL_Driver/stm32l4xx_hal_cortex.o
 *fill*         0x0000000008000e86        0x2 
 .text.SysTick_Config
                0x0000000008000e88       0x44 ./Drivers/STM32L4xx_HAL_Driver/stm32l4xx_hal_cortex.o
 .text.HAL_NVIC_SetPriorityGrouping
                0x0000000008000ecc       0x16 ./Drivers/STM32L4xx_HAL_Driver/stm32l4xx_hal_cortex.o
                0x0000000008000ecc                HAL_NVIC_SetPriorityGrouping
 .text.HAL_NVIC_SetPriority
                0x0000000008000ee2       0x38 ./Drivers/STM32L4xx_HAL_Driver/stm32l4xx_hal_cortex.o
                0x0000000008000ee2                HAL_NVIC_SetPriority
 .text.HAL_NVIC_EnableIRQ
                0x0000000008000f1a       0x1c ./Drivers/STM32L4xx_HAL_Driver/stm32l4xx_hal_cortex.o
                0x0000000008000f1a                HAL_NVIC_EnableIRQ
 .text.HAL_SYSTICK_Config
                0x0000000008000f36       0x18 ./Drivers/STM32L4xx_HAL_Driver/stm32l4xx_hal_cortex.o
                0x0000000008000f36                HAL_SYSTICK_Config
 .text.HAL_DMA_Abort_IT
                0x0000000008000f4e       0x82 ./Drivers/STM32L4xx_HAL_Driver/stm32l4xx_hal_dma.o
                0x0000000008000f4e                HAL_DMA_Abort_IT
 .text.HAL_GPIO_Init
                0x0000000008000fd0      0x324 ./Drivers/STM32L4xx_HAL_Driver/stm32l4xx_hal_gpio.o
                0x0000000008000fd0                HAL_GPIO_Init
 .text.HAL_GPIO_WritePin
                0x00000000080012f4       0x30 ./Drivers/STM32L4xx_HAL_Driver/stm32l4xx_hal_gpio.o
                0x00000000080012f4                HAL_GPIO_WritePin
 .text.HAL_HCD_Init
                0x0000000008001324       0xc4 ./Drivers/STM32L4xx_HAL_Driver/stm32l4xx_hal_hcd.o
                0x0000000008001324                HAL_HCD_Init
 .text.HAL_HCD_HC_Init
                0x00000000080013e8      0x144 ./Drivers/STM32L4xx_HAL_Driver/stm32l4xx_hal_hcd.o
                0x00000000080013e8                HAL_HCD_HC_Init
 .text.HAL_HCD_HC_Halt
                0x000000000800152c       0x46 ./Drivers/STM32L4xx_HAL_Driver/stm32l4xx_hal_hcd.o
                0x000000000800152c                HAL_HCD_HC_Halt
 *fill*         0x0000000008001572        0x2 
 .text.HAL_HCD_HC_SubmitRequest
                0x0000000008001574      0x2dc ./Drivers/STM32L4xx_HAL_Driver/stm32l4xx_hal_hcd.o
                0x0000000008001574                HAL_HCD_HC_SubmitRequest
 .text.HAL_HCD_IRQHandler
                0x0000000008001850      0x21e ./Drivers/STM32L4xx_HAL_Driver/stm32l4xx_hal_hcd.o
                0x0000000008001850                HAL_HCD_IRQHandler
 .text.HAL_HCD_Start
                0x0000000008001a6e       0x46 ./Drivers/STM32L4xx_HAL_Driver/stm32l4xx_hal_hcd.o
                0x0000000008001a6e                HAL_HCD_Start
 .text.HAL_HCD_Stop
                0x0000000008001ab4       0x3a ./Drivers/STM32L4xx_HAL_Driver/stm32l4xx_hal_hcd.o
                0x0000000008001ab4                HAL_HCD_Stop
 .text.HAL_HCD_ResetPort
                0x0000000008001aee       0x1c ./Drivers/STM32L4xx_HAL_Driver/stm32l4xx_hal_hcd.o
                0x0000000008001aee                HAL_HCD_ResetPort
 .text.HAL_HCD_HC_GetURBState
                0x0000000008001b0a       0x2a ./Drivers/STM32L4xx_HAL_Driver/stm32l4xx_hal_hcd.o
                0x0000000008001b0a                HAL_HCD_HC_GetURBState
 .text.HAL_HCD_GetCurrentFrame
                0x0000000008001b34       0x1c ./Drivers/STM32L4xx_HAL_Driver/stm32l4xx_hal_hcd.o
                0x0000000008001b34                HAL_HCD_GetCurrentFrame
 .text.HAL_HCD_GetCurrentSpeed
                0x0000000008001b50       0x1c ./Drivers/STM32L4xx_HAL_Driver/stm32l4xx_hal_hcd.o
                0x0000000008001b50                HAL_HCD_GetCurrentSpeed
 .text.HAL_HCD_HC_ClearHubInfo
                0x0000000008001b6c       0x42 ./Drivers/STM32L4xx_HAL_Driver/stm32l4xx_hal_hcd.o
                0x0000000008001b6c                HAL_HCD_HC_ClearHubInfo
 .text.HCD_HC_IN_IRQHandler
                0x0000000008001bae      0x876 ./Drivers/STM32L4xx_HAL_Driver/stm32l4xx_hal_hcd.o
 .text.HCD_HC_OUT_IRQHandler
                0x0000000008002424      0x5ac ./Drivers/STM32L4xx_HAL_Driver/stm32l4xx_hal_hcd.o
 .text.HCD_RXQLVL_IRQHandler
                0x00000000080029d0      0x1be ./Drivers/STM32L4xx_HAL_Driver/stm32l4xx_hal_hcd.o
 .text.HCD_Port_IRQHandler
                0x0000000008002b8e       0xe6 ./Drivers/STM32L4xx_HAL_Driver/stm32l4xx_hal_hcd.o
 .text.HAL_PWR_EnableBkUpAccess
                0x0000000008002c74       0x20 ./Drivers/STM32L4xx_HAL_Driver/stm32l4xx_hal_pwr.o
                0x0000000008002c74                HAL_PWR_EnableBkUpAccess
 .text.HAL_PWREx_GetVoltageRange
                0x0000000008002c94       0x1c ./Drivers/STM32L4xx_HAL_Driver/stm32l4xx_hal_pwr_ex.o
                0x0000000008002c94                HAL_PWREx_GetVoltageRange
 .text.HAL_PWREx_ControlVoltageScaling
                0x0000000008002cb0       0xac ./Drivers/STM32L4xx_HAL_Driver/stm32l4xx_hal_pwr_ex.o
                0x0000000008002cb0                HAL_PWREx_ControlVoltageScaling
 .text.HAL_PWREx_EnableVddUSB
                0x0000000008002d5c       0x20 ./Drivers/STM32L4xx_HAL_Driver/stm32l4xx_hal_pwr_ex.o
                0x0000000008002d5c                HAL_PWREx_EnableVddUSB
 .text.HAL_PWREx_EnableVddIO2
                0x0000000008002d7c       0x20 ./Drivers/STM32L4xx_HAL_Driver/stm32l4xx_hal_pwr_ex.o
                0x0000000008002d7c                HAL_PWREx_EnableVddIO2
 .text.HAL_RCC_OscConfig
                0x0000000008002d9c      0x834 ./Drivers/STM32L4xx_HAL_Driver/stm32l4xx_hal_rcc.o
                0x0000000008002d9c                HAL_RCC_OscConfig
 .text.HAL_RCC_ClockConfig
                0x00000000080035d0      0x200 ./Drivers/STM32L4xx_HAL_Driver/stm32l4xx_hal_rcc.o
                0x00000000080035d0                HAL_RCC_ClockConfig
 .text.HAL_RCC_GetSysClockFreq
                0x00000000080037d0      0x118 ./Drivers/STM32L4xx_HAL_Driver/stm32l4xx_hal_rcc.o
                0x00000000080037d0                HAL_RCC_GetSysClockFreq
 .text.HAL_RCC_GetHCLKFreq
                0x00000000080038e8       0x18 ./Drivers/STM32L4xx_HAL_Driver/stm32l4xx_hal_rcc.o
                0x00000000080038e8                HAL_RCC_GetHCLKFreq
 .text.HAL_RCC_GetPCLK1Freq
                0x0000000008003900       0x2c ./Drivers/STM32L4xx_HAL_Driver/stm32l4xx_hal_rcc.o
                0x0000000008003900                HAL_RCC_GetPCLK1Freq
 .text.HAL_RCC_GetPCLK2Freq
                0x000000000800392c       0x2c ./Drivers/STM32L4xx_HAL_Driver/stm32l4xx_hal_rcc.o
                0x000000000800392c                HAL_RCC_GetPCLK2Freq
 .text.RCC_SetFlashLatencyFromMSIRange
                0x0000000008003958       0xc0 ./Drivers/STM32L4xx_HAL_Driver/stm32l4xx_hal_rcc.o
 .text.HAL_RCCEx_PeriphCLKConfig
                0x0000000008003a18      0x5f8 ./Drivers/STM32L4xx_HAL_Driver/stm32l4xx_hal_rcc_ex.o
                0x0000000008003a18                HAL_RCCEx_PeriphCLKConfig
 .text.HAL_RCCEx_EnableMSIPLLMode
                0x0000000008004010       0x20 ./Drivers/STM32L4xx_HAL_Driver/stm32l4xx_hal_rcc_ex.o
                0x0000000008004010                HAL_RCCEx_EnableMSIPLLMode
 .text.RCCEx_PLLSAI1_Config
                0x0000000008004030      0x1e4 ./Drivers/STM32L4xx_HAL_Driver/stm32l4xx_hal_rcc_ex.o
 .text.RCCEx_PLLSAI2_Config
                0x0000000008004214      0x1b8 ./Drivers/STM32L4xx_HAL_Driver/stm32l4xx_hal_rcc_ex.o
 .text.HAL_SPI_Init
                0x00000000080043cc      0x146 ./Drivers/STM32L4xx_HAL_Driver/stm32l4xx_hal_spi.o
                0x00000000080043cc                HAL_SPI_Init
 *fill*         0x0000000008004512        0x2 
 .text.HAL_SPI_IRQHandler
                0x0000000008004514      0x1e8 ./Drivers/STM32L4xx_HAL_Driver/stm32l4xx_hal_spi.o
                0x0000000008004514                HAL_SPI_IRQHandler
 .text.HAL_SPI_ErrorCallback
                0x00000000080046fc       0x14 ./Drivers/STM32L4xx_HAL_Driver/stm32l4xx_hal_spi.o
                0x00000000080046fc                HAL_SPI_ErrorCallback
 .text.SPI_DMAAbortOnError
                0x0000000008004710       0x2a ./Drivers/STM32L4xx_HAL_Driver/stm32l4xx_hal_spi.o
 .text.HAL_UART_Init
                0x000000000800473a       0x9c ./Drivers/STM32L4xx_HAL_Driver/stm32l4xx_hal_uart.o
                0x000000000800473a                HAL_UART_Init
 .text.HAL_HalfDuplex_Init
                0x00000000080047d6       0xac ./Drivers/STM32L4xx_HAL_Driver/stm32l4xx_hal_uart.o
                0x00000000080047d6                HAL_HalfDuplex_Init
 *fill*         0x0000000008004882        0x2 
 .text.UART_SetConfig
                0x0000000008004884      0x570 ./Drivers/STM32L4xx_HAL_Driver/stm32l4xx_hal_uart.o
                0x0000000008004884                UART_SetConfig
 .text.UART_AdvFeatureConfig
                0x0000000008004df4      0x144 ./Drivers/STM32L4xx_HAL_Driver/stm32l4xx_hal_uart.o
                0x0000000008004df4                UART_AdvFeatureConfig
 .text.UART_CheckIdleState
                0x0000000008004f38      0x150 ./Drivers/STM32L4xx_HAL_Driver/stm32l4xx_hal_uart.o
                0x0000000008004f38                UART_CheckIdleState
 .text.UART_WaitOnFlagUntilTimeout
                0x0000000008005088       0xce ./Drivers/STM32L4xx_HAL_Driver/stm32l4xx_hal_uart.o
                0x0000000008005088                UART_WaitOnFlagUntilTimeout
 .text.UART_EndRxTransfer
                0x0000000008005156       0xc8 ./Drivers/STM32L4xx_HAL_Driver/stm32l4xx_hal_uart.o
 .text.USB_CoreInit
                0x000000000800521e       0x58 ./Drivers/STM32L4xx_HAL_Driver/stm32l4xx_ll_usb.o
                0x000000000800521e                USB_CoreInit
 .text.USB_EnableGlobalInt
                0x0000000008005276       0x22 ./Drivers/STM32L4xx_HAL_Driver/stm32l4xx_ll_usb.o
                0x0000000008005276                USB_EnableGlobalInt
 .text.USB_DisableGlobalInt
                0x0000000008005298       0x22 ./Drivers/STM32L4xx_HAL_Driver/stm32l4xx_ll_usb.o
                0x0000000008005298                USB_DisableGlobalInt
 .text.USB_SetCurrentMode
                0x00000000080052ba       0x98 ./Drivers/STM32L4xx_HAL_Driver/stm32l4xx_ll_usb.o
                0x00000000080052ba                USB_SetCurrentMode
 *fill*         0x0000000008005352        0x2 
 .text.USB_FlushTxFifo
                0x0000000008005354       0x68 ./Drivers/STM32L4xx_HAL_Driver/stm32l4xx_ll_usb.o
                0x0000000008005354                USB_FlushTxFifo
 .text.USB_FlushRxFifo
                0x00000000080053bc       0x60 ./Drivers/STM32L4xx_HAL_Driver/stm32l4xx_ll_usb.o
                0x00000000080053bc                USB_FlushRxFifo
 .text.USB_WritePacket
                0x000000000800541c       0x74 ./Drivers/STM32L4xx_HAL_Driver/stm32l4xx_ll_usb.o
                0x000000000800541c                USB_WritePacket
 .text.USB_ReadPacket
                0x0000000008005490       0xb0 ./Drivers/STM32L4xx_HAL_Driver/stm32l4xx_ll_usb.o
                0x0000000008005490                USB_ReadPacket
 .text.USB_ReadInterrupts
                0x0000000008005540       0x26 ./Drivers/STM32L4xx_HAL_Driver/stm32l4xx_ll_usb.o
                0x0000000008005540                USB_ReadInterrupts
 .text.USB_ReadChInterrupts
                0x0000000008005566       0x42 ./Drivers/STM32L4xx_HAL_Driver/stm32l4xx_ll_usb.o
                0x0000000008005566                USB_ReadChInterrupts
 .text.USB_GetMode
                0x00000000080055a8       0x1c ./Drivers/STM32L4xx_HAL_Driver/stm32l4xx_ll_usb.o
                0x00000000080055a8                USB_GetMode
 .text.USB_CoreReset
                0x00000000080055c4       0x68 ./Drivers/STM32L4xx_HAL_Driver/stm32l4xx_ll_usb.o
 .text.USB_HostInit
                0x000000000800562c      0x104 ./Drivers/STM32L4xx_HAL_Driver/stm32l4xx_ll_usb.o
                0x000000000800562c                USB_HostInit
 .text.USB_InitFSLSPClkSel
                0x0000000008005730       0x7a ./Drivers/STM32L4xx_HAL_Driver/stm32l4xx_ll_usb.o
                0x0000000008005730                USB_InitFSLSPClkSel
 .text.USB_ResetPort
                0x00000000080057aa       0x54 ./Drivers/STM32L4xx_HAL_Driver/stm32l4xx_ll_usb.o
                0x00000000080057aa                USB_ResetPort
 .text.USB_DriveVbus
                0x00000000080057fe       0x72 ./Drivers/STM32L4xx_HAL_Driver/stm32l4xx_ll_usb.o
                0x00000000080057fe                USB_DriveVbus
 .text.USB_GetHostSpeed
                0x0000000008005870       0x2e ./Drivers/STM32L4xx_HAL_Driver/stm32l4xx_ll_usb.o
                0x0000000008005870                USB_GetHostSpeed
 .text.USB_GetCurrentFrame
                0x000000000800589e       0x22 ./Drivers/STM32L4xx_HAL_Driver/stm32l4xx_ll_usb.o
                0x000000000800589e                USB_GetCurrentFrame
 .text.USB_HC_Init
                0x00000000080058c0      0x218 ./Drivers/STM32L4xx_HAL_Driver/stm32l4xx_ll_usb.o
                0x00000000080058c0                USB_HC_Init
 .text.USB_HC_StartXfer
                0x0000000008005ad8      0x1f0 ./Drivers/STM32L4xx_HAL_Driver/stm32l4xx_ll_usb.o
                0x0000000008005ad8                USB_HC_StartXfer
 .text.USB_HC_ReadInterrupt
                0x0000000008005cc8       0x22 ./Drivers/STM32L4xx_HAL_Driver/stm32l4xx_ll_usb.o
                0x0000000008005cc8                USB_HC_ReadInterrupt
 .text.USB_HC_Halt
                0x0000000008005cea      0x240 ./Drivers/STM32L4xx_HAL_Driver/stm32l4xx_ll_usb.o
                0x0000000008005cea                USB_HC_Halt
 .text.USB_StopHost
                0x0000000008005f2a      0x124 ./Drivers/STM32L4xx_HAL_Driver/stm32l4xx_ll_usb.o
                0x0000000008005f2a                USB_StopHost
 .text.USBH_AUDIO_InterfaceInit
                0x000000000800604e      0x37e ./Middlewares/USB_Host_Library/usbh_audio.o
 .text.USBH_AUDIO_InterfaceDeInit
                0x00000000080063cc       0xca ./Middlewares/USB_Host_Library/usbh_audio.o
 *fill*         0x0000000008006496        0x2 
 .text.USBH_AUDIO_ClassRequest
                0x0000000008006498      0x1c4 ./Middlewares/USB_Host_Library/usbh_audio.o
 .text.USBH_AUDIO_CSRequest
                0x000000000800665c      0x1a0 ./Middlewares/USB_Host_Library/usbh_audio.o
 .text.USBH_AUDIO_HandleCSRequest
                0x00000000080067fc       0x7c ./Middlewares/USB_Host_Library/usbh_audio.o
 .text.USBH_AUDIO_Process
                0x0000000008006878       0x40 ./Middlewares/USB_Host_Library/usbh_audio.o
 .text.USBH_AUDIO_SOFProcess
                0x00000000080068b8       0x16 ./Middlewares/USB_Host_Library/usbh_audio.o
 .text.USBH_AUDIO_FindAudioStreamingIN
                0x00000000080068ce      0x17e ./Middlewares/USB_Host_Library/usbh_audio.o
 .text.USBH_AUDIO_FindAudioStreamingOUT
                0x0000000008006a4c      0x17e ./Middlewares/USB_Host_Library/usbh_audio.o
 .text.USBH_AUDIO_FindHIDControl
                0x0000000008006bca      0x104 ./Middlewares/USB_Host_Library/usbh_audio.o
 .text.USBH_AUDIO_ParseCSDescriptors
                0x0000000008006cce       0xdc ./Middlewares/USB_Host_Library/usbh_audio.o
 *fill*         0x0000000008006daa        0x2 
 .text.ParseCSDescriptors
                0x0000000008006dac      0x134 ./Middlewares/USB_Host_Library/usbh_audio.o
 .text.USBH_AUDIO_FindLinkedUnit
                0x0000000008006ee0      0x16e ./Middlewares/USB_Host_Library/usbh_audio.o
 *fill*         0x000000000800704e        0x2 
 .text.USBH_AUDIO_BuildMicrophonePath
                0x0000000008007050      0x110 ./Middlewares/USB_Host_Library/usbh_audio.o
 .text.USBH_AUDIO_BuildHeadphonePath
                0x0000000008007160      0x188 ./Middlewares/USB_Host_Library/usbh_audio.o
 .text.USBH_AC_SetCur
                0x00000000080072e8       0xf4 ./Middlewares/USB_Host_Library/usbh_audio.o
 .text.USBH_AC_GetCur
                0x00000000080073dc      0x12e ./Middlewares/USB_Host_Library/usbh_audio.o
 .text.USBH_AC_GetMax
                0x000000000800750a      0x12e ./Middlewares/USB_Host_Library/usbh_audio.o
 .text.USBH_AC_GetRes
                0x0000000008007638      0x12e ./Middlewares/USB_Host_Library/usbh_audio.o
 .text.USBH_AC_GetMin
                0x0000000008007766      0x12e ./Middlewares/USB_Host_Library/usbh_audio.o
 .text.USBH_AUDIO_SetEndpointControls
                0x0000000008007894       0x50 ./Middlewares/USB_Host_Library/usbh_audio.o
 .text.USBH_AUDIO_InputStream
                0x00000000080078e4       0x1a ./Middlewares/USB_Host_Library/usbh_audio.o
 *fill*         0x00000000080078fe        0x2 
 .text.USBH_AUDIO_Control
                0x0000000008007900      0x168 ./Middlewares/USB_Host_Library/usbh_audio.o
 .text.USBH_AUDIO_OutputStream
                0x0000000008007a68       0xf0 ./Middlewares/USB_Host_Library/usbh_audio.o
 .text.USBH_AUDIO_Transmit
                0x0000000008007b58      0x168 ./Middlewares/USB_Host_Library/usbh_audio.o
 .text.USBH_AUDIO_SetControlAttribute
                0x0000000008007cc0       0xf8 ./Middlewares/USB_Host_Library/usbh_audio.o
 .text.AUDIO_SetVolume
                0x0000000008007db8       0x52 ./Middlewares/USB_Host_Library/usbh_audio.o
 .text.USBH_AUDIO_FrequencySet
                0x0000000008007e0a       0x14 ./Middlewares/USB_Host_Library/usbh_audio.o
                0x0000000008007e0a                USBH_AUDIO_FrequencySet
 .text.USBH_AUDIO_BufferEmptyCallback
                0x0000000008007e1e       0x14 ./Middlewares/USB_Host_Library/usbh_audio.o
                0x0000000008007e1e                USBH_AUDIO_BufferEmptyCallback
 .text.USBH_Init
                0x0000000008007e32       0x74 ./Middlewares/USB_Host_Library/usbh_core.o
                0x0000000008007e32                USBH_Init
 .text.DeInitStateMachine
                0x0000000008007ea6       0xea ./Middlewares/USB_Host_Library/usbh_core.o
 .text.USBH_RegisterClass
                0x0000000008007f90       0x56 ./Middlewares/USB_Host_Library/usbh_core.o
                0x0000000008007f90                USBH_RegisterClass
 .text.USBH_FindInterface
                0x0000000008007fe6       0x8c ./Middlewares/USB_Host_Library/usbh_core.o
                0x0000000008007fe6                USBH_FindInterface
 .text.USBH_FindInterfaceIndex
                0x0000000008008072       0x66 ./Middlewares/USB_Host_Library/usbh_core.o
                0x0000000008008072                USBH_FindInterfaceIndex
 .text.USBH_Start
                0x00000000080080d8       0x20 ./Middlewares/USB_Host_Library/usbh_core.o
                0x00000000080080d8                USBH_Start
 .text.USBH_Process
                0x00000000080080f8      0x3dc ./Middlewares/USB_Host_Library/usbh_core.o
                0x00000000080080f8                USBH_Process
 .text.USBH_HandleEnum
                0x00000000080084d4      0x3c8 ./Middlewares/USB_Host_Library/usbh_core.o
 .text.USBH_LL_SetTimer
                0x000000000800889c       0x1e ./Middlewares/USB_Host_Library/usbh_core.o
                0x000000000800889c                USBH_LL_SetTimer
 .text.USBH_LL_IncTimer
                0x00000000080088ba       0x24 ./Middlewares/USB_Host_Library/usbh_core.o
                0x00000000080088ba                USBH_LL_IncTimer
 .text.USBH_HandleSof
                0x00000000080088de       0x30 ./Middlewares/USB_Host_Library/usbh_core.o
 .text.USBH_LL_PortEnabled
                0x000000000800890e       0x1c ./Middlewares/USB_Host_Library/usbh_core.o
                0x000000000800890e                USBH_LL_PortEnabled
 .text.USBH_LL_PortDisabled
                0x000000000800892a       0x1c ./Middlewares/USB_Host_Library/usbh_core.o
                0x000000000800892a                USBH_LL_PortDisabled
 .text.USBH_LL_Connect
                0x0000000008008946       0x2e ./Middlewares/USB_Host_Library/usbh_core.o
                0x0000000008008946                USBH_LL_Connect
 .text.USBH_LL_Disconnect
                0x0000000008008974       0x48 ./Middlewares/USB_Host_Library/usbh_core.o
                0x0000000008008974                USBH_LL_Disconnect
 .text.USBH_Get_DevDesc
                0x00000000080089bc       0x58 ./Middlewares/USB_Host_Library/usbh_ctlreq.o
                0x00000000080089bc                USBH_Get_DevDesc
 .text.USBH_Get_CfgDesc
                0x0000000008008a14       0x54 ./Middlewares/USB_Host_Library/usbh_ctlreq.o
                0x0000000008008a14                USBH_Get_CfgDesc
 .text.USBH_Get_StringDesc
                0x0000000008008a68       0x68 ./Middlewares/USB_Host_Library/usbh_ctlreq.o
                0x0000000008008a68                USBH_Get_StringDesc
 .text.USBH_GetDescriptor
                0x0000000008008ad0       0x6a ./Middlewares/USB_Host_Library/usbh_ctlreq.o
                0x0000000008008ad0                USBH_GetDescriptor
 .text.USBH_SetAddress
                0x0000000008008b3a       0x48 ./Middlewares/USB_Host_Library/usbh_ctlreq.o
                0x0000000008008b3a                USBH_SetAddress
 .text.USBH_SetCfg
                0x0000000008008b82       0x46 ./Middlewares/USB_Host_Library/usbh_ctlreq.o
                0x0000000008008b82                USBH_SetCfg
 .text.USBH_SetInterface
                0x0000000008008bc8       0x4e ./Middlewares/USB_Host_Library/usbh_ctlreq.o
                0x0000000008008bc8                USBH_SetInterface
 .text.USBH_SetFeature
                0x0000000008008c16       0x48 ./Middlewares/USB_Host_Library/usbh_ctlreq.o
                0x0000000008008c16                USBH_SetFeature
 *fill*         0x0000000008008c5e        0x2 
 .text.USBH_ParseDevDesc
                0x0000000008008c60      0x168 ./Middlewares/USB_Host_Library/usbh_ctlreq.o
 .text.USBH_ParseCfgDesc
                0x0000000008008dc8      0x1f2 ./Middlewares/USB_Host_Library/usbh_ctlreq.o
 .text.USBH_ParseInterfaceDesc
                0x0000000008008fba       0x68 ./Middlewares/USB_Host_Library/usbh_ctlreq.o
 .text.USBH_ParseEPDesc
                0x0000000008009022      0x1d2 ./Middlewares/USB_Host_Library/usbh_ctlreq.o
 .text.USBH_ParseStringDesc
                0x00000000080091f4       0x66 ./Middlewares/USB_Host_Library/usbh_ctlreq.o
 .text.USBH_GetNextDesc
                0x000000000800925a       0x36 ./Middlewares/USB_Host_Library/usbh_ctlreq.o
                0x000000000800925a                USBH_GetNextDesc
 .text.USBH_CtlReq
                0x0000000008009290       0x7a ./Middlewares/USB_Host_Library/usbh_ctlreq.o
                0x0000000008009290                USBH_CtlReq
 *fill*         0x000000000800930a        0x2 
 .text.USBH_HandleControl
                0x000000000800930c      0x2e8 ./Middlewares/USB_Host_Library/usbh_ctlreq.o
 .text.USBH_CtlSendSetup
                0x00000000080095f4       0x34 ./Middlewares/USB_Host_Library/usbh_ioreq.o
                0x00000000080095f4                USBH_CtlSendSetup
 .text.USBH_CtlSendData
                0x0000000008009628       0x4a ./Middlewares/USB_Host_Library/usbh_ioreq.o
                0x0000000008009628                USBH_CtlSendData
 .text.USBH_CtlReceiveData
                0x0000000008009672       0x3c ./Middlewares/USB_Host_Library/usbh_ioreq.o
                0x0000000008009672                USBH_CtlReceiveData
 .text.USBH_InterruptReceiveData
                0x00000000080096ae       0x3e ./Middlewares/USB_Host_Library/usbh_ioreq.o
                0x00000000080096ae                USBH_InterruptReceiveData
 .text.USBH_IsocSendData
                0x00000000080096ec       0x36 ./Middlewares/USB_Host_Library/usbh_ioreq.o
                0x00000000080096ec                USBH_IsocSendData
 .text.USBH_OpenPipe
                0x0000000008009722       0x3e ./Middlewares/USB_Host_Library/usbh_pipes.o
                0x0000000008009722                USBH_OpenPipe
 .text.USBH_ClosePipe
                0x0000000008009760       0x20 ./Middlewares/USB_Host_Library/usbh_pipes.o
                0x0000000008009760                USBH_ClosePipe
 .text.USBH_AllocPipe
                0x0000000008009780       0x44 ./Middlewares/USB_Host_Library/usbh_pipes.o
                0x0000000008009780                USBH_AllocPipe
 .text.USBH_FreePipe
                0x00000000080097c4       0x40 ./Middlewares/USB_Host_Library/usbh_pipes.o
                0x00000000080097c4                USBH_FreePipe
 .text.USBH_GetFreePipe
                0x0000000008009804       0x4a ./Middlewares/USB_Host_Library/usbh_pipes.o
 *fill*         0x000000000800984e        0x2 
 .text.MX_USB_HOST_Init
                0x0000000008009850       0x4c ./USB_HOST/App/usb_host.o
                0x0000000008009850                MX_USB_HOST_Init
 .text.MX_USB_HOST_Process
                0x000000000800989c       0x14 ./USB_HOST/App/usb_host.o
                0x000000000800989c                MX_USB_HOST_Process
 .text.USBH_UserProcess
                0x00000000080098b0       0x5c ./USB_HOST/App/usb_host.o
 .text.HAL_HCD_MspInit
                0x000000000800990c      0x124 ./USB_HOST/Target/usbh_conf.o
                0x000000000800990c                HAL_HCD_MspInit
 .text.HAL_HCD_SOF_Callback
                0x0000000008009a30       0x1c ./USB_HOST/Target/usbh_conf.o
                0x0000000008009a30                HAL_HCD_SOF_Callback
 .text.HAL_HCD_Connect_Callback
                0x0000000008009a4c       0x1c ./USB_HOST/Target/usbh_conf.o
                0x0000000008009a4c                HAL_HCD_Connect_Callback
 .text.HAL_HCD_Disconnect_Callback
                0x0000000008009a68       0x1c ./USB_HOST/Target/usbh_conf.o
                0x0000000008009a68                HAL_HCD_Disconnect_Callback
 .text.HAL_HCD_HC_NotifyURBChange_Callback
                0x0000000008009a84       0x1c ./USB_HOST/Target/usbh_conf.o
                0x0000000008009a84                HAL_HCD_HC_NotifyURBChange_Callback
 .text.HAL_HCD_PortEnabled_Callback
                0x0000000008009aa0       0x1c ./USB_HOST/Target/usbh_conf.o
                0x0000000008009aa0                HAL_HCD_PortEnabled_Callback
 .text.HAL_HCD_PortDisabled_Callback
                0x0000000008009abc       0x1c ./USB_HOST/Target/usbh_conf.o
                0x0000000008009abc                HAL_HCD_PortDisabled_Callback
 .text.USBH_LL_Init
                0x0000000008009ad8       0x78 ./USB_HOST/Target/usbh_conf.o
                0x0000000008009ad8                USBH_LL_Init
 .text.USBH_LL_Start
                0x0000000008009b50       0x36 ./USB_HOST/Target/usbh_conf.o
                0x0000000008009b50                USBH_LL_Start
 .text.USBH_LL_Stop
                0x0000000008009b86       0x36 ./USB_HOST/Target/usbh_conf.o
                0x0000000008009b86                USBH_LL_Stop
 .text.USBH_LL_GetSpeed
                0x0000000008009bbc       0x4e ./USB_HOST/Target/usbh_conf.o
                0x0000000008009bbc                USBH_LL_GetSpeed
 .text.USBH_LL_ResetPort
                0x0000000008009c0a       0x36 ./USB_HOST/Target/usbh_conf.o
                0x0000000008009c0a                USBH_LL_ResetPort
 .text.USBH_LL_OpenPipe
                0x0000000008009c40       0x5e ./USB_HOST/Target/usbh_conf.o
                0x0000000008009c40                USBH_LL_OpenPipe
 .text.USBH_LL_ClosePipe
                0x0000000008009c9e       0x3e ./USB_HOST/Target/usbh_conf.o
                0x0000000008009c9e                USBH_LL_ClosePipe
 .text.USBH_LL_SubmitURB
                0x0000000008009cdc       0x62 ./USB_HOST/Target/usbh_conf.o
                0x0000000008009cdc                USBH_LL_SubmitURB
 .text.USBH_LL_GetURBState
                0x0000000008009d3e       0x26 ./USB_HOST/Target/usbh_conf.o
                0x0000000008009d3e                USBH_LL_GetURBState
 .text.USBH_LL_DriverVBUS
                0x0000000008009d64       0x2e ./USB_HOST/Target/usbh_conf.o
                0x0000000008009d64                USBH_LL_DriverVBUS
 .text.USBH_LL_SetToggle
                0x0000000008009d92       0x66 ./USB_HOST/Target/usbh_conf.o
                0x0000000008009d92                USBH_LL_SetToggle
 .text.USBH_Delay
                0x0000000008009df8       0x16 ./USB_HOST/Target/usbh_conf.o
                0x0000000008009df8                USBH_Delay
 *fill*         0x0000000008009e0e        0x2 
 .text.USBH_Get_USB_Status
                0x0000000008009e10       0x58 ./USB_HOST/Target/usbh_conf.o
                0x0000000008009e10                USBH_Get_USB_Status
 .text.MX_DriverVbusFS
                0x0000000008009e68       0x38 ./USB_HOST/Target/usbh_platform.o
                0x0000000008009e68                MX_DriverVbusFS
 .text.malloc   0x0000000008009ea0       0x10 C:/ST/STM32CubeIDE_1.13.1/STM32CubeIDE/plugins/com.st.stm32cube.ide.mcu.externaltools.gnu-tools-for-stm32.11.3.rel1.win32_1.1.0.202305231506/tools/bin/../lib/gcc/arm-none-eabi/11.3.1/../../../../arm-none-eabi/lib/thumb/v7e-m+fp/hard\libc_nano.a(libc_a-malloc.o)
                0x0000000008009ea0                malloc
 .text.free     0x0000000008009eb0       0x10 C:/ST/STM32CubeIDE_1.13.1/STM32CubeIDE/plugins/com.st.stm32cube.ide.mcu.externaltools.gnu-tools-for-stm32.11.3.rel1.win32_1.1.0.202305231506/tools/bin/../lib/gcc/arm-none-eabi/11.3.1/../../../../arm-none-eabi/lib/thumb/v7e-m+fp/hard\libc_nano.a(libc_a-malloc.o)
                0x0000000008009eb0                free
 .text.sbrk_aligned
                0x0000000008009ec0       0x40 C:/ST/STM32CubeIDE_1.13.1/STM32CubeIDE/plugins/com.st.stm32cube.ide.mcu.externaltools.gnu-tools-for-stm32.11.3.rel1.win32_1.1.0.202305231506/tools/bin/../lib/gcc/arm-none-eabi/11.3.1/../../../../arm-none-eabi/lib/thumb/v7e-m+fp/hard\libc_nano.a(libc_a-mallocr.o)
 .text._malloc_r
                0x0000000008009f00      0x100 C:/ST/STM32CubeIDE_1.13.1/STM32CubeIDE/plugins/com.st.stm32cube.ide.mcu.externaltools.gnu-tools-for-stm32.11.3.rel1.win32_1.1.0.202305231506/tools/bin/../lib/gcc/arm-none-eabi/11.3.1/../../../../arm-none-eabi/lib/thumb/v7e-m+fp/hard\libc_nano.a(libc_a-mallocr.o)
                0x0000000008009f00                _malloc_r
 .text.__malloc_lock
                0x000000000800a000        0xc C:/ST/STM32CubeIDE_1.13.1/STM32CubeIDE/plugins/com.st.stm32cube.ide.mcu.externaltools.gnu-tools-for-stm32.11.3.rel1.win32_1.1.0.202305231506/tools/bin/../lib/gcc/arm-none-eabi/11.3.1/../../../../arm-none-eabi/lib/thumb/v7e-m+fp/hard\libc_nano.a(libc_a-mlock.o)
                0x000000000800a000                __malloc_lock
 .text.__malloc_unlock
                0x000000000800a00c        0xc C:/ST/STM32CubeIDE_1.13.1/STM32CubeIDE/plugins/com.st.stm32cube.ide.mcu.externaltools.gnu-tools-for-stm32.11.3.rel1.win32_1.1.0.202305231506/tools/bin/../lib/gcc/arm-none-eabi/11.3.1/../../../../arm-none-eabi/lib/thumb/v7e-m+fp/hard\libc_nano.a(libc_a-mlock.o)
                0x000000000800a00c                __malloc_unlock
 .text.memset   0x000000000800a018       0x10 C:/ST/STM32CubeIDE_1.13.1/STM32CubeIDE/plugins/com.st.stm32cube.ide.mcu.externaltools.gnu-tools-for-stm32.11.3.rel1.win32_1.1.0.202305231506/tools/bin/../lib/gcc/arm-none-eabi/11.3.1/../../../../arm-none-eabi/lib/thumb/v7e-m+fp/hard\libc_nano.a(libc_a-memset.o)
                0x000000000800a018                memset
 .text._sbrk_r  0x000000000800a028       0x20 C:/ST/STM32CubeIDE_1.13.1/STM32CubeIDE/plugins/com.st.stm32cube.ide.mcu.externaltools.gnu-tools-for-stm32.11.3.rel1.win32_1.1.0.202305231506/tools/bin/../lib/gcc/arm-none-eabi/11.3.1/../../../../arm-none-eabi/lib/thumb/v7e-m+fp/hard\libc_nano.a(libc_a-sbrkr.o)
                0x000000000800a028                _sbrk_r
 .text.__errno  0x000000000800a048        0xc C:/ST/STM32CubeIDE_1.13.1/STM32CubeIDE/plugins/com.st.stm32cube.ide.mcu.externaltools.gnu-tools-for-stm32.11.3.rel1.win32_1.1.0.202305231506/tools/bin/../lib/gcc/arm-none-eabi/11.3.1/../../../../arm-none-eabi/lib/thumb/v7e-m+fp/hard\libc_nano.a(libc_a-errno.o)
                0x000000000800a048                __errno
 .text.__libc_init_array
                0x000000000800a054       0x48 C:/ST/STM32CubeIDE_1.13.1/STM32CubeIDE/plugins/com.st.stm32cube.ide.mcu.externaltools.gnu-tools-for-stm32.11.3.rel1.win32_1.1.0.202305231506/tools/bin/../lib/gcc/arm-none-eabi/11.3.1/../../../../arm-none-eabi/lib/thumb/v7e-m+fp/hard\libc_nano.a(libc_a-init.o)
                0x000000000800a054                __libc_init_array
 .text.__retarget_lock_acquire_recursive
                0x000000000800a09c        0x2 C:/ST/STM32CubeIDE_1.13.1/STM32CubeIDE/plugins/com.st.stm32cube.ide.mcu.externaltools.gnu-tools-for-stm32.11.3.rel1.win32_1.1.0.202305231506/tools/bin/../lib/gcc/arm-none-eabi/11.3.1/../../../../arm-none-eabi/lib/thumb/v7e-m+fp/hard\libc_nano.a(libc_a-lock.o)
                0x000000000800a09c                __retarget_lock_acquire_recursive
 .text.__retarget_lock_release_recursive
                0x000000000800a09e        0x2 C:/ST/STM32CubeIDE_1.13.1/STM32CubeIDE/plugins/com.st.stm32cube.ide.mcu.externaltools.gnu-tools-for-stm32.11.3.rel1.win32_1.1.0.202305231506/tools/bin/../lib/gcc/arm-none-eabi/11.3.1/../../../../arm-none-eabi/lib/thumb/v7e-m+fp/hard\libc_nano.a(libc_a-lock.o)
                0x000000000800a09e                __retarget_lock_release_recursive
 .text._free_r  0x000000000800a0a0       0x98 C:/ST/STM32CubeIDE_1.13.1/STM32CubeIDE/plugins/com.st.stm32cube.ide.mcu.externaltools.gnu-tools-for-stm32.11.3.rel1.win32_1.1.0.202305231506/tools/bin/../lib/gcc/arm-none-eabi/11.3.1/../../../../arm-none-eabi/lib/thumb/v7e-m+fp/hard\libc_nano.a(libc_a-freer.o)
                0x000000000800a0a0                _free_r
 *(.glue_7)
 .glue_7        0x000000000800a138        0x0 linker stubs
 *(.glue_7t)
 .glue_7t       0x000000000800a138        0x0 linker stubs
 *(.eh_frame)
 .eh_frame      0x000000000800a138        0x0 C:/ST/STM32CubeIDE_1.13.1/STM32CubeIDE/plugins/com.st.stm32cube.ide.mcu.externaltools.gnu-tools-for-stm32.11.3.rel1.win32_1.1.0.202305231506/tools/bin/../lib/gcc/arm-none-eabi/11.3.1/thumb/v7e-m+fp/hard/crtbegin.o
 *(.init)
 .init          0x000000000800a138        0x4 C:/ST/STM32CubeIDE_1.13.1/STM32CubeIDE/plugins/com.st.stm32cube.ide.mcu.externaltools.gnu-tools-for-stm32.11.3.rel1.win32_1.1.0.202305231506/tools/bin/../lib/gcc/arm-none-eabi/11.3.1/thumb/v7e-m+fp/hard/crti.o
                0x000000000800a138                _init
 .init          0x000000000800a13c        0x8 C:/ST/STM32CubeIDE_1.13.1/STM32CubeIDE/plugins/com.st.stm32cube.ide.mcu.externaltools.gnu-tools-for-stm32.11.3.rel1.win32_1.1.0.202305231506/tools/bin/../lib/gcc/arm-none-eabi/11.3.1/thumb/v7e-m+fp/hard/crtn.o
 *(.fini)
 .fini          0x000000000800a144        0x4 C:/ST/STM32CubeIDE_1.13.1/STM32CubeIDE/plugins/com.st.stm32cube.ide.mcu.externaltools.gnu-tools-for-stm32.11.3.rel1.win32_1.1.0.202305231506/tools/bin/../lib/gcc/arm-none-eabi/11.3.1/thumb/v7e-m+fp/hard/crti.o
                0x000000000800a144                _fini
 .fini          0x000000000800a148        0x8 C:/ST/STM32CubeIDE_1.13.1/STM32CubeIDE/plugins/com.st.stm32cube.ide.mcu.externaltools.gnu-tools-for-stm32.11.3.rel1.win32_1.1.0.202305231506/tools/bin/../lib/gcc/arm-none-eabi/11.3.1/thumb/v7e-m+fp/hard/crtn.o
                0x000000000800a150                . = ALIGN (0x4)
                0x000000000800a150                _etext = .

.vfp11_veneer   0x000000000800a150        0x0
 .vfp11_veneer  0x000000000800a150        0x0 linker stubs

.v4_bx          0x000000000800a150        0x0
 .v4_bx         0x000000000800a150        0x0 linker stubs

.iplt           0x000000000800a150        0x0
 .iplt          0x000000000800a150        0x0 C:/ST/STM32CubeIDE_1.13.1/STM32CubeIDE/plugins/com.st.stm32cube.ide.mcu.externaltools.gnu-tools-for-stm32.11.3.rel1.win32_1.1.0.202305231506/tools/bin/../lib/gcc/arm-none-eabi/11.3.1/thumb/v7e-m+fp/hard/crtbegin.o

.rodata         0x000000000800a150       0x50
                0x000000000800a150                . = ALIGN (0x4)
 *(.rodata)
 .rodata        0x000000000800a150        0x6 ./Middlewares/USB_Host_Library/usbh_audio.o
 *(.rodata*)
 *fill*         0x000000000800a156        0x2 
 .rodata.AHBPrescTable
                0x000000000800a158       0x10 ./Core/Src/system_stm32l4xx.o
                0x000000000800a158                AHBPrescTable
 .rodata.APBPrescTable
                0x000000000800a168        0x8 ./Core/Src/system_stm32l4xx.o
                0x000000000800a168                APBPrescTable
 .rodata.MSIRangeTable
                0x000000000800a170       0x30 ./Core/Src/system_stm32l4xx.o
                0x000000000800a170                MSIRangeTable
                0x000000000800a1a0                . = ALIGN (0x4)

.ARM.extab      0x000000000800a1a0        0x0
                0x000000000800a1a0                . = ALIGN (0x4)
 *(.ARM.extab* .gnu.linkonce.armextab.*)
                0x000000000800a1a0                . = ALIGN (0x4)

.ARM            0x000000000800a1a0        0x8
                0x000000000800a1a0                . = ALIGN (0x4)
                0x000000000800a1a0                __exidx_start = .
 *(.ARM.exidx*)
 .ARM.exidx     0x000000000800a1a0        0x8 C:/ST/STM32CubeIDE_1.13.1/STM32CubeIDE/plugins/com.st.stm32cube.ide.mcu.externaltools.gnu-tools-for-stm32.11.3.rel1.win32_1.1.0.202305231506/tools/bin/../lib/gcc/arm-none-eabi/11.3.1/thumb/v7e-m+fp/hard\libgcc.a(_udivmoddi4.o)
                0x000000000800a1a8                __exidx_end = .
                0x000000000800a1a8                . = ALIGN (0x4)

.rel.dyn        0x000000000800a1a8        0x0
 .rel.iplt      0x000000000800a1a8        0x0 C:/ST/STM32CubeIDE_1.13.1/STM32CubeIDE/plugins/com.st.stm32cube.ide.mcu.externaltools.gnu-tools-for-stm32.11.3.rel1.win32_1.1.0.202305231506/tools/bin/../lib/gcc/arm-none-eabi/11.3.1/thumb/v7e-m+fp/hard/crtbegin.o

.preinit_array  0x000000000800a1a8        0x0
                0x000000000800a1a8                . = ALIGN (0x4)
                0x000000000800a1a8                PROVIDE (__preinit_array_start = .)
 *(.preinit_array*)
                0x000000000800a1a8                PROVIDE (__preinit_array_end = .)
                0x000000000800a1a8                . = ALIGN (0x4)

.init_array     0x000000000800a1a8        0x4
                0x000000000800a1a8                . = ALIGN (0x4)
                0x000000000800a1a8                PROVIDE (__init_array_start = .)
 *(SORT_BY_NAME(.init_array.*))
 *(.init_array*)
 .init_array    0x000000000800a1a8        0x4 C:/ST/STM32CubeIDE_1.13.1/STM32CubeIDE/plugins/com.st.stm32cube.ide.mcu.externaltools.gnu-tools-for-stm32.11.3.rel1.win32_1.1.0.202305231506/tools/bin/../lib/gcc/arm-none-eabi/11.3.1/thumb/v7e-m+fp/hard/crtbegin.o
                0x000000000800a1ac                PROVIDE (__init_array_end = .)
                0x000000000800a1ac                . = ALIGN (0x4)

.fini_array     0x000000000800a1ac        0x4
                0x000000000800a1ac                . = ALIGN (0x4)
                [!provide]                        PROVIDE (__fini_array_start = .)
 *(SORT_BY_NAME(.fini_array.*))
 *(.fini_array*)
 .fini_array    0x000000000800a1ac        0x4 C:/ST/STM32CubeIDE_1.13.1/STM32CubeIDE/plugins/com.st.stm32cube.ide.mcu.externaltools.gnu-tools-for-stm32.11.3.rel1.win32_1.1.0.202305231506/tools/bin/../lib/gcc/arm-none-eabi/11.3.1/thumb/v7e-m+fp/hard/crtbegin.o
                [!provide]                        PROVIDE (__fini_array_end = .)
                0x000000000800a1b0                . = ALIGN (0x4)
                0x000000000800a1b0                _sidata = LOADADDR (.data)

.data           0x0000000020000000       0x7c load address 0x000000000800a1b0
                0x0000000020000000                . = ALIGN (0x4)
                0x0000000020000000                _sdata = .
 *(.data)
 *(.data*)
 .data.SystemCoreClock
                0x0000000020000000        0x4 ./Core/Src/system_stm32l4xx.o
                0x0000000020000000                SystemCoreClock
 .data.uwTickPrio
                0x0000000020000004        0x4 ./Drivers/STM32L4xx_HAL_Driver/stm32l4xx_hal.o
                0x0000000020000004                uwTickPrio
 .data.uwTickFreq
                0x0000000020000008        0x1 ./Drivers/STM32L4xx_HAL_Driver/stm32l4xx_hal.o
                0x0000000020000008                uwTickFreq
 *fill*         0x0000000020000009        0x3 
 .data.AUDIO_Class
                0x000000002000000c       0x20 ./Middlewares/USB_Host_Library/usbh_audio.o
                0x000000002000000c                AUDIO_Class
 .data._impure_data
                0x000000002000002c       0x4c C:/ST/STM32CubeIDE_1.13.1/STM32CubeIDE/plugins/com.st.stm32cube.ide.mcu.externaltools.gnu-tools-for-stm32.11.3.rel1.win32_1.1.0.202305231506/tools/bin/../lib/gcc/arm-none-eabi/11.3.1/../../../../arm-none-eabi/lib/thumb/v7e-m+fp/hard\libc_nano.a(libc_a-impure.o)
                0x000000002000002c                _impure_data
 .data._impure_ptr
                0x0000000020000078        0x4 C:/ST/STM32CubeIDE_1.13.1/STM32CubeIDE/plugins/com.st.stm32cube.ide.mcu.externaltools.gnu-tools-for-stm32.11.3.rel1.win32_1.1.0.202305231506/tools/bin/../lib/gcc/arm-none-eabi/11.3.1/../../../../arm-none-eabi/lib/thumb/v7e-m+fp/hard\libc_nano.a(libc_a-impure.o)
                0x0000000020000078                _impure_ptr
 *(.RamFunc)
 *(.RamFunc*)
                0x000000002000007c                . = ALIGN (0x4)
                0x000000002000007c                _edata = .

.igot.plt       0x000000002000007c        0x0 load address 0x000000000800a22c
 .igot.plt      0x000000002000007c        0x0 C:/ST/STM32CubeIDE_1.13.1/STM32CubeIDE/plugins/com.st.stm32cube.ide.mcu.externaltools.gnu-tools-for-stm32.11.3.rel1.win32_1.1.0.202305231506/tools/bin/../lib/gcc/arm-none-eabi/11.3.1/thumb/v7e-m+fp/hard/crtbegin.o
                0x000000002000007c                . = ALIGN (0x4)

.bss            0x000000002000007c      0xad0 load address 0x000000000800a22c
                0x000000002000007c                _sbss = .
                0x000000002000007c                __bss_start__ = _sbss
 *(.bss)
 .bss           0x000000002000007c       0x1c C:/ST/STM32CubeIDE_1.13.1/STM32CubeIDE/plugins/com.st.stm32cube.ide.mcu.externaltools.gnu-tools-for-stm32.11.3.rel1.win32_1.1.0.202305231506/tools/bin/../lib/gcc/arm-none-eabi/11.3.1/thumb/v7e-m+fp/hard/crtbegin.o
 *(.bss*)
 .bss.hlpuart1  0x0000000020000098       0x88 ./Core/Src/main.o
                0x0000000020000098                hlpuart1
 .bss.huart1    0x0000000020000120       0x88 ./Core/Src/main.o
                0x0000000020000120                huart1
 .bss.hspi1     0x00000000200001a8       0x64 ./Core/Src/main.o
                0x00000000200001a8                hspi1
 .bss.__sbrk_heap_end
                0x000000002000020c        0x4 ./Core/Src/sysmem.o
 .bss.uwTick    0x0000000020000210        0x4 ./Drivers/STM32L4xx_HAL_Driver/stm32l4xx_hal.o
                0x0000000020000210                uwTick
 .bss.hUsbHostFS
                0x0000000020000214      0x4a8 ./USB_HOST/App/usb_host.o
                0x0000000020000214                hUsbHostFS
 .bss.Appli_state
                0x00000000200006bc        0x1 ./USB_HOST/App/usb_host.o
                0x00000000200006bc                Appli_state
 *fill*         0x00000000200006bd        0x3 
 .bss.hhcd_USB_OTG_FS
                0x00000000200006c0      0x344 ./USB_HOST/Target/usbh_conf.o
                0x00000000200006c0                hhcd_USB_OTG_FS
 .bss.__malloc_free_list
                0x0000000020000a04        0x4 C:/ST/STM32CubeIDE_1.13.1/STM32CubeIDE/plugins/com.st.stm32cube.ide.mcu.externaltools.gnu-tools-for-stm32.11.3.rel1.win32_1.1.0.202305231506/tools/bin/../lib/gcc/arm-none-eabi/11.3.1/../../../../arm-none-eabi/lib/thumb/v7e-m+fp/hard\libc_nano.a(libc_a-mallocr.o)
                0x0000000020000a04                __malloc_free_list
 .bss.__malloc_sbrk_start
                0x0000000020000a08        0x4 C:/ST/STM32CubeIDE_1.13.1/STM32CubeIDE/plugins/com.st.stm32cube.ide.mcu.externaltools.gnu-tools-for-stm32.11.3.rel1.win32_1.1.0.202305231506/tools/bin/../lib/gcc/arm-none-eabi/11.3.1/../../../../arm-none-eabi/lib/thumb/v7e-m+fp/hard\libc_nano.a(libc_a-mallocr.o)
                0x0000000020000a08                __malloc_sbrk_start
 .bss.__sf      0x0000000020000a0c      0x138 C:/ST/STM32CubeIDE_1.13.1/STM32CubeIDE/plugins/com.st.stm32cube.ide.mcu.externaltools.gnu-tools-for-stm32.11.3.rel1.win32_1.1.0.202305231506/tools/bin/../lib/gcc/arm-none-eabi/11.3.1/../../../../arm-none-eabi/lib/thumb/v7e-m+fp/hard\libc_nano.a(libc_a-findfp.o)
                0x0000000020000a0c                __sf
 .bss.errno     0x0000000020000b44        0x4 C:/ST/STM32CubeIDE_1.13.1/STM32CubeIDE/plugins/com.st.stm32cube.ide.mcu.externaltools.gnu-tools-for-stm32.11.3.rel1.win32_1.1.0.202305231506/tools/bin/../lib/gcc/arm-none-eabi/11.3.1/../../../../arm-none-eabi/lib/thumb/v7e-m+fp/hard\libc_nano.a(libc_a-reent.o)
                0x0000000020000b44                errno
 .bss.__lock___malloc_recursive_mutex
                0x0000000020000b48        0x1 C:/ST/STM32CubeIDE_1.13.1/STM32CubeIDE/plugins/com.st.stm32cube.ide.mcu.externaltools.gnu-tools-for-stm32.11.3.rel1.win32_1.1.0.202305231506/tools/bin/../lib/gcc/arm-none-eabi/11.3.1/../../../../arm-none-eabi/lib/thumb/v7e-m+fp/hard\libc_nano.a(libc_a-lock.o)
                0x0000000020000b48                __lock___malloc_recursive_mutex
 *(COMMON)
                0x0000000020000b4c                . = ALIGN (0x4)
 *fill*         0x0000000020000b49        0x3 
                0x0000000020000b4c                _ebss = .
                0x0000000020000b4c                __bss_end__ = _ebss

._user_heap_stack
                0x0000000020000b4c      0x604 load address 0x000000000800a22c
                0x0000000020000b50                . = ALIGN (0x8)
 *fill*         0x0000000020000b4c        0x4 
                [!provide]                        PROVIDE (end = .)
                0x0000000020000b50                PROVIDE (_end = .)
                0x0000000020000d50                . = (. + _Min_Heap_Size)
 *fill*         0x0000000020000b50      0x200 
                0x0000000020001150                . = (. + _Min_Stack_Size)
 *fill*         0x0000000020000d50      0x400 
                0x0000000020001150                . = ALIGN (0x8)

/DISCARD/
 libc.a(*)
 libm.a(*)
 libgcc.a(*)

.ARM.attributes
                0x0000000000000000       0x30
 *(.ARM.attributes)
 .ARM.attributes
                0x0000000000000000       0x1e C:/ST/STM32CubeIDE_1.13.1/STM32CubeIDE/plugins/com.st.stm32cube.ide.mcu.externaltools.gnu-tools-for-stm32.11.3.rel1.win32_1.1.0.202305231506/tools/bin/../lib/gcc/arm-none-eabi/11.3.1/thumb/v7e-m+fp/hard/crti.o
 .ARM.attributes
                0x000000000000001e       0x34 C:/ST/STM32CubeIDE_1.13.1/STM32CubeIDE/plugins/com.st.stm32cube.ide.mcu.externaltools.gnu-tools-for-stm32.11.3.rel1.win32_1.1.0.202305231506/tools/bin/../lib/gcc/arm-none-eabi/11.3.1/thumb/v7e-m+fp/hard/crtbegin.o
 .ARM.attributes
                0x0000000000000052       0x34 ./Core/Src/main.o
 .ARM.attributes
                0x0000000000000086       0x34 ./Core/Src/stm32l4xx_hal_msp.o
 .ARM.attributes
                0x00000000000000ba       0x34 ./Core/Src/stm32l4xx_it.o
 .ARM.attributes
                0x00000000000000ee       0x34 ./Core/Src/sysmem.o
 .ARM.attributes
                0x0000000000000122       0x34 ./Core/Src/system_stm32l4xx.o
 .ARM.attributes
                0x0000000000000156       0x21 ./Core/Startup/startup_stm32l496zgtxp.o
 .ARM.attributes
                0x0000000000000177       0x34 ./Drivers/STM32L4xx_HAL_Driver/stm32l4xx_hal.o
 .ARM.attributes
                0x00000000000001ab       0x34 ./Drivers/STM32L4xx_HAL_Driver/stm32l4xx_hal_cortex.o
 .ARM.attributes
                0x00000000000001df       0x34 ./Drivers/STM32L4xx_HAL_Driver/stm32l4xx_hal_dma.o
 .ARM.attributes
                0x0000000000000213       0x34 ./Drivers/STM32L4xx_HAL_Driver/stm32l4xx_hal_gpio.o
 .ARM.attributes
                0x0000000000000247       0x34 ./Drivers/STM32L4xx_HAL_Driver/stm32l4xx_hal_hcd.o
 .ARM.attributes
                0x000000000000027b       0x34 ./Drivers/STM32L4xx_HAL_Driver/stm32l4xx_hal_pwr.o
 .ARM.attributes
                0x00000000000002af       0x34 ./Drivers/STM32L4xx_HAL_Driver/stm32l4xx_hal_pwr_ex.o
 .ARM.attributes
                0x00000000000002e3       0x34 ./Drivers/STM32L4xx_HAL_Driver/stm32l4xx_hal_rcc.o
 .ARM.attributes
                0x0000000000000317       0x34 ./Drivers/STM32L4xx_HAL_Driver/stm32l4xx_hal_rcc_ex.o
 .ARM.attributes
                0x000000000000034b       0x34 ./Drivers/STM32L4xx_HAL_Driver/stm32l4xx_hal_spi.o
 .ARM.attributes
                0x000000000000037f       0x34 ./Drivers/STM32L4xx_HAL_Driver/stm32l4xx_hal_uart.o
 .ARM.attributes
                0x00000000000003b3       0x34 ./Drivers/STM32L4xx_HAL_Driver/stm32l4xx_ll_usb.o
 .ARM.attributes
                0x00000000000003e7       0x34 ./Middlewares/USB_Host_Library/usbh_audio.o
 .ARM.attributes
                0x000000000000041b       0x34 ./Middlewares/USB_Host_Library/usbh_core.o
 .ARM.attributes
                0x000000000000044f       0x34 ./Middlewares/USB_Host_Library/usbh_ctlreq.o
 .ARM.attributes
                0x0000000000000483       0x34 ./Middlewares/USB_Host_Library/usbh_ioreq.o
 .ARM.attributes
                0x00000000000004b7       0x34 ./Middlewares/USB_Host_Library/usbh_pipes.o
 .ARM.attributes
                0x00000000000004eb       0x34 ./USB_HOST/App/usb_host.o
 .ARM.attributes
                0x000000000000051f       0x34 ./USB_HOST/Target/usbh_conf.o
 .ARM.attributes
                0x0000000000000553       0x34 ./USB_HOST/Target/usbh_platform.o
 .ARM.attributes
                0x0000000000000587       0x34 C:/ST/STM32CubeIDE_1.13.1/STM32CubeIDE/plugins/com.st.stm32cube.ide.mcu.externaltools.gnu-tools-for-stm32.11.3.rel1.win32_1.1.0.202305231506/tools/bin/../lib/gcc/arm-none-eabi/11.3.1/../../../../arm-none-eabi/lib/thumb/v7e-m+fp/hard\libc_nano.a(libc_a-malloc.o)
 .ARM.attributes
                0x00000000000005bb       0x34 C:/ST/STM32CubeIDE_1.13.1/STM32CubeIDE/plugins/com.st.stm32cube.ide.mcu.externaltools.gnu-tools-for-stm32.11.3.rel1.win32_1.1.0.202305231506/tools/bin/../lib/gcc/arm-none-eabi/11.3.1/../../../../arm-none-eabi/lib/thumb/v7e-m+fp/hard\libc_nano.a(libc_a-mallocr.o)
 .ARM.attributes
                0x00000000000005ef       0x34 C:/ST/STM32CubeIDE_1.13.1/STM32CubeIDE/plugins/com.st.stm32cube.ide.mcu.externaltools.gnu-tools-for-stm32.11.3.rel1.win32_1.1.0.202305231506/tools/bin/../lib/gcc/arm-none-eabi/11.3.1/../../../../arm-none-eabi/lib/thumb/v7e-m+fp/hard\libc_nano.a(libc_a-mlock.o)
 .ARM.attributes
                0x0000000000000623       0x34 C:/ST/STM32CubeIDE_1.13.1/STM32CubeIDE/plugins/com.st.stm32cube.ide.mcu.externaltools.gnu-tools-for-stm32.11.3.rel1.win32_1.1.0.202305231506/tools/bin/../lib/gcc/arm-none-eabi/11.3.1/../../../../arm-none-eabi/lib/thumb/v7e-m+fp/hard\libc_nano.a(libc_a-findfp.o)
 .ARM.attributes
                0x0000000000000657       0x34 C:/ST/STM32CubeIDE_1.13.1/STM32CubeIDE/plugins/com.st.stm32cube.ide.mcu.externaltools.gnu-tools-for-stm32.11.3.rel1.win32_1.1.0.202305231506/tools/bin/../lib/gcc/arm-none-eabi/11.3.1/../../../../arm-none-eabi/lib/thumb/v7e-m+fp/hard\libc_nano.a(libc_a-memset.o)
 .ARM.attributes
                0x000000000000068b       0x34 C:/ST/STM32CubeIDE_1.13.1/STM32CubeIDE/plugins/com.st.stm32cube.ide.mcu.externaltools.gnu-tools-for-stm32.11.3.rel1.win32_1.1.0.202305231506/tools/bin/../lib/gcc/arm-none-eabi/11.3.1/../../../../arm-none-eabi/lib/thumb/v7e-m+fp/hard\libc_nano.a(libc_a-reent.o)
 .ARM.attributes
                0x00000000000006bf       0x34 C:/ST/STM32CubeIDE_1.13.1/STM32CubeIDE/plugins/com.st.stm32cube.ide.mcu.externaltools.gnu-tools-for-stm32.11.3.rel1.win32_1.1.0.202305231506/tools/bin/../lib/gcc/arm-none-eabi/11.3.1/../../../../arm-none-eabi/lib/thumb/v7e-m+fp/hard\libc_nano.a(libc_a-impure.o)
 .ARM.attributes
                0x00000000000006f3       0x34 C:/ST/STM32CubeIDE_1.13.1/STM32CubeIDE/plugins/com.st.stm32cube.ide.mcu.externaltools.gnu-tools-for-stm32.11.3.rel1.win32_1.1.0.202305231506/tools/bin/../lib/gcc/arm-none-eabi/11.3.1/../../../../arm-none-eabi/lib/thumb/v7e-m+fp/hard\libc_nano.a(libc_a-sbrkr.o)
 .ARM.attributes
                0x0000000000000727       0x34 C:/ST/STM32CubeIDE_1.13.1/STM32CubeIDE/plugins/com.st.stm32cube.ide.mcu.externaltools.gnu-tools-for-stm32.11.3.rel1.win32_1.1.0.202305231506/tools/bin/../lib/gcc/arm-none-eabi/11.3.1/../../../../arm-none-eabi/lib/thumb/v7e-m+fp/hard\libc_nano.a(libc_a-errno.o)
 .ARM.attributes
                0x000000000000075b       0x34 C:/ST/STM32CubeIDE_1.13.1/STM32CubeIDE/plugins/com.st.stm32cube.ide.mcu.externaltools.gnu-tools-for-stm32.11.3.rel1.win32_1.1.0.202305231506/tools/bin/../lib/gcc/arm-none-eabi/11.3.1/../../../../arm-none-eabi/lib/thumb/v7e-m+fp/hard\libc_nano.a(libc_a-init.o)
 .ARM.attributes
                0x000000000000078f       0x34 C:/ST/STM32CubeIDE_1.13.1/STM32CubeIDE/plugins/com.st.stm32cube.ide.mcu.externaltools.gnu-tools-for-stm32.11.3.rel1.win32_1.1.0.202305231506/tools/bin/../lib/gcc/arm-none-eabi/11.3.1/../../../../arm-none-eabi/lib/thumb/v7e-m+fp/hard\libc_nano.a(libc_a-lock.o)
 .ARM.attributes
                0x00000000000007c3       0x34 C:/ST/STM32CubeIDE_1.13.1/STM32CubeIDE/plugins/com.st.stm32cube.ide.mcu.externaltools.gnu-tools-for-stm32.11.3.rel1.win32_1.1.0.202305231506/tools/bin/../lib/gcc/arm-none-eabi/11.3.1/../../../../arm-none-eabi/lib/thumb/v7e-m+fp/hard\libc_nano.a(libc_a-freer.o)
 .ARM.attributes
                0x00000000000007f7       0x1e C:/ST/STM32CubeIDE_1.13.1/STM32CubeIDE/plugins/com.st.stm32cube.ide.mcu.externaltools.gnu-tools-for-stm32.11.3.rel1.win32_1.1.0.202305231506/tools/bin/../lib/gcc/arm-none-eabi/11.3.1/thumb/v7e-m+fp/hard\libgcc.a(_aeabi_uldivmod.o)
 .ARM.attributes
                0x0000000000000815       0x34 C:/ST/STM32CubeIDE_1.13.1/STM32CubeIDE/plugins/com.st.stm32cube.ide.mcu.externaltools.gnu-tools-for-stm32.11.3.rel1.win32_1.1.0.202305231506/tools/bin/../lib/gcc/arm-none-eabi/11.3.1/thumb/v7e-m+fp/hard\libgcc.a(_udivmoddi4.o)
 .ARM.attributes
                0x0000000000000849       0x1e C:/ST/STM32CubeIDE_1.13.1/STM32CubeIDE/plugins/com.st.stm32cube.ide.mcu.externaltools.gnu-tools-for-stm32.11.3.rel1.win32_1.1.0.202305231506/tools/bin/../lib/gcc/arm-none-eabi/11.3.1/thumb/v7e-m+fp/hard\libgcc.a(_dvmd_tls.o)
 .ARM.attributes
                0x0000000000000867       0x1e C:/ST/STM32CubeIDE_1.13.1/STM32CubeIDE/plugins/com.st.stm32cube.ide.mcu.externaltools.gnu-tools-for-stm32.11.3.rel1.win32_1.1.0.202305231506/tools/bin/../lib/gcc/arm-none-eabi/11.3.1/thumb/v7e-m+fp/hard/crtn.o
OUTPUT(IntanAmp.elf elf32-littlearm)
LOAD linker stubs
LOAD C:/ST/STM32CubeIDE_1.13.1/STM32CubeIDE/plugins/com.st.stm32cube.ide.mcu.externaltools.gnu-tools-for-stm32.11.3.rel1.win32_1.1.0.202305231506/tools/bin/../lib/gcc/arm-none-eabi/11.3.1/../../../../arm-none-eabi/lib/thumb/v7e-m+fp/hard\libc.a
LOAD C:/ST/STM32CubeIDE_1.13.1/STM32CubeIDE/plugins/com.st.stm32cube.ide.mcu.externaltools.gnu-tools-for-stm32.11.3.rel1.win32_1.1.0.202305231506/tools/bin/../lib/gcc/arm-none-eabi/11.3.1/../../../../arm-none-eabi/lib/thumb/v7e-m+fp/hard\libm.a
LOAD C:/ST/STM32CubeIDE_1.13.1/STM32CubeIDE/plugins/com.st.stm32cube.ide.mcu.externaltools.gnu-tools-for-stm32.11.3.rel1.win32_1.1.0.202305231506/tools/bin/../lib/gcc/arm-none-eabi/11.3.1/thumb/v7e-m+fp/hard\libgcc.a

.comment        0x0000000000000000       0x43
 .comment       0x0000000000000000       0x43 C:/ST/STM32CubeIDE_1.13.1/STM32CubeIDE/plugins/com.st.stm32cube.ide.mcu.externaltools.gnu-tools-for-stm32.11.3.rel1.win32_1.1.0.202305231506/tools/bin/../lib/gcc/arm-none-eabi/11.3.1/thumb/v7e-m+fp/hard/crtbegin.o
                                         0x44 (size before relaxing)
 .comment       0x0000000000000043       0x44 ./Core/Src/main.o
 .comment       0x0000000000000043       0x44 ./Core/Src/stm32l4xx_hal_msp.o
 .comment       0x0000000000000043       0x44 ./Core/Src/stm32l4xx_it.o
 .comment       0x0000000000000043       0x44 ./Core/Src/sysmem.o
 .comment       0x0000000000000043       0x44 ./Core/Src/system_stm32l4xx.o
 .comment       0x0000000000000043       0x44 ./Drivers/STM32L4xx_HAL_Driver/stm32l4xx_hal.o
 .comment       0x0000000000000043       0x44 ./Drivers/STM32L4xx_HAL_Driver/stm32l4xx_hal_cortex.o
 .comment       0x0000000000000043       0x44 ./Drivers/STM32L4xx_HAL_Driver/stm32l4xx_hal_dma.o
 .comment       0x0000000000000043       0x44 ./Drivers/STM32L4xx_HAL_Driver/stm32l4xx_hal_gpio.o
 .comment       0x0000000000000043       0x44 ./Drivers/STM32L4xx_HAL_Driver/stm32l4xx_hal_hcd.o
 .comment       0x0000000000000043       0x44 ./Drivers/STM32L4xx_HAL_Driver/stm32l4xx_hal_pwr.o
 .comment       0x0000000000000043       0x44 ./Drivers/STM32L4xx_HAL_Driver/stm32l4xx_hal_pwr_ex.o
 .comment       0x0000000000000043       0x44 ./Drivers/STM32L4xx_HAL_Driver/stm32l4xx_hal_rcc.o
 .comment       0x0000000000000043       0x44 ./Drivers/STM32L4xx_HAL_Driver/stm32l4xx_hal_rcc_ex.o
 .comment       0x0000000000000043       0x44 ./Drivers/STM32L4xx_HAL_Driver/stm32l4xx_hal_spi.o
 .comment       0x0000000000000043       0x44 ./Drivers/STM32L4xx_HAL_Driver/stm32l4xx_hal_uart.o
 .comment       0x0000000000000043       0x44 ./Drivers/STM32L4xx_HAL_Driver/stm32l4xx_ll_usb.o
 .comment       0x0000000000000043       0x44 ./Middlewares/USB_Host_Library/usbh_audio.o
 .comment       0x0000000000000043       0x44 ./Middlewares/USB_Host_Library/usbh_core.o
 .comment       0x0000000000000043       0x44 ./Middlewares/USB_Host_Library/usbh_ctlreq.o
 .comment       0x0000000000000043       0x44 ./Middlewares/USB_Host_Library/usbh_ioreq.o
 .comment       0x0000000000000043       0x44 ./Middlewares/USB_Host_Library/usbh_pipes.o
 .comment       0x0000000000000043       0x44 ./USB_HOST/App/usb_host.o
 .comment       0x0000000000000043       0x44 ./USB_HOST/Target/usbh_conf.o
 .comment       0x0000000000000043       0x44 ./USB_HOST/Target/usbh_platform.o

.debug_info     0x0000000000000000    0x19398
 .debug_info    0x0000000000000000     0x1097 ./Core/Src/main.o
 .debug_info    0x0000000000001097     0x133c ./Core/Src/stm32l4xx_hal_msp.o
 .debug_info    0x00000000000023d3      0xb81 ./Core/Src/stm32l4xx_it.o
 .debug_info    0x0000000000002f54      0x168 ./Core/Src/sysmem.o
 .debug_info    0x00000000000030bc      0x5cd ./Core/Src/system_stm32l4xx.o
 .debug_info    0x0000000000003689       0x23 ./Core/Startup/startup_stm32l496zgtxp.o
 .debug_info    0x00000000000036ac      0xb4b ./Drivers/STM32L4xx_HAL_Driver/stm32l4xx_hal.o
 .debug_info    0x00000000000041f7      0xd82 ./Drivers/STM32L4xx_HAL_Driver/stm32l4xx_hal_cortex.o
 .debug_info    0x0000000000004f79      0x6f4 ./Drivers/STM32L4xx_HAL_Driver/stm32l4xx_hal_dma.o
 .debug_info    0x000000000000566d      0x76f ./Drivers/STM32L4xx_HAL_Driver/stm32l4xx_hal_gpio.o
 .debug_info    0x0000000000005ddc     0x1122 ./Drivers/STM32L4xx_HAL_Driver/stm32l4xx_hal_hcd.o
 .debug_info    0x0000000000006efe      0x956 ./Drivers/STM32L4xx_HAL_Driver/stm32l4xx_hal_pwr.o
 .debug_info    0x0000000000007854      0x996 ./Drivers/STM32L4xx_HAL_Driver/stm32l4xx_hal_pwr_ex.o
 .debug_info    0x00000000000081ea      0xc3b ./Drivers/STM32L4xx_HAL_Driver/stm32l4xx_hal_rcc.o
 .debug_info    0x0000000000008e25     0x10c1 ./Drivers/STM32L4xx_HAL_Driver/stm32l4xx_hal_rcc_ex.o
 .debug_info    0x0000000000009ee6     0x161a ./Drivers/STM32L4xx_HAL_Driver/stm32l4xx_hal_spi.o
 .debug_info    0x000000000000b500     0x3b85 ./Drivers/STM32L4xx_HAL_Driver/stm32l4xx_hal_uart.o
 .debug_info    0x000000000000f085     0x1971 ./Drivers/STM32L4xx_HAL_Driver/stm32l4xx_ll_usb.o
 .debug_info    0x00000000000109f6     0x26fa ./Middlewares/USB_Host_Library/usbh_audio.o
 .debug_info    0x00000000000130f0      0xfb1 ./Middlewares/USB_Host_Library/usbh_core.o
 .debug_info    0x00000000000140a1      0xfa5 ./Middlewares/USB_Host_Library/usbh_ctlreq.o
 .debug_info    0x0000000000015046      0xc2a ./Middlewares/USB_Host_Library/usbh_ioreq.o
 .debug_info    0x0000000000015c70      0xa8d ./Middlewares/USB_Host_Library/usbh_pipes.o
 .debug_info    0x00000000000166fd      0xa0f ./USB_HOST/App/usb_host.o
 .debug_info    0x000000000001710c     0x20a7 ./USB_HOST/Target/usbh_conf.o
 .debug_info    0x00000000000191b3      0x1e5 ./USB_HOST/Target/usbh_platform.o

.debug_abbrev   0x0000000000000000     0x3a9d
 .debug_abbrev  0x0000000000000000      0x296 ./Core/Src/main.o
 .debug_abbrev  0x0000000000000296      0x1ec ./Core/Src/stm32l4xx_hal_msp.o
 .debug_abbrev  0x0000000000000482      0x1d6 ./Core/Src/stm32l4xx_it.o
 .debug_abbrev  0x0000000000000658       0xbc ./Core/Src/sysmem.o
 .debug_abbrev  0x0000000000000714      0x11a ./Core/Src/system_stm32l4xx.o
 .debug_abbrev  0x000000000000082e       0x12 ./Core/Startup/startup_stm32l496zgtxp.o
 .debug_abbrev  0x0000000000000840      0x242 ./Drivers/STM32L4xx_HAL_Driver/stm32l4xx_hal.o
 .debug_abbrev  0x0000000000000a82      0x327 ./Drivers/STM32L4xx_HAL_Driver/stm32l4xx_hal_cortex.o
 .debug_abbrev  0x0000000000000da9      0x1e4 ./Drivers/STM32L4xx_HAL_Driver/stm32l4xx_hal_dma.o
 .debug_abbrev  0x0000000000000f8d      0x1cb ./Drivers/STM32L4xx_HAL_Driver/stm32l4xx_hal_gpio.o
 .debug_abbrev  0x0000000000001158      0x298 ./Drivers/STM32L4xx_HAL_Driver/stm32l4xx_hal_hcd.o
 .debug_abbrev  0x00000000000013f0      0x1d4 ./Drivers/STM32L4xx_HAL_Driver/stm32l4xx_hal_pwr.o
 .debug_abbrev  0x00000000000015c4      0x1f9 ./Drivers/STM32L4xx_HAL_Driver/stm32l4xx_hal_pwr_ex.o
 .debug_abbrev  0x00000000000017bd      0x2cb ./Drivers/STM32L4xx_HAL_Driver/stm32l4xx_hal_rcc.o
 .debug_abbrev  0x0000000000001a88      0x2a3 ./Drivers/STM32L4xx_HAL_Driver/stm32l4xx_hal_rcc_ex.o
 .debug_abbrev  0x0000000000001d2b      0x26a ./Drivers/STM32L4xx_HAL_Driver/stm32l4xx_hal_spi.o
 .debug_abbrev  0x0000000000001f95      0x2d0 ./Drivers/STM32L4xx_HAL_Driver/stm32l4xx_hal_uart.o
 .debug_abbrev  0x0000000000002265      0x2b3 ./Drivers/STM32L4xx_HAL_Driver/stm32l4xx_ll_usb.o
 .debug_abbrev  0x0000000000002518      0x336 ./Middlewares/USB_Host_Library/usbh_audio.o
 .debug_abbrev  0x000000000000284e      0x32c ./Middlewares/USB_Host_Library/usbh_core.o
 .debug_abbrev  0x0000000000002b7a      0x301 ./Middlewares/USB_Host_Library/usbh_ctlreq.o
 .debug_abbrev  0x0000000000002e7b      0x247 ./Middlewares/USB_Host_Library/usbh_ioreq.o
 .debug_abbrev  0x00000000000030c2      0x283 ./Middlewares/USB_Host_Library/usbh_pipes.o
 .debug_abbrev  0x0000000000003345      0x270 ./USB_HOST/App/usb_host.o
 .debug_abbrev  0x00000000000035b5      0x3d4 ./USB_HOST/Target/usbh_conf.o
 .debug_abbrev  0x0000000000003989      0x114 ./USB_HOST/Target/usbh_platform.o

.debug_aranges  0x0000000000000000     0x1318
 .debug_aranges
                0x0000000000000000       0x50 ./Core/Src/main.o
 .debug_aranges
                0x0000000000000050       0x40 ./Core/Src/stm32l4xx_hal_msp.o
 .debug_aranges
                0x0000000000000090       0x70 ./Core/Src/stm32l4xx_it.o
 .debug_aranges
                0x0000000000000100       0x20 ./Core/Src/sysmem.o
 .debug_aranges
                0x0000000000000120       0x28 ./Core/Src/system_stm32l4xx.o
 .debug_aranges
                0x0000000000000148       0x28 ./Core/Startup/startup_stm32l496zgtxp.o
 .debug_aranges
                0x0000000000000170      0x130 ./Drivers/STM32L4xx_HAL_Driver/stm32l4xx_hal.o
 .debug_aranges
                0x00000000000002a0      0x118 ./Drivers/STM32L4xx_HAL_Driver/stm32l4xx_hal_cortex.o
 .debug_aranges
                0x00000000000003b8       0x80 ./Drivers/STM32L4xx_HAL_Driver/stm32l4xx_hal_dma.o
 .debug_aranges
                0x0000000000000438       0x58 ./Drivers/STM32L4xx_HAL_Driver/stm32l4xx_hal_gpio.o
 .debug_aranges
                0x0000000000000490      0x100 ./Drivers/STM32L4xx_HAL_Driver/stm32l4xx_hal_hcd.o
 .debug_aranges
                0x0000000000000590       0x98 ./Drivers/STM32L4xx_HAL_Driver/stm32l4xx_hal_pwr.o
 .debug_aranges
                0x0000000000000628      0x150 ./Drivers/STM32L4xx_HAL_Driver/stm32l4xx_hal_pwr_ex.o
 .debug_aranges
                0x0000000000000778       0x90 ./Drivers/STM32L4xx_HAL_Driver/stm32l4xx_hal_rcc.o
 .debug_aranges
                0x0000000000000808      0x108 ./Drivers/STM32L4xx_HAL_Driver/stm32l4xx_hal_rcc_ex.o
 .debug_aranges
                0x0000000000000910      0x1d8 ./Drivers/STM32L4xx_HAL_Driver/stm32l4xx_hal_spi.o
 .debug_aranges
                0x0000000000000ae8      0x228 ./Drivers/STM32L4xx_HAL_Driver/stm32l4xx_hal_uart.o
 .debug_aranges
                0x0000000000000d10      0x1a0 ./Drivers/STM32L4xx_HAL_Driver/stm32l4xx_ll_usb.o
 .debug_aranges
                0x0000000000000eb0      0x140 ./Middlewares/USB_Host_Library/usbh_audio.o
 .debug_aranges
                0x0000000000000ff0       0xc0 ./Middlewares/USB_Host_Library/usbh_core.o
 .debug_aranges
                0x00000000000010b0       0xa0 ./Middlewares/USB_Host_Library/usbh_ctlreq.o
 .debug_aranges
                0x0000000000001150       0x60 ./Middlewares/USB_Host_Library/usbh_ioreq.o
 .debug_aranges
                0x00000000000011b0       0x40 ./Middlewares/USB_Host_Library/usbh_pipes.o
 .debug_aranges
                0x00000000000011f0       0x30 ./USB_HOST/App/usb_host.o
 .debug_aranges
                0x0000000000001220       0xd8 ./USB_HOST/Target/usbh_conf.o
 .debug_aranges
                0x00000000000012f8       0x20 ./USB_HOST/Target/usbh_platform.o

.debug_rnglists
                0x0000000000000000      0xe92
 .debug_rnglists
                0x0000000000000000       0x39 ./Core/Src/main.o
 .debug_rnglists
                0x0000000000000039       0x2d ./Core/Src/stm32l4xx_hal_msp.o
 .debug_rnglists
                0x0000000000000066       0x4f ./Core/Src/stm32l4xx_it.o
 .debug_rnglists
                0x00000000000000b5       0x13 ./Core/Src/sysmem.o
 .debug_rnglists
                0x00000000000000c8       0x1a ./Core/Src/system_stm32l4xx.o
 .debug_rnglists
                0x00000000000000e2       0x19 ./Core/Startup/startup_stm32l496zgtxp.o
 .debug_rnglists
                0x00000000000000fb       0xdf ./Drivers/STM32L4xx_HAL_Driver/stm32l4xx_hal.o
 .debug_rnglists
                0x00000000000001da       0xce ./Drivers/STM32L4xx_HAL_Driver/stm32l4xx_hal_cortex.o
 .debug_rnglists
                0x00000000000002a8       0x64 ./Drivers/STM32L4xx_HAL_Driver/stm32l4xx_hal_dma.o
 .debug_rnglists
                0x000000000000030c       0x3f ./Drivers/STM32L4xx_HAL_Driver/stm32l4xx_hal_gpio.o
 .debug_rnglists
                0x000000000000034b       0xc3 ./Drivers/STM32L4xx_HAL_Driver/stm32l4xx_hal_hcd.o
 .debug_rnglists
                0x000000000000040e       0x6e ./Drivers/STM32L4xx_HAL_Driver/stm32l4xx_hal_pwr.o
 .debug_rnglists
                0x000000000000047c       0xfd ./Drivers/STM32L4xx_HAL_Driver/stm32l4xx_hal_pwr_ex.o
 .debug_rnglists
                0x0000000000000579       0x6d ./Drivers/STM32L4xx_HAL_Driver/stm32l4xx_hal_rcc.o
 .debug_rnglists
                0x00000000000005e6       0xce ./Drivers/STM32L4xx_HAL_Driver/stm32l4xx_hal_rcc_ex.o
 .debug_rnglists
                0x00000000000006b4      0x178 ./Drivers/STM32L4xx_HAL_Driver/stm32l4xx_hal_spi.o
 .debug_rnglists
                0x000000000000082c      0x1db ./Drivers/STM32L4xx_HAL_Driver/stm32l4xx_hal_uart.o
 .debug_rnglists
                0x0000000000000a07      0x146 ./Drivers/STM32L4xx_HAL_Driver/stm32l4xx_ll_usb.o
 .debug_rnglists
                0x0000000000000b4d      0x101 ./Middlewares/USB_Host_Library/usbh_audio.o
 .debug_rnglists
                0x0000000000000c4e       0x8f ./Middlewares/USB_Host_Library/usbh_core.o
 .debug_rnglists
                0x0000000000000cdd       0x77 ./Middlewares/USB_Host_Library/usbh_ctlreq.o
 .debug_rnglists
                0x0000000000000d54       0x43 ./Middlewares/USB_Host_Library/usbh_ioreq.o
 .debug_rnglists
                0x0000000000000d97       0x2b ./Middlewares/USB_Host_Library/usbh_pipes.o
 .debug_rnglists
                0x0000000000000dc2       0x1f ./USB_HOST/App/usb_host.o
 .debug_rnglists
                0x0000000000000de1       0x9e ./USB_HOST/Target/usbh_conf.o
 .debug_rnglists
                0x0000000000000e7f       0x13 ./USB_HOST/Target/usbh_platform.o

.debug_macro    0x0000000000000000    0x2ad15
 .debug_macro   0x0000000000000000      0x1f3 ./Core/Src/main.o
 .debug_macro   0x00000000000001f3      0xaa8 ./Core/Src/main.o
 .debug_macro   0x0000000000000c9b      0x1ad ./Core/Src/main.o
 .debug_macro   0x0000000000000e48       0x2e ./Core/Src/main.o
 .debug_macro   0x0000000000000e76       0x28 ./Core/Src/main.o
 .debug_macro   0x0000000000000e9e       0x22 ./Core/Src/main.o
 .debug_macro   0x0000000000000ec0       0x8e ./Core/Src/main.o
 .debug_macro   0x0000000000000f4e       0x51 ./Core/Src/main.o
 .debug_macro   0x0000000000000f9f      0x103 ./Core/Src/main.o
 .debug_macro   0x00000000000010a2       0x6a ./Core/Src/main.o
 .debug_macro   0x000000000000110c      0x1df ./Core/Src/main.o
 .debug_macro   0x00000000000012eb       0x1c ./Core/Src/main.o
 .debug_macro   0x0000000000001307       0x22 ./Core/Src/main.o
 .debug_macro   0x0000000000001329       0xfb ./Core/Src/main.o
 .debug_macro   0x0000000000001424     0x1011 ./Core/Src/main.o
 .debug_macro   0x0000000000002435      0x11f ./Core/Src/main.o
 .debug_macro   0x0000000000002554    0x1c1e2 ./Core/Src/main.o
 .debug_macro   0x000000000001e736       0x6d ./Core/Src/main.o
 .debug_macro   0x000000000001e7a3     0x38e6 ./Core/Src/main.o
 .debug_macro   0x0000000000022089      0x174 ./Core/Src/main.o
 .debug_macro   0x00000000000221fd       0x5c ./Core/Src/main.o
 .debug_macro   0x0000000000022259     0x187d ./Core/Src/main.o
 .debug_macro   0x0000000000023ad6      0x773 ./Core/Src/main.o
 .debug_macro   0x0000000000024249      0x1b9 ./Core/Src/main.o
 .debug_macro   0x0000000000024402      0x202 ./Core/Src/main.o
 .debug_macro   0x0000000000024604      0x26b ./Core/Src/main.o
 .debug_macro   0x000000000002486f      0x23d ./Core/Src/main.o
 .debug_macro   0x0000000000024aac      0x241 ./Core/Src/main.o
 .debug_macro   0x0000000000024ced      0x3ad ./Core/Src/main.o
 .debug_macro   0x000000000002509a       0xe4 ./Core/Src/main.o
 .debug_macro   0x000000000002517e      0x209 ./Core/Src/main.o
 .debug_macro   0x0000000000025387       0x7d ./Core/Src/main.o
 .debug_macro   0x0000000000025404      0x122 ./Core/Src/main.o
 .debug_macro   0x0000000000025526      0x3ef ./Core/Src/main.o
 .debug_macro   0x0000000000025915      0x2fe ./Core/Src/main.o
 .debug_macro   0x0000000000025c13      0x5cf ./Core/Src/main.o
 .debug_macro   0x00000000000261e2       0x44 ./Core/Src/main.o
 .debug_macro   0x0000000000026226      0x433 ./Core/Src/main.o
 .debug_macro   0x0000000000026659       0xf4 ./Core/Src/main.o
 .debug_macro   0x000000000002674d      0x1e9 ./Core/Src/stm32l4xx_hal_msp.o
 .debug_macro   0x0000000000026936      0x1f3 ./Core/Src/stm32l4xx_it.o
 .debug_macro   0x0000000000026b29       0xff ./Core/Src/sysmem.o
 .debug_macro   0x0000000000026c28      0x23c ./Core/Src/sysmem.o
 .debug_macro   0x0000000000026e64      0x1da ./Core/Src/system_stm32l4xx.o
 .debug_macro   0x000000000002703e      0x228 ./Drivers/STM32L4xx_HAL_Driver/stm32l4xx_hal.o
 .debug_macro   0x0000000000027266      0x1da ./Drivers/STM32L4xx_HAL_Driver/stm32l4xx_hal_cortex.o
 .debug_macro   0x0000000000027440      0x1da ./Drivers/STM32L4xx_HAL_Driver/stm32l4xx_hal_dma.o
 .debug_macro   0x000000000002761a      0x1e1 ./Drivers/STM32L4xx_HAL_Driver/stm32l4xx_hal_gpio.o
 .debug_macro   0x00000000000277fb      0x1da ./Drivers/STM32L4xx_HAL_Driver/stm32l4xx_hal_hcd.o
 .debug_macro   0x00000000000279d5      0x1f2 ./Drivers/STM32L4xx_HAL_Driver/stm32l4xx_hal_pwr.o
 .debug_macro   0x0000000000027bc7      0x204 ./Drivers/STM32L4xx_HAL_Driver/stm32l4xx_hal_pwr_ex.o
 .debug_macro   0x0000000000027dcb      0x21c ./Drivers/STM32L4xx_HAL_Driver/stm32l4xx_hal_rcc.o
 .debug_macro   0x0000000000027fe7      0x210 ./Drivers/STM32L4xx_HAL_Driver/stm32l4xx_hal_rcc_ex.o
 .debug_macro   0x00000000000281f7      0x1e2 ./Drivers/STM32L4xx_HAL_Driver/stm32l4xx_hal_spi.o
 .debug_macro   0x00000000000283d9      0x205 ./Drivers/STM32L4xx_HAL_Driver/stm32l4xx_hal_uart.o
 .debug_macro   0x00000000000285de      0x1da ./Drivers/STM32L4xx_HAL_Driver/stm32l4xx_ll_usb.o
 .debug_macro   0x00000000000287b8      0x37b ./Middlewares/USB_Host_Library/usbh_audio.o
 .debug_macro   0x0000000000028b33       0x16 ./Middlewares/USB_Host_Library/usbh_audio.o
 .debug_macro   0x0000000000028b49       0x97 ./Middlewares/USB_Host_Library/usbh_audio.o
 .debug_macro   0x0000000000028be0       0xfd ./Middlewares/USB_Host_Library/usbh_audio.o
 .debug_macro   0x0000000000028cdd       0x16 ./Middlewares/USB_Host_Library/usbh_audio.o
 .debug_macro   0x0000000000028cf3       0x16 ./Middlewares/USB_Host_Library/usbh_audio.o
 .debug_macro   0x0000000000028d09       0x20 ./Middlewares/USB_Host_Library/usbh_audio.o
 .debug_macro   0x0000000000028d29       0x56 ./Middlewares/USB_Host_Library/usbh_audio.o
 .debug_macro   0x0000000000028d7f       0x73 ./Middlewares/USB_Host_Library/usbh_audio.o
 .debug_macro   0x0000000000028df2      0x233 ./Middlewares/USB_Host_Library/usbh_audio.o
 .debug_macro   0x0000000000029025       0x2e ./Middlewares/USB_Host_Library/usbh_audio.o
 .debug_macro   0x0000000000029053       0x2e ./Middlewares/USB_Host_Library/usbh_audio.o
 .debug_macro   0x0000000000029081       0x28 ./Middlewares/USB_Host_Library/usbh_audio.o
 .debug_macro   0x00000000000290a9      0x211 ./Middlewares/USB_Host_Library/usbh_audio.o
 .debug_macro   0x00000000000292ba      0x37e ./Middlewares/USB_Host_Library/usbh_core.o
 .debug_macro   0x0000000000029638      0x376 ./Middlewares/USB_Host_Library/usbh_ctlreq.o
 .debug_macro   0x00000000000299ae       0x28 ./Middlewares/USB_Host_Library/usbh_ctlreq.o
 .debug_macro   0x00000000000299d6      0x370 ./Middlewares/USB_Host_Library/usbh_ioreq.o
 .debug_macro   0x0000000000029d46      0x370 ./Middlewares/USB_Host_Library/usbh_pipes.o
 .debug_macro   0x000000000002a0b6      0x37f ./USB_HOST/App/usb_host.o
 .debug_macro   0x000000000002a435       0x61 ./USB_HOST/App/usb_host.o
 .debug_macro   0x000000000002a496       0xfa ./USB_HOST/App/usb_host.o
 .debug_macro   0x000000000002a590      0x217 ./USB_HOST/App/usb_host.o
 .debug_macro   0x000000000002a7a7      0x380 ./USB_HOST/Target/usbh_conf.o
 .debug_macro   0x000000000002ab27      0x1ee ./USB_HOST/Target/usbh_platform.o

.debug_line     0x0000000000000000    0x1a499