../Core/Src/main.c:78:5:main	8	static
../Core/Src/main.c:131:6:SystemClock_Config	96	static
../Core/Src/main.c:192:13:MX_LPUART1_UART_Init	8	static
../Core/Src/main.c:226:13:MX_USART1_UART_Init	8	static
../Core/Src/main.c:261:13:MX_SPI1_Init	8	static
../Core/Src/main.c:301:13:MX_TIM17_Init	8	static
../Core/Src/main.c:333:13:MX_GPIO_Init	48	static
../Core/Src/main.c:388:6:us_wait	24	static
../Core/Src/main.c:404:6:ms_wait	24	static
../Core/Src/main.c:425:6:Error_Handler	4	static,ignoring_inline_asm
