../Core/Src/main.c:75:5:main	8	static
../Core/Src/main.c:128:6:SystemClock_Config	96	static
../Core/Src/main.c:179:13:MX_LPUART1_UART_Init	8	static
../Core/Src/main.c:213:13:MX_USART2_UART_Init	8	static
../Core/Src/main.c:248:13:MX_SPI1_Init	8	static
../Core/Src/main.c:288:13:MX_TIM17_Init	8	static
../Core/Src/main.c:320:13:MX_GPIO_Init	48	static
../Core/Src/main.c:393:6:us_wait	24	static
../Core/Src/main.c:409:6:ms_wait	24	static
../Core/Src/main.c:430:6:Error_Handler	4	static,ignoring_inline_asm
